Archive member included to satisfy reference by file (symbol)

c:/st/stm32cubeide_1.3.0/stm32cubeide/plugins/com.st.stm32cube.ide.mcu.externaltools.gnu-tools-for-stm32.7-2018-q2-update.win32_1.4.0.202007081208/tools/bin/../lib/gcc/arm-none-eabi/7.3.1/../../../../arm-none-eabi/lib/thumb/v7e-m/fpv4-sp/hard\libc_nano.a(lib_a-errno.o)
                              Core/Src/syscalls.o (__errno)
c:/st/stm32cubeide_1.3.0/stm32cubeide/plugins/com.st.stm32cube.ide.mcu.externaltools.gnu-tools-for-stm32.7-2018-q2-update.win32_1.4.0.202007081208/tools/bin/../lib/gcc/arm-none-eabi/7.3.1/../../../../arm-none-eabi/lib/thumb/v7e-m/fpv4-sp/hard\libc_nano.a(lib_a-exit.o)
                              c:/st/stm32cubeide_1.3.0/stm32cubeide/plugins/com.st.stm32cube.ide.mcu.externaltools.gnu-tools-for-stm32.7-2018-q2-update.win32_1.4.0.202007081208/tools/bin/../lib/gcc/arm-none-eabi/7.3.1/../../../../arm-none-eabi/lib/thumb/v7e-m/fpv4-sp/hard/crt0.o (exit)
c:/st/stm32cubeide_1.3.0/stm32cubeide/plugins/com.st.stm32cube.ide.mcu.externaltools.gnu-tools-for-stm32.7-2018-q2-update.win32_1.4.0.202007081208/tools/bin/../lib/gcc/arm-none-eabi/7.3.1/../../../../arm-none-eabi/lib/thumb/v7e-m/fpv4-sp/hard\libc_nano.a(lib_a-impure.o)
                              c:/st/stm32cubeide_1.3.0/stm32cubeide/plugins/com.st.stm32cube.ide.mcu.externaltools.gnu-tools-for-stm32.7-2018-q2-update.win32_1.4.0.202007081208/tools/bin/../lib/gcc/arm-none-eabi/7.3.1/../../../../arm-none-eabi/lib/thumb/v7e-m/fpv4-sp/hard\libc_nano.a(lib_a-exit.o) (_global_impure_ptr)
c:/st/stm32cubeide_1.3.0/stm32cubeide/plugins/com.st.stm32cube.ide.mcu.externaltools.gnu-tools-for-stm32.7-2018-q2-update.win32_1.4.0.202007081208/tools/bin/../lib/gcc/arm-none-eabi/7.3.1/../../../../arm-none-eabi/lib/thumb/v7e-m/fpv4-sp/hard\libc_nano.a(lib_a-init.o)
                              c:/st/stm32cubeide_1.3.0/stm32cubeide/plugins/com.st.stm32cube.ide.mcu.externaltools.gnu-tools-for-stm32.7-2018-q2-update.win32_1.4.0.202007081208/tools/bin/../lib/gcc/arm-none-eabi/7.3.1/../../../../arm-none-eabi/lib/thumb/v7e-m/fpv4-sp/hard/crt0.o (__libc_init_array)
c:/st/stm32cubeide_1.3.0/stm32cubeide/plugins/com.st.stm32cube.ide.mcu.externaltools.gnu-tools-for-stm32.7-2018-q2-update.win32_1.4.0.202007081208/tools/bin/../lib/gcc/arm-none-eabi/7.3.1/../../../../arm-none-eabi/lib/thumb/v7e-m/fpv4-sp/hard\libc_nano.a(lib_a-memset.o)
                              c:/st/stm32cubeide_1.3.0/stm32cubeide/plugins/com.st.stm32cube.ide.mcu.externaltools.gnu-tools-for-stm32.7-2018-q2-update.win32_1.4.0.202007081208/tools/bin/../lib/gcc/arm-none-eabi/7.3.1/../../../../arm-none-eabi/lib/thumb/v7e-m/fpv4-sp/hard/crt0.o (memset)
c:/st/stm32cubeide_1.3.0/stm32cubeide/plugins/com.st.stm32cube.ide.mcu.externaltools.gnu-tools-for-stm32.7-2018-q2-update.win32_1.4.0.202007081208/tools/bin/../lib/gcc/arm-none-eabi/7.3.1/../../../../arm-none-eabi/lib/thumb/v7e-m/fpv4-sp/hard\libm.a(lib_a-s_atan.o)
                              Core/Src/Accelerometer.o (atan)
c:/st/stm32cubeide_1.3.0/stm32cubeide/plugins/com.st.stm32cube.ide.mcu.externaltools.gnu-tools-for-stm32.7-2018-q2-update.win32_1.4.0.202007081208/tools/bin/../lib/gcc/arm-none-eabi/7.3.1/../../../../arm-none-eabi/lib/thumb/v7e-m/fpv4-sp/hard\libm.a(lib_a-s_fabs.o)
                              c:/st/stm32cubeide_1.3.0/stm32cubeide/plugins/com.st.stm32cube.ide.mcu.externaltools.gnu-tools-for-stm32.7-2018-q2-update.win32_1.4.0.202007081208/tools/bin/../lib/gcc/arm-none-eabi/7.3.1/../../../../arm-none-eabi/lib/thumb/v7e-m/fpv4-sp/hard\libm.a(lib_a-s_atan.o) (fabs)
c:/st/stm32cubeide_1.3.0/stm32cubeide/plugins/com.st.stm32cube.ide.mcu.externaltools.gnu-tools-for-stm32.7-2018-q2-update.win32_1.4.0.202007081208/tools/bin/../lib/gcc/arm-none-eabi/7.3.1/../../../../arm-none-eabi/lib/thumb/v7e-m/fpv4-sp/hard\libm.a(lib_a-w_sqrt.o)
                              Core/Src/Accelerometer.o (sqrt)
c:/st/stm32cubeide_1.3.0/stm32cubeide/plugins/com.st.stm32cube.ide.mcu.externaltools.gnu-tools-for-stm32.7-2018-q2-update.win32_1.4.0.202007081208/tools/bin/../lib/gcc/arm-none-eabi/7.3.1/../../../../arm-none-eabi/lib/thumb/v7e-m/fpv4-sp/hard\libm.a(lib_a-e_sqrt.o)
                              c:/st/stm32cubeide_1.3.0/stm32cubeide/plugins/com.st.stm32cube.ide.mcu.externaltools.gnu-tools-for-stm32.7-2018-q2-update.win32_1.4.0.202007081208/tools/bin/../lib/gcc/arm-none-eabi/7.3.1/../../../../arm-none-eabi/lib/thumb/v7e-m/fpv4-sp/hard\libm.a(lib_a-w_sqrt.o) (__ieee754_sqrt)
c:/st/stm32cubeide_1.3.0/stm32cubeide/plugins/com.st.stm32cube.ide.mcu.externaltools.gnu-tools-for-stm32.7-2018-q2-update.win32_1.4.0.202007081208/tools/bin/../lib/gcc/arm-none-eabi/7.3.1/../../../../arm-none-eabi/lib/thumb/v7e-m/fpv4-sp/hard\libm.a(lib_a-s_lib_ver.o)
[...]
Memory Configuration

Name             Origin             Length             Attributes
CCMRAM           0x0000000010000000 0x0000000000010000 xrw
RAM              0x0000000020000000 0x0000000000020000 xrw
FLASH            0x0000000008000000 0x0000000000100000 xr
*default*        0x0000000000000000 0xffffffffffffffff

Linker script and memory map

LOAD c:/st/stm32cubeide_1.3.0/stm32cubeide/plugins/com.st.stm32cube.ide.mcu.externaltools.gnu-tools-for-stm32.7-2018-q2-update.win32_1.4.0.202007081208/tools/bin/../lib/gcc/arm-none-eabi/7.3.1/thumb/v7e-m/fpv4-sp/hard/crti.o
LOAD c:/st/stm32cubeide_1.3.0/stm32cubeide/plugins/com.st.stm32cube.ide.mcu.externaltools.gnu-tools-for-stm32.7-2018-q2-update.win32_1.4.0.202007081208/tools/bin/../lib/gcc/arm-none-eabi/7.3.1/thumb/v7e-m/fpv4-sp/hard/crtbegin.o
LOAD c:/st/stm32cubeide_1.3.0/stm32cubeide/plugins/com.st.stm32cube.ide.mcu.externaltools.gnu-tools-for-stm32.7-2018-q2-update.win32_1.4.0.202007081208/tools/bin/../lib/gcc/arm-none-eabi/7.3.1/../../../../arm-none-eabi/lib/thumb/v7e-m/fpv4-sp/hard/crt0.o
LOAD Core/Src/Accelerometer.o
LOAD Core/Src/Angular_Position.o
LOAD Core/Src/Delay.o
LOAD Core/Src/Gyroscope.o
LOAD Core/Src/On_Board_Leds.o
LOAD Core/Src/Pwm.o
LOAD Core/Src/Remote_Controls.o
LOAD Core/Src/main.o
LOAD Core/Src/stm32f4xx_hal_msp.o
LOAD Core/Src/stm32f4xx_it.o
LOAD Core/Src/syscalls.o
LOAD Core/Src/sysmem.o
LOAD Core/Src/system_stm32f4xx.o
LOAD Core/Startup/startup_stm32f407vgtx.o
LOAD Drivers/STM32F4xx_HAL_Driver/Src/stm32f4xx_hal.o
LOAD Drivers/STM32F4xx_HAL_Driver/Src/stm32f4xx_hal_cortex.o
LOAD Drivers/STM32F4xx_HAL_Driver/Src/stm32f4xx_hal_dma.o
LOAD Drivers/STM32F4xx_HAL_Driver/Src/stm32f4xx_hal_dma_ex.o
LOAD Drivers/STM32F4xx_HAL_Driver/Src/stm32f4xx_hal_exti.o
LOAD Drivers/STM32F4xx_HAL_Driver/Src/stm32f4xx_hal_flash.o
LOAD Drivers/STM32F4xx_HAL_Driver/Src/stm32f4xx_hal_flash_ex.o
LOAD Drivers/STM32F4xx_HAL_Driver/Src/stm32f4xx_hal_flash_ramfunc.o
LOAD Drivers/STM32F4xx_HAL_Driver/Src/stm32f4xx_hal_gpio.o
LOAD Drivers/STM32F4xx_HAL_Driver/Src/stm32f4xx_hal_i2c.o
LOAD Drivers/STM32F4xx_HAL_Driver/Src/stm32f4xx_hal_i2c_ex.o
LOAD Drivers/STM32F4xx_HAL_Driver/Src/stm32f4xx_hal_pwr.o
LOAD Drivers/STM32F4xx_HAL_Driver/Src/stm32f4xx_hal_pwr_ex.o
LOAD Drivers/STM32F4xx_HAL_Driver/Src/stm32f4xx_hal_rcc.o
LOAD Drivers/STM32F4xx_HAL_Driver/Src/stm32f4xx_hal_rcc_ex.o
LOAD Drivers/STM32F4xx_HAL_Driver/Src/stm32f4xx_hal_tim.o
LOAD Drivers/STM32F4xx_HAL_Driver/Src/stm32f4xx_hal_tim_ex.o
LOAD Drivers/STM32F4xx_HAL_Driver/Src/stm32f4xx_hal_uart.o
START GROUP
LOAD c:/st/stm32cubeide_1.3.0/stm32cubeide/plugins/com.st.stm32cube.ide.mcu.externaltools.gnu-tools-for-stm32.7-2018-q2-update.win32_1.4.0.202007081208/tools/bin/../lib/gcc/arm-none-eabi/7.3.1/../../../../arm-none-eabi/lib/thumb/v7e-m/fpv4-sp/hard\libc_nano.a
LOAD c:/st/stm32cubeide_1.3.0/stm32cubeide/plugins/com.st.stm32cube.ide.mcu.externaltools.gnu-tools-for-stm32.7-2018-q2-update.win32_1.4.0.202007081208/tools/bin/../lib/gcc/arm-none-eabi/7.3.1/../../../../arm-none-eabi/lib/thumb/v7e-m/fpv4-sp/hard\libm.a
END GROUP
START GROUP
LOAD c:/st/stm32cubeide_1.3.0/stm32cubeide/plugins/com.st.stm32cube.ide.mcu.externaltools.gnu-tools-for-stm32.7-2018-q2-update.win32_1.4.0.202007081208/tools/bin/../lib/gcc/arm-none-eabi/7.3.1/thumb/v7e-m/fpv4-sp/hard\libgcc.a
LOAD c:/st/stm32cubeide_1.3.0/stm32cubeide/plugins/com.st.stm32cube.ide.mcu.externaltools.gnu-tools-for-stm32.7-2018-q2-update.win32_1.4.0.202007081208/tools/bin/../lib/gcc/arm-none-eabi/7.3.1/../../../../arm-none-eabi/lib/thumb/v7e-m/fpv4-sp/hard\libc_nano.a
END GROUP
START GROUP
LOAD c:/st/stm32cubeide_1.3.0/stm32cubeide/plugins/com.st.stm32cube.ide.mcu.externaltools.gnu-tools-for-stm32.7-2018-q2-update.win32_1.4.0.202007081208/tools/bin/../lib/gcc/arm-none-eabi/7.3.1/thumb/v7e-m/fpv4-sp/hard\libgcc.a
LOAD c:/st/stm32cubeide_1.3.0/stm32cubeide/plugins/com.st.stm32cube.ide.mcu.externaltools.gnu-tools-for-stm32.7-2018-q2-update.win32_1.4.0.202007081208/tools/bin/../lib/gcc/arm-none-eabi/7.3.1/../../../../arm-none-eabi/lib/thumb/v7e-m/fpv4-sp/hard\libc_nano.a
LOAD c:/st/stm32cubeide_1.3.0/stm32cubeide/plugins/com.st.stm32cube.ide.mcu.externaltools.gnu-tools-for-stm32.7-2018-q2-update.win32_1.4.0.202007081208/tools/bin/../lib/gcc/arm-none-eabi/7.3.1/../../../../arm-none-eabi/lib/thumb/v7e-m/fpv4-sp/hard\libnosys.a
END GROUP
START GROUP
LOAD c:/st/stm32cubeide_1.3.0/stm32cubeide/plugins/com.st.stm32cube.ide.mcu.externaltools.gnu-tools-for-stm32.7-2018-q2-update.win32_1.4.0.202007081208/tools/bin/../lib/gcc/arm-none-eabi/7.3.1/thumb/v7e-m/fpv4-sp/hard\libgcc.a
LOAD c:/st/stm32cubeide_1.3.0/stm32cubeide/plugins/com.st.stm32cube.ide.mcu.externaltools.gnu-tools-for-stm32.7-2018-q2-update.win32_1.4.0.202007081208/tools/bin/../lib/gcc/arm-none-eabi/7.3.1/../../../../arm-none-eabi/lib/thumb/v7e-m/fpv4-sp/hard\libc_nano.a
LOAD c:/st/stm32cubeide_1.3.0/stm32cubeide/plugins/com.st.stm32cube.ide.mcu.externaltools.gnu-tools-for-stm32.7-2018-q2-update.win32_1.4.0.202007081208/tools/bin/../lib/gcc/arm-none-eabi/7.3.1/../../../../arm-none-eabi/lib/thumb/v7e-m/fpv4-sp/hard\libnosys.a
END GROUP
LOAD c:/st/stm32cubeide_1.3.0/stm32cubeide/plugins/com.st.stm32cube.ide.mcu.externaltools.gnu-tools-for-stm32.7-2018-q2-update.win32_1.4.0.202007081208/tools/bin/../lib/gcc/arm-none-eabi/7.3.1/thumb/v7e-m/fpv4-sp/hard/crtend.o
LOAD c:/st/stm32cubeide_1.3.0/stm32cubeide/plugins/com.st.stm32cube.ide.mcu.externaltools.gnu-tools-for-stm32.7-2018-q2-update.win32_1.4.0.202007081208/tools/bin/../lib/gcc/arm-none-eabi/7.3.1/thumb/v7e-m/fpv4-sp/hard/crtn.o
                0x0000000020020000                _estack = (ORIGIN (RAM) + LENGTH (RAM))
                0x0000000000000200                _Min_Heap_Size = 0x200
                0x0000000000000400                _Min_Stack_Size = 0x400

.isr_vector     0x0000000008000000      0x188
                0x0000000008000000                . = ALIGN (0x4)
 *(.isr_vector)
 .isr_vector    0x0000000008000000      0x188 Core/Startup/startup_stm32f407vgtx.o
                0x0000000008000000                g_pfnVectors
                0x0000000008000188                . = ALIGN (0x4)

.text           0x0000000008000188     0x6edc
                0x0000000008000188                . = ALIGN (0x4)
 *(.text)
 .text          0x0000000008000188       0x40 c:/st/stm32cubeide_1.3.0/stm32cubeide/plugins/com.st.stm32cube.ide.mcu.externaltools.gnu-tools-for-stm32.7-2018-q2-update.win32_1.4.0.202007081208/tools/bin/../lib/gcc/arm-none-eabi/7.3.1/thumb/v7e-m/fpv4-sp/hard/crtbegin.o
 .text          0x00000000080001c8      0x378 c:/st/stm32cubeide_1.3.0/stm32cubeide/plugins/com.st.stm32cube.ide.mcu.externaltools.gnu-tools-for-stm32.7-2018-q2-update.win32_1.4.0.202007081208/tools/bin/../lib/gcc/arm-none-eabi/7.3.1/thumb/v7e-m/fpv4-sp/hard\libgcc.a(_arm_addsubdf3.o)
                0x00000000080001c8                __aeabi_drsub
                0x00000000080001d0                __aeabi_dsub
                0x00000000080001d0                __subdf3
                0x00000000080001d4                __aeabi_dadd
                0x00000000080001d4                __adddf3
                0x000000000800044c                __floatunsidf
                0x000000000800044c                __aeabi_ui2d
                0x000000000800046c                __floatsidf
                0x000000000800046c                __aeabi_i2d
                0x0000000008000490                __aeabi_f2d
                0x0000000008000490                __extendsfdf2
                0x00000000080004d4                __floatundidf
                0x00000000080004d4                __aeabi_ul2d
                0x00000000080004e4                __floatdidf
                0x00000000080004e4                __aeabi_l2d
 .text          0x0000000008000540      0x424 c:/st/stm32cubeide_1.3.0/stm32cubeide/plugins/com.st.stm32cube.ide.mcu.externaltools.gnu-tools-for-stm32.7-2018-q2-update.win32_1.4.0.202007081208/tools/bin/../lib/gcc/arm-none-eabi/7.3.1/thumb/v7e-m/fpv4-sp/hard\libgcc.a(_arm_muldivdf3.o)
                0x0000000008000540                __aeabi_dmul
                0x0000000008000540                __muldf3
                0x0000000008000794                __divdf3
                0x0000000008000794                __aeabi_ddiv
 .text          0x0000000008000964      0x110 c:/st/stm32cubeide_1.3.0/stm32cubeide/plugins/com.st.stm32cube.ide.mcu.externaltools.gnu-tools-for-stm32.7-2018-q2-update.win32_1.4.0.202007081208/tools/bin/../lib/gcc/arm-none-eabi/7.3.1/thumb/v7e-m/fpv4-sp/hard\libgcc.a(_arm_cmpdf2.o)
                0x0000000008000964                __gtdf2
                0x0000000008000964                __gedf2
                0x000000000800096c                __ltdf2
                0x000000000800096c                __ledf2
                0x0000000008000974                __nedf2
                0x0000000008000974                __eqdf2
                0x0000000008000974                __cmpdf2
                0x00000000080009f0                __aeabi_cdrcmple
                0x0000000008000a00                __aeabi_cdcmpeq
                0x0000000008000a00                __aeabi_cdcmple
                0x0000000008000a10                __aeabi_dcmpeq
                0x0000000008000a24                __aeabi_dcmplt
                0x0000000008000a38                __aeabi_dcmple
                0x0000000008000a4c                __aeabi_dcmpge
                0x0000000008000a60                __aeabi_dcmpgt
 .text          0x0000000008000a74       0x2c c:/st/stm32cubeide_1.3.0/stm32cubeide/plugins/com.st.stm32cube.ide.mcu.externaltools.gnu-tools-for-stm32.7-2018-q2-update.win32_1.4.0.202007081208/tools/bin/../lib/gcc/arm-none-eabi/7.3.1/thumb/v7e-m/fpv4-sp/hard\libgcc.a(_arm_unorddf2.o)
                0x0000000008000a74                __unorddf2
                0x0000000008000a74                __aeabi_dcmpun
 .text          0x0000000008000aa0       0xa0 c:/st/stm32cubeide_1.3.0/stm32cubeide/plugins/com.st.stm32cube.ide.mcu.externaltools.gnu-tools-for-stm32.7-2018-q2-update.win32_1.4.0.202007081208/tools/bin/../lib/gcc/arm-none-eabi/7.3.1/thumb/v7e-m/fpv4-sp/hard\libgcc.a(_arm_truncdfsf2.o)
                0x0000000008000aa0                __truncdfsf2
                0x0000000008000aa0                __aeabi_d2f
 .text          0x0000000008000b40       0x30 c:/st/stm32cubeide_1.3.0/stm32cubeide/plugins/com.st.stm32cube.ide.mcu.externaltools.gnu-tools-for-stm32.7-2018-q2-update.win32_1.4.0.202007081208/tools/bin/../lib/gcc/arm-none-eabi/7.3.1/thumb/v7e-m/fpv4-sp/hard\libgcc.a(_aeabi_uldivmod.o)
                0x0000000008000b40                __aeabi_uldivmod
 .text          0x0000000008000b70      0x2cc c:/st/stm32cubeide_1.3.0/stm32cubeide/plugins/com.st.stm32cube.ide.mcu.externaltools.gnu-tools-for-stm32.7-2018-q2-update.win32_1.4.0.202007081208/tools/bin/../lib/gcc/arm-none-eabi/7.3.1/thumb/v7e-m/fpv4-sp/hard\libgcc.a(_udivmoddi4.o)
                0x0000000008000b70                __udivmoddi4
 .text          0x0000000008000e3c        0x4 c:/st/stm32cubeide_1.3.0/stm32cubeide/plugins/com.st.stm32cube.ide.mcu.externaltools.gnu-tools-for-stm32.7-2018-q2-update.win32_1.4.0.202007081208/tools/bin/../lib/gcc/arm-none-eabi/7.3.1/thumb/v7e-m/fpv4-sp/hard\libgcc.a(_dvmd_tls.o)
                0x0000000008000e3c                __aeabi_idiv0
                0x0000000008000e3c                __aeabi_ldiv0
 *(.text*)
 .text.i2c_write_accelerometer
                0x0000000008000e40       0x3c Core/Src/Accelerometer.o
                0x0000000008000e40                i2c_write_accelerometer
 .text.i2c_read_accelerometer
                0x0000000008000e7c       0x40 Core/Src/Accelerometer.o
                0x0000000008000e7c                i2c_read_accelerometer
 .text.InitialiseAccelerometer
                0x0000000008000ebc       0x7c Core/Src/Accelerometer.o
                0x0000000008000ebc                InitialiseAccelerometer
 .text.ReadAccelerometer
                0x0000000008000f38      0x2e0 Core/Src/Accelerometer.o
                0x0000000008000f38                ReadAccelerometer
 .text.InitialiseAngularPosition
                0x0000000008001218       0x38 Core/Src/Angular_Position.o
                0x0000000008001218                InitialiseAngularPosition
 .text.ReadAngularPosition
                0x0000000008001250       0x70 Core/Src/Angular_Position.o
                0x0000000008001250                ReadAngularPosition
 .text.EnableTiming
                0x00000000080012c0       0x54 Core/Src/Delay.o
                0x00000000080012c0                EnableTiming
 .text.TimingDelay
                0x0000000008001314       0x34 Core/Src/Delay.o
                0x0000000008001314                TimingDelay
 .text.WaitAFewMillis
                0x0000000008001348       0x28 Core/Src/Delay.o
                0x0000000008001348                WaitAFewMillis
 .text.i2c_write_gyroscope
                0x0000000008001370       0x3c Core/Src/Gyroscope.o
                0x0000000008001370                i2c_write_gyroscope
 .text.i2c_read_gyroscope
                0x00000000080013ac       0x40 Core/Src/Gyroscope.o
                0x00000000080013ac                i2c_read_gyroscope
 .text.InitialiseGyroscope
                0x00000000080013ec       0x80 Core/Src/Gyroscope.o
                0x00000000080013ec                InitialiseGyroscope
 .text.ReadGyroscope
                0x000000000800146c      0x18c Core/Src/Gyroscope.o
                0x000000000800146c                ReadGyroscope
 .text.InitialisePWM
                0x00000000080015f8       0xa8 Core/Src/Pwm.o
                0x00000000080015f8                InitialisePWM
 .text.SetTim3Channel1
                0x00000000080016a0       0x68 Core/Src/Pwm.o
                0x00000000080016a0                SetTim3Channel1
 .text.SetTim3Channel2
                0x0000000008001708       0x68 Core/Src/Pwm.o
                0x0000000008001708                SetTim3Channel2
 .text.SetTim3Channel3
                0x0000000008001770       0x68 Core/Src/Pwm.o
                0x0000000008001770                SetTim3Channel3
 .text.SetTim3Channel4
                0x00000000080017d8       0x68 Core/Src/Pwm.o
                0x00000000080017d8                SetTim3Channel4
 .text.UpdateTim3Channel1
                0x0000000008001840       0x2c Core/Src/Pwm.o
                0x0000000008001840                UpdateTim3Channel1
 .text.UpdateTim3Channel2
                0x000000000800186c       0x2c Core/Src/Pwm.o
                0x000000000800186c                UpdateTim3Channel2
 .text.UpdateTim3Channel3
                0x0000000008001898       0x2c Core/Src/Pwm.o
                0x0000000008001898                UpdateTim3Channel3
 .text.UpdateTim3Channel4
                0x00000000080018c4       0x2c Core/Src/Pwm.o
                0x00000000080018c4                UpdateTim3Channel4
 .text.ReadTim3Channel1Pulse
                0x00000000080018f0       0x1c Core/Src/Pwm.o
                0x00000000080018f0                ReadTim3Channel1Pulse
 .text.ReadTim3Channel2Pulse
                0x000000000800190c       0x1c Core/Src/Pwm.o
                0x000000000800190c                ReadTim3Channel2Pulse
 .text.ReadTim3Channel3Pulse
                0x0000000008001928       0x1c Core/Src/Pwm.o
                0x0000000008001928                ReadTim3Channel3Pulse
 .text.ReadTim3Channel4Pulse
                0x0000000008001944       0x1c Core/Src/Pwm.o
                0x0000000008001944                ReadTim3Channel4Pulse
 .text.InitialisePWMChannel
                0x0000000008001960       0xa4 Core/Src/Pwm.o
                0x0000000008001960                InitialisePWMChannel
 .text.InitialiseRemoteControls
                0x0000000008001a04       0xb8 Core/Src/Remote_Controls.o
                0x0000000008001a04                InitialiseRemoteControls
 .text.HAL_TIM_IC_CaptureCallback
                0x0000000008001abc      0x220 Core/Src/main.o
                0x0000000008001abc                HAL_TIM_IC_CaptureCallback
 .text.main     0x0000000008001cdc      0x10c Core/Src/main.o
                0x0000000008001cdc                main
 .text.SystemClock_Config
                0x0000000008001de8       0xd4 Core/Src/main.o
                0x0000000008001de8                SystemClock_Config
 .text.MX_I2C1_Init
                0x0000000008001ebc       0x5c Core/Src/main.o
 .text.MX_TIM2_Init
                0x0000000008001f18       0x98 Core/Src/main.o
 .text.MX_TIM3_Init
                0x0000000008001fb0      0x130 Core/Src/main.o
 .text.MX_TIM4_Init
                0x00000000080020e0      0x10c Core/Src/main.o
 .text.MX_TIM5_Init
                0x00000000080021ec      0x10c Core/Src/main.o
 .text.MX_TIM9_Init
                0x00000000080022f8       0xe4 Core/Src/main.o
 .text.MX_TIM12_Init
                0x00000000080023dc       0xe4 Core/Src/main.o
 .text.MX_UART4_Init
                0x00000000080024c0       0x54 Core/Src/main.o
 .text.MX_GPIO_Init
                0x0000000008002514       0xf8 Core/Src/main.o
 .text.Error_Handler
                0x000000000800260c        0xe Core/Src/main.o
                0x000000000800260c                Error_Handler
 *fill*         0x000000000800261a        0x2 
 .text.HAL_MspInit
                0x000000000800261c       0x50 Core/Src/stm32f4xx_hal_msp.o
                0x000000000800261c                HAL_MspInit
 .text.HAL_I2C_MspInit
                0x000000000800266c       0x90 Core/Src/stm32f4xx_hal_msp.o
                0x000000000800266c                HAL_I2C_MspInit
 .text.HAL_TIM_Base_MspInit
                0x00000000080026fc      0x274 Core/Src/stm32f4xx_hal_msp.o
                0x00000000080026fc                HAL_TIM_Base_MspInit
 .text.HAL_TIM_MspPostInit
                0x0000000008002970       0xb4 Core/Src/stm32f4xx_hal_msp.o
                0x0000000008002970                HAL_TIM_MspPostInit
 .text.HAL_UART_MspInit
                0x0000000008002a24       0x90 Core/Src/stm32f4xx_hal_msp.o
                0x0000000008002a24                HAL_UART_MspInit
 .text.NMI_Handler
                0x0000000008002ab4        0xe Core/Src/stm32f4xx_it.o
                0x0000000008002ab4                NMI_Handler
 .text.HardFault_Handler
                0x0000000008002ac2        0x6 Core/Src/stm32f4xx_it.o
                0x0000000008002ac2                HardFault_Handler
 .text.MemManage_Handler
                0x0000000008002ac8        0x6 Core/Src/stm32f4xx_it.o
                0x0000000008002ac8                MemManage_Handler
 .text.BusFault_Handler
                0x0000000008002ace        0x6 Core/Src/stm32f4xx_it.o
                0x0000000008002ace                BusFault_Handler
 .text.UsageFault_Handler
                0x0000000008002ad4        0x6 Core/Src/stm32f4xx_it.o
                0x0000000008002ad4                UsageFault_Handler
 .text.SVC_Handler
                0x0000000008002ada        0xe Core/Src/stm32f4xx_it.o
                0x0000000008002ada                SVC_Handler
 .text.DebugMon_Handler
                0x0000000008002ae8        0xe Core/Src/stm32f4xx_it.o
                0x0000000008002ae8                DebugMon_Handler
 .text.PendSV_Handler
                0x0000000008002af6        0xe Core/Src/stm32f4xx_it.o
                0x0000000008002af6                PendSV_Handler
 .text.SysTick_Handler
                0x0000000008002b04        0xc Core/Src/stm32f4xx_it.o
                0x0000000008002b04                SysTick_Handler
 .text.TIM1_BRK_TIM9_IRQHandler
                0x0000000008002b10       0x14 Core/Src/stm32f4xx_it.o
                0x0000000008002b10                TIM1_BRK_TIM9_IRQHandler
 .text.TIM2_IRQHandler
                0x0000000008002b24       0x14 Core/Src/stm32f4xx_it.o
                0x0000000008002b24                TIM2_IRQHandler
 .text.TIM4_IRQHandler
                0x0000000008002b38       0x14 Core/Src/stm32f4xx_it.o
                0x0000000008002b38                TIM4_IRQHandler
 .text.TIM8_BRK_TIM12_IRQHandler
                0x0000000008002b4c       0x14 Core/Src/stm32f4xx_it.o
                0x0000000008002b4c                TIM8_BRK_TIM12_IRQHandler
 .text.TIM5_IRQHandler
                0x0000000008002b60       0x14 Core/Src/stm32f4xx_it.o
                0x0000000008002b60                TIM5_IRQHandler
 .text.SystemInit
                0x0000000008002b74       0x2c Core/Src/system_stm32f4xx.o
                0x0000000008002b74                SystemInit
 .text.Reset_Handler
                0x0000000008002ba0       0x50 Core/Startup/startup_stm32f407vgtx.o
                0x0000000008002ba0                Reset_Handler
 .text.Default_Handler
                0x0000000008002bf0        0x2 Core/Startup/startup_stm32f407vgtx.o
                0x0000000008002bf0                RTC_Alarm_IRQHandler
                0x0000000008002bf0                HASH_RNG_IRQHandler
                0x0000000008002bf0                EXTI2_IRQHandler
                0x0000000008002bf0                TIM8_CC_IRQHandler
                0x0000000008002bf0                TIM1_CC_IRQHandler
                0x0000000008002bf0                DMA2_Stream5_IRQHandler
                0x0000000008002bf0                DMA1_Stream5_IRQHandler
                0x0000000008002bf0                PVD_IRQHandler
                0x0000000008002bf0                SDIO_IRQHandler
                0x0000000008002bf0                TAMP_STAMP_IRQHandler
                0x0000000008002bf0                CAN2_RX1_IRQHandler
                0x0000000008002bf0                EXTI3_IRQHandler
                0x0000000008002bf0                TIM8_TRG_COM_TIM14_IRQHandler
                0x0000000008002bf0                TIM1_UP_TIM10_IRQHandler
                0x0000000008002bf0                TIM8_UP_TIM13_IRQHandler
                0x0000000008002bf0                I2C3_ER_IRQHandler
                0x0000000008002bf0                EXTI0_IRQHandler
                0x0000000008002bf0                I2C2_EV_IRQHandler
                0x0000000008002bf0                DMA1_Stream2_IRQHandler
                0x0000000008002bf0                CAN1_RX0_IRQHandler
                0x0000000008002bf0                FPU_IRQHandler
                0x0000000008002bf0                OTG_HS_WKUP_IRQHandler
                0x0000000008002bf0                CAN2_SCE_IRQHandler
                0x0000000008002bf0                DMA2_Stream2_IRQHandler
                0x0000000008002bf0                SPI1_IRQHandler
                0x0000000008002bf0                TIM6_DAC_IRQHandler
                0x0000000008002bf0                DCMI_IRQHandler
                0x0000000008002bf0                CAN2_RX0_IRQHandler
                0x0000000008002bf0                DMA2_Stream3_IRQHandler
                0x0000000008002bf0                USART6_IRQHandler
                0x0000000008002bf0                USART3_IRQHandler
                0x0000000008002bf0                CAN1_RX1_IRQHandler
                0x0000000008002bf0                UART5_IRQHandler
                0x0000000008002bf0                DMA2_Stream0_IRQHandler
                0x0000000008002bf0                I2C1_EV_IRQHandler
                0x0000000008002bf0                DMA1_Stream6_IRQHandler
                0x0000000008002bf0                DMA1_Stream1_IRQHandler
                0x0000000008002bf0                UART4_IRQHandler
                0x0000000008002bf0                TIM3_IRQHandler
                0x0000000008002bf0                RCC_IRQHandler
                0x0000000008002bf0                Default_Handler
                0x0000000008002bf0                EXTI15_10_IRQHandler
                0x0000000008002bf0                ADC_IRQHandler
                0x0000000008002bf0                DMA1_Stream7_IRQHandler
                0x0000000008002bf0                TIM7_IRQHandler
                0x0000000008002bf0                CAN2_TX_IRQHandler
                0x0000000008002bf0                DMA2_Stream7_IRQHandler
                0x0000000008002bf0                I2C3_EV_IRQHandler
                0x0000000008002bf0                EXTI9_5_IRQHandler
                0x0000000008002bf0                RTC_WKUP_IRQHandler
                0x0000000008002bf0                ETH_WKUP_IRQHandler
                0x0000000008002bf0                SPI2_IRQHandler
                0x0000000008002bf0                OTG_HS_EP1_IN_IRQHandler
                0x0000000008002bf0                DMA1_Stream0_IRQHandler
                0x0000000008002bf0                CAN1_TX_IRQHandler
                0x0000000008002bf0                EXTI4_IRQHandler
                0x0000000008002bf0                FSMC_IRQHandler
                0x0000000008002bf0                ETH_IRQHandler
                0x0000000008002bf0                OTG_HS_EP1_OUT_IRQHandler
                0x0000000008002bf0                WWDG_IRQHandler
                0x0000000008002bf0                OTG_FS_WKUP_IRQHandler
                0x0000000008002bf0                TIM1_TRG_COM_TIM11_IRQHandler
                0x0000000008002bf0                OTG_HS_IRQHandler
                0x0000000008002bf0                EXTI1_IRQHandler
                0x0000000008002bf0                USART2_IRQHandler
                0x0000000008002bf0                I2C2_ER_IRQHandler
                0x0000000008002bf0                DMA2_Stream1_IRQHandler
                0x0000000008002bf0                CAN1_SCE_IRQHandler
                0x0000000008002bf0                FLASH_IRQHandler
                0x0000000008002bf0                DMA2_Stream4_IRQHandler
                0x0000000008002bf0                USART1_IRQHandler
                0x0000000008002bf0                OTG_FS_IRQHandler
                0x0000000008002bf0                SPI3_IRQHandler
                0x0000000008002bf0                DMA1_Stream4_IRQHandler
                0x0000000008002bf0                I2C1_ER_IRQHandler
                0x0000000008002bf0                DMA2_Stream6_IRQHandler
                0x0000000008002bf0                DMA1_Stream3_IRQHandler
 *fill*         0x0000000008002bf2        0x2 
 .text.HAL_Init
                0x0000000008002bf4       0x44 Drivers/STM32F4xx_HAL_Driver/Src/stm32f4xx_hal.o
                0x0000000008002bf4                HAL_Init
 .text.HAL_InitTick
                0x0000000008002c38       0x60 Drivers/STM32F4xx_HAL_Driver/Src/stm32f4xx_hal.o
                0x0000000008002c38                HAL_InitTick
 .text.HAL_IncTick
                0x0000000008002c98       0x28 Drivers/STM32F4xx_HAL_Driver/Src/stm32f4xx_hal.o
                0x0000000008002c98                HAL_IncTick
 .text.HAL_GetTick
                0x0000000008002cc0       0x18 Drivers/STM32F4xx_HAL_Driver/Src/stm32f4xx_hal.o
                0x0000000008002cc0                HAL_GetTick
 .text.__NVIC_SetPriorityGrouping
                0x0000000008002cd8       0x48 Drivers/STM32F4xx_HAL_Driver/Src/stm32f4xx_hal_cortex.o
 .text.__NVIC_GetPriorityGrouping
                0x0000000008002d20       0x1c Drivers/STM32F4xx_HAL_Driver/Src/stm32f4xx_hal_cortex.o
 .text.__NVIC_EnableIRQ
                0x0000000008002d3c       0x3c Drivers/STM32F4xx_HAL_Driver/Src/stm32f4xx_hal_cortex.o
 .text.__NVIC_SetPriority
                0x0000000008002d78       0x54 Drivers/STM32F4xx_HAL_Driver/Src/stm32f4xx_hal_cortex.o
 .text.NVIC_EncodePriority
                0x0000000008002dcc       0x66 Drivers/STM32F4xx_HAL_Driver/Src/stm32f4xx_hal_cortex.o
 *fill*         0x0000000008002e32        0x2 
 .text.SysTick_Config
                0x0000000008002e34       0x44 Drivers/STM32F4xx_HAL_Driver/Src/stm32f4xx_hal_cortex.o
 .text.HAL_NVIC_SetPriorityGrouping
                0x0000000008002e78       0x16 Drivers/STM32F4xx_HAL_Driver/Src/stm32f4xx_hal_cortex.o
                0x0000000008002e78                HAL_NVIC_SetPriorityGrouping
 .text.HAL_NVIC_SetPriority
                0x0000000008002e8e       0x38 Drivers/STM32F4xx_HAL_Driver/Src/stm32f4xx_hal_cortex.o
                0x0000000008002e8e                HAL_NVIC_SetPriority
 .text.HAL_NVIC_EnableIRQ
                0x0000000008002ec6       0x1c Drivers/STM32F4xx_HAL_Driver/Src/stm32f4xx_hal_cortex.o
                0x0000000008002ec6                HAL_NVIC_EnableIRQ
 .text.HAL_SYSTICK_Config
                0x0000000008002ee2       0x18 Drivers/STM32F4xx_HAL_Driver/Src/stm32f4xx_hal_cortex.o
                0x0000000008002ee2                HAL_SYSTICK_Config
 *fill*         0x0000000008002efa        0x2 
 .text.HAL_GPIO_Init
                0x0000000008002efc      0x334 Drivers/STM32F4xx_HAL_Driver/Src/stm32f4xx_hal_gpio.o
                0x0000000008002efc                HAL_GPIO_Init
 .text.HAL_GPIO_WritePin
                0x0000000008003230       0x32 Drivers/STM32F4xx_HAL_Driver/Src/stm32f4xx_hal_gpio.o
                0x0000000008003230                HAL_GPIO_WritePin
 *fill*         0x0000000008003262        0x2 
 .text.HAL_I2C_Init
                0x0000000008003264      0x270 Drivers/STM32F4xx_HAL_Driver/Src/stm32f4xx_hal_i2c.o
                0x0000000008003264                HAL_I2C_Init
 .text.HAL_I2C_Master_Transmit
                0x00000000080034d4      0x1fc Drivers/STM32F4xx_HAL_Driver/Src/stm32f4xx_hal_i2c.o
                0x00000000080034d4                HAL_I2C_Master_Transmit
 .text.HAL_I2C_Mem_Read
                0x00000000080036d0      0x44c Drivers/STM32F4xx_HAL_Driver/Src/stm32f4xx_hal_i2c.o
                0x00000000080036d0                HAL_I2C_Mem_Read
 .text.I2C_MasterRequestWrite
                0x0000000008003b1c      0x104 Drivers/STM32F4xx_HAL_Driver/Src/stm32f4xx_hal_i2c.o
 .text.I2C_RequestMemoryRead
                0x0000000008003c20      0x1cc Drivers/STM32F4xx_HAL_Driver/Src/stm32f4xx_hal_i2c.o
 .text.I2C_WaitOnFlagUntilTimeout
                0x0000000008003dec       0xae Drivers/STM32F4xx_HAL_Driver/Src/stm32f4xx_hal_i2c.o
 .text.I2C_WaitOnMasterAddressFlagUntilTimeout
                0x0000000008003e9a       0xfe Drivers/STM32F4xx_HAL_Driver/Src/stm32f4xx_hal_i2c.o
 .text.I2C_WaitOnTXEFlagUntilTimeout
                0x0000000008003f98       0x82 Drivers/STM32F4xx_HAL_Driver/Src/stm32f4xx_hal_i2c.o
 .text.I2C_WaitOnBTFFlagUntilTimeout
                0x000000000800401a       0x82 Drivers/STM32F4xx_HAL_Driver/Src/stm32f4xx_hal_i2c.o
 .text.I2C_WaitOnRXNEFlagUntilTimeout
                0x000000000800409c       0xac Drivers/STM32F4xx_HAL_Driver/Src/stm32f4xx_hal_i2c.o
 .text.I2C_IsAcknowledgeFailed
                0x0000000008004148       0x5e Drivers/STM32F4xx_HAL_Driver/Src/stm32f4xx_hal_i2c.o
 *fill*         0x00000000080041a6        0x2 
 .text.HAL_RCC_OscConfig
                0x00000000080041a8      0x4e0 Drivers/STM32F4xx_HAL_Driver/Src/stm32f4xx_hal_rcc.o
                0x00000000080041a8                HAL_RCC_OscConfig
 .text.HAL_RCC_ClockConfig
                0x0000000008004688      0x1cc Drivers/STM32F4xx_HAL_Driver/Src/stm32f4xx_hal_rcc.o
                0x0000000008004688                HAL_RCC_ClockConfig
 .text.HAL_RCC_GetSysClockFreq
                0x0000000008004854      0x1b0 Drivers/STM32F4xx_HAL_Driver/Src/stm32f4xx_hal_rcc.o
                0x0000000008004854                HAL_RCC_GetSysClockFreq
 .text.HAL_RCC_GetHCLKFreq
                0x0000000008004a04       0x18 Drivers/STM32F4xx_HAL_Driver/Src/stm32f4xx_hal_rcc.o
                0x0000000008004a04                HAL_RCC_GetHCLKFreq
 .text.HAL_RCC_GetPCLK1Freq
                0x0000000008004a1c       0x28 Drivers/STM32F4xx_HAL_Driver/Src/stm32f4xx_hal_rcc.o
                0x0000000008004a1c                HAL_RCC_GetPCLK1Freq
 .text.HAL_RCC_GetPCLK2Freq
                0x0000000008004a44       0x28 Drivers/STM32F4xx_HAL_Driver/Src/stm32f4xx_hal_rcc.o
                0x0000000008004a44                HAL_RCC_GetPCLK2Freq
 .text.HAL_TIM_Base_Init
                0x0000000008004a6c       0x56 Drivers/STM32F4xx_HAL_Driver/Src/stm32f4xx_hal_tim.o
                0x0000000008004a6c                HAL_TIM_Base_Init
 .text.HAL_TIM_PWM_Init
                0x0000000008004ac2       0x56 Drivers/STM32F4xx_HAL_Driver/Src/stm32f4xx_hal_tim.o
                0x0000000008004ac2                HAL_TIM_PWM_Init
 .text.HAL_TIM_PWM_MspInit
                0x0000000008004b18       0x14 Drivers/STM32F4xx_HAL_Driver/Src/stm32f4xx_hal_tim.o
                0x0000000008004b18                HAL_TIM_PWM_MspInit
 .text.HAL_TIM_PWM_Start
                0x0000000008004b2c       0x7c Drivers/STM32F4xx_HAL_Driver/Src/stm32f4xx_hal_tim.o
                0x0000000008004b2c                HAL_TIM_PWM_Start
 .text.HAL_TIM_PWM_Stop
                0x0000000008004ba8       0xb0 Drivers/STM32F4xx_HAL_Driver/Src/stm32f4xx_hal_tim.o
                0x0000000008004ba8                HAL_TIM_PWM_Stop
 .text.HAL_TIM_IC_Init
                0x0000000008004c58       0x56 Drivers/STM32F4xx_HAL_Driver/Src/stm32f4xx_hal_tim.o
                0x0000000008004c58                HAL_TIM_IC_Init
 .text.HAL_TIM_IC_MspInit
                0x0000000008004cae       0x14 Drivers/STM32F4xx_HAL_Driver/Src/stm32f4xx_hal_tim.o
                0x0000000008004cae                HAL_TIM_IC_MspInit
 *fill*         0x0000000008004cc2        0x2 
 .text.HAL_TIM_IC_Start_IT
                0x0000000008004cc4       0xd0 Drivers/STM32F4xx_HAL_Driver/Src/stm32f4xx_hal_tim.o
                0x0000000008004cc4                HAL_TIM_IC_Start_IT
 .text.HAL_TIM_IRQHandler
                0x0000000008004d94      0x210 Drivers/STM32F4xx_HAL_Driver/Src/stm32f4xx_hal_tim.o
                0x0000000008004d94                HAL_TIM_IRQHandler
 .text.HAL_TIM_IC_ConfigChannel
                0x0000000008004fa4      0x138 Drivers/STM32F4xx_HAL_Driver/Src/stm32f4xx_hal_tim.o
                0x0000000008004fa4                HAL_TIM_IC_ConfigChannel
 .text.HAL_TIM_PWM_ConfigChannel
                0x00000000080050dc      0x18c Drivers/STM32F4xx_HAL_Driver/Src/stm32f4xx_hal_tim.o
                0x00000000080050dc                HAL_TIM_PWM_ConfigChannel
 .text.HAL_TIM_ConfigClockSource
                0x0000000008005268      0x16e Drivers/STM32F4xx_HAL_Driver/Src/stm32f4xx_hal_tim.o
                0x0000000008005268                HAL_TIM_ConfigClockSource
 .text.HAL_TIM_SlaveConfigSynchro
                0x00000000080053d6       0x84 Drivers/STM32F4xx_HAL_Driver/Src/stm32f4xx_hal_tim.o
                0x00000000080053d6                HAL_TIM_SlaveConfigSynchro
 *fill*         0x000000000800545a        0x2 
 .text.HAL_TIM_ReadCapturedValue
                0x000000000800545c       0x88 Drivers/STM32F4xx_HAL_Driver/Src/stm32f4xx_hal_tim.o
                0x000000000800545c                HAL_TIM_ReadCapturedValue
 .text.HAL_TIM_PeriodElapsedCallback
                0x00000000080054e4       0x14 Drivers/STM32F4xx_HAL_Driver/Src/stm32f4xx_hal_tim.o
                0x00000000080054e4                HAL_TIM_PeriodElapsedCallback
 .text.HAL_TIM_OC_DelayElapsedCallback
                0x00000000080054f8       0x14 Drivers/STM32F4xx_HAL_Driver/Src/stm32f4xx_hal_tim.o
                0x00000000080054f8                HAL_TIM_OC_DelayElapsedCallback
 .text.HAL_TIM_PWM_PulseFinishedCallback
                0x000000000800550c       0x14 Drivers/STM32F4xx_HAL_Driver/Src/stm32f4xx_hal_tim.o
                0x000000000800550c                HAL_TIM_PWM_PulseFinishedCallback
 .text.HAL_TIM_TriggerCallback
                0x0000000008005520       0x14 Drivers/STM32F4xx_HAL_Driver/Src/stm32f4xx_hal_tim.o
                0x0000000008005520                HAL_TIM_TriggerCallback
 .text.TIM_Base_SetConfig
                0x0000000008005534      0x140 Drivers/STM32F4xx_HAL_Driver/Src/stm32f4xx_hal_tim.o
                0x0000000008005534                TIM_Base_SetConfig
 .text.TIM_OC1_SetConfig
                0x0000000008005674       0xe0 Drivers/STM32F4xx_HAL_Driver/Src/stm32f4xx_hal_tim.o
 .text.TIM_OC2_SetConfig
                0x0000000008005754       0xec Drivers/STM32F4xx_HAL_Driver/Src/stm32f4xx_hal_tim.o
                0x0000000008005754                TIM_OC2_SetConfig
 .text.TIM_OC3_SetConfig
                0x0000000008005840       0xe8 Drivers/STM32F4xx_HAL_Driver/Src/stm32f4xx_hal_tim.o
 .text.TIM_OC4_SetConfig
                0x0000000008005928       0xac Drivers/STM32F4xx_HAL_Driver/Src/stm32f4xx_hal_tim.o
 .text.TIM_SlaveTimer_SetConfig
                0x00000000080059d4      0x10c Drivers/STM32F4xx_HAL_Driver/Src/stm32f4xx_hal_tim.o
 .text.TIM_TI1_SetConfig
                0x0000000008005ae0       0xe8 Drivers/STM32F4xx_HAL_Driver/Src/stm32f4xx_hal_tim.o
                0x0000000008005ae0                TIM_TI1_SetConfig
 .text.TIM_TI1_ConfigInputStage
                0x0000000008005bc8       0x5e Drivers/STM32F4xx_HAL_Driver/Src/stm32f4xx_hal_tim.o
 .text.TIM_TI2_SetConfig
                0x0000000008005c26       0x7a Drivers/STM32F4xx_HAL_Driver/Src/stm32f4xx_hal_tim.o
 .text.TIM_TI2_ConfigInputStage
                0x0000000008005ca0       0x60 Drivers/STM32F4xx_HAL_Driver/Src/stm32f4xx_hal_tim.o
 .text.TIM_TI3_SetConfig
                0x0000000008005d00       0x78 Drivers/STM32F4xx_HAL_Driver/Src/stm32f4xx_hal_tim.o
 .text.TIM_TI4_SetConfig
                0x0000000008005d78       0x7a Drivers/STM32F4xx_HAL_Driver/Src/stm32f4xx_hal_tim.o
 .text.TIM_ITRx_SetConfig
                0x0000000008005df2       0x36 Drivers/STM32F4xx_HAL_Driver/Src/stm32f4xx_hal_tim.o
 .text.TIM_ETR_SetConfig
                0x0000000008005e28       0x40 Drivers/STM32F4xx_HAL_Driver/Src/stm32f4xx_hal_tim.o
                0x0000000008005e28                TIM_ETR_SetConfig
 .text.TIM_CCxChannelCmd
                0x0000000008005e68       0x4a Drivers/STM32F4xx_HAL_Driver/Src/stm32f4xx_hal_tim.o
                0x0000000008005e68                TIM_CCxChannelCmd
 *fill*         0x0000000008005eb2        0x2 
 .text.HAL_TIMEx_MasterConfigSynchronization
                0x0000000008005eb4       0xf8 Drivers/STM32F4xx_HAL_Driver/Src/stm32f4xx_hal_tim_ex.o
                0x0000000008005eb4                HAL_TIMEx_MasterConfigSynchronization
 .text.HAL_TIMEx_CommutCallback
                0x0000000008005fac       0x14 Drivers/STM32F4xx_HAL_Driver/Src/stm32f4xx_hal_tim_ex.o
                0x0000000008005fac                HAL_TIMEx_CommutCallback
 .text.HAL_TIMEx_BreakCallback
                0x0000000008005fc0       0x14 Drivers/STM32F4xx_HAL_Driver/Src/stm32f4xx_hal_tim_ex.o
                0x0000000008005fc0                HAL_TIMEx_BreakCallback
 .text.HAL_UART_Init
                0x0000000008005fd4       0x9a Drivers/STM32F4xx_HAL_Driver/Src/stm32f4xx_hal_uart.o
                0x0000000008005fd4                HAL_UART_Init
 .text.HAL_UART_Transmit
                0x000000000800606e      0x132 Drivers/STM32F4xx_HAL_Driver/Src/stm32f4xx_hal_uart.o
                0x000000000800606e                HAL_UART_Transmit
 .text.HAL_UART_Receive
                0x00000000080061a0      0x14c Drivers/STM32F4xx_HAL_Driver/Src/stm32f4xx_hal_uart.o
                0x00000000080061a0                HAL_UART_Receive
 .text.UART_WaitOnFlagUntilTimeout
                0x00000000080062ec       0x94 Drivers/STM32F4xx_HAL_Driver/Src/stm32f4xx_hal_uart.o
 .text.UART_SetConfig
                0x0000000008006380      0x6f8 Drivers/STM32F4xx_HAL_Driver/Src/stm32f4xx_hal_uart.o
 .text.__errno  0x0000000008006a78        0xc c:/st/stm32cubeide_1.3.0/stm32cubeide/plugins/com.st.stm32cube.ide.mcu.externaltools.gnu-tools-for-stm32.7-2018-q2-update.win32_1.4.0.202007081208/tools/bin/../lib/gcc/arm-none-eabi/7.3.1/../../../../arm-none-eabi/lib/thumb/v7e-m/fpv4-sp/hard\libc_nano.a(lib_a-errno.o)
                0x0000000008006a78                __errno
 .text.__libc_init_array
                0x0000000008006a84       0x48 c:/st/stm32cubeide_1.3.0/stm32cubeide/plugins/com.st.stm32cube.ide.mcu.externaltools.gnu-tools-for-stm32.7-2018-q2-update.win32_1.4.0.202007081208/tools/bin/../lib/gcc/arm-none-eabi/7.3.1/../../../../arm-none-eabi/lib/thumb/v7e-m/fpv4-sp/hard\libc_nano.a(lib_a-init.o)
                0x0000000008006a84                __libc_init_array
 .text.memset   0x0000000008006acc       0x10 c:/st/stm32cubeide_1.3.0/stm32cubeide/plugins/com.st.stm32cube.ide.mcu.externaltools.gnu-tools-for-stm32.7-2018-q2-update.win32_1.4.0.202007081208/tools/bin/../lib/gcc/arm-none-eabi/7.3.1/../../../../arm-none-eabi/lib/thumb/v7e-m/fpv4-sp/hard\libc_nano.a(lib_a-memset.o)
                0x0000000008006acc                memset
 *fill*         0x0000000008006adc        0x4 
 .text.atan     0x0000000008006ae0      0x340 c:/st/stm32cubeide_1.3.0/stm32cubeide/plugins/com.st.stm32cube.ide.mcu.externaltools.gnu-tools-for-stm32.7-2018-q2-update.win32_1.4.0.202007081208/tools/bin/../lib/gcc/arm-none-eabi/7.3.1/../../../../arm-none-eabi/lib/thumb/v7e-m/fpv4-sp/hard\libm.a(lib_a-s_atan.o)
                0x0000000008006ae0                atan
 .text.fabs     0x0000000008006e20       0x12 c:/st/stm32cubeide_1.3.0/stm32cubeide/plugins/com.st.stm32cube.ide.mcu.externaltools.gnu-tools-for-stm32.7-2018-q2-update.win32_1.4.0.202007081208/tools/bin/../lib/gcc/arm-none-eabi/7.3.1/../../../../arm-none-eabi/lib/thumb/v7e-m/fpv4-sp/hard\libm.a(lib_a-s_fabs.o)
                0x0000000008006e20                fabs
 *fill*         0x0000000008006e32        0x2 
 .text.sqrt     0x0000000008006e34       0xb4 c:/st/stm32cubeide_1.3.0/stm32cubeide/plugins/com.st.stm32cube.ide.mcu.externaltools.gnu-tools-for-stm32.7-2018-q2-update.win32_1.4.0.202007081208/tools/bin/../lib/gcc/arm-none-eabi/7.3.1/../../../../arm-none-eabi/lib/thumb/v7e-m/fpv4-sp/hard\libm.a(lib_a-w_sqrt.o)
                0x0000000008006e34                sqrt
 .text.__ieee754_sqrt
                0x0000000008006ee8      0x160 c:/st/stm32cubeide_1.3.0/stm32cubeide/plugins/com.st.stm32cube.ide.mcu.externaltools.gnu-tools-for-stm32.7-2018-q2-update.win32_1.4.0.202007081208/tools/bin/../lib/gcc/arm-none-eabi/7.3.1/../../../../arm-none-eabi/lib/thumb/v7e-m/fpv4-sp/hard\libm.a(lib_a-e_sqrt.o)
                0x0000000008006ee8                __ieee754_sqrt
 .text.matherr  0x0000000008007048        0x4 c:/st/stm32cubeide_1.3.0/stm32cubeide/plugins/com.st.stm32cube.ide.mcu.externaltools.gnu-tools-for-stm32.7-2018-q2-update.win32_1.4.0.202007081208/tools/bin/../lib/gcc/arm-none-eabi/7.3.1/../../../../arm-none-eabi/lib/thumb/v7e-m/fpv4-sp/hard\libm.a(lib_a-s_matherr.o)
                0x0000000008007048                matherr
 *(.glue_7)
 .glue_7        0x000000000800704c        0x0 linker stubs
 *(.glue_7t)
 .glue_7t       0x000000000800704c        0x0 linker stubs
 *(.eh_frame)
 .eh_frame      0x000000000800704c        0x0 c:/st/stm32cubeide_1.3.0/stm32cubeide/plugins/com.st.stm32cube.ide.mcu.externaltools.gnu-tools-for-stm32.7-2018-q2-update.win32_1.4.0.202007081208/tools/bin/../lib/gcc/arm-none-eabi/7.3.1/thumb/v7e-m/fpv4-sp/hard/crtbegin.o
 *(.init)
 .init          0x000000000800704c        0x4 c:/st/stm32cubeide_1.3.0/stm32cubeide/plugins/com.st.stm32cube.ide.mcu.externaltools.gnu-tools-for-stm32.7-2018-q2-update.win32_1.4.0.202007081208/tools/bin/../lib/gcc/arm-none-eabi/7.3.1/thumb/v7e-m/fpv4-sp/hard/crti.o
                0x000000000800704c                _init
 .init          0x0000000008007050        0x8 c:/st/stm32cubeide_1.3.0/stm32cubeide/plugins/com.st.stm32cube.ide.mcu.externaltools.gnu-tools-for-stm32.7-2018-q2-update.win32_1.4.0.202007081208/tools/bin/../lib/gcc/arm-none-eabi/7.3.1/thumb/v7e-m/fpv4-sp/hard/crtn.o
 *(.fini)
 .fini          0x0000000008007058        0x4 c:/st/stm32cubeide_1.3.0/stm32cubeide/plugins/com.st.stm32cube.ide.mcu.externaltools.gnu-tools-for-stm32.7-2018-q2-update.win32_1.4.0.202007081208/tools/bin/../lib/gcc/arm-none-eabi/7.3.1/thumb/v7e-m/fpv4-sp/hard/crti.o
                0x0000000008007058                _fini
 .fini          0x000000000800705c        0x8 c:/st/stm32cubeide_1.3.0/stm32cubeide/plugins/com.st.stm32cube.ide.mcu.externaltools.gnu-tools-for-stm32.7-2018-q2-update.win32_1.4.0.202007081208/tools/bin/../lib/gcc/arm-none-eabi/7.3.1/thumb/v7e-m/fpv4-sp/hard/crtn.o
                0x0000000008007064                . = ALIGN (0x4)
                0x0000000008007064                _etext = .

.vfp11_veneer   0x0000000008007064        0x0
 .vfp11_veneer  0x0000000008007064        0x0 linker stubs

.v4_bx          0x0000000008007064        0x0
 .v4_bx         0x0000000008007064        0x0 linker stubs

.iplt           0x0000000008007064        0x0
 .iplt          0x0000000008007064        0x0 c:/st/stm32cubeide_1.3.0/stm32cubeide/plugins/com.st.stm32cube.ide.mcu.externaltools.gnu-tools-for-stm32.7-2018-q2-update.win32_1.4.0.202007081208/tools/bin/../lib/gcc/arm-none-eabi/7.3.1/thumb/v7e-m/fpv4-sp/hard/crtbegin.o

.rodata         0x0000000008007068       0x68
                0x0000000008007068                . = ALIGN (0x4)
 *(.rodata)
 .rodata        0x0000000008007068        0x8 Core/Src/main.o
 *(.rodata*)
 .rodata.AHBPrescTable
                0x0000000008007070       0x10 Core/Src/system_stm32f4xx.o
                0x0000000008007070                AHBPrescTable
 .rodata.APBPrescTable
                0x0000000008007080        0x8 Core/Src/system_stm32f4xx.o
                0x0000000008007080                APBPrescTable
 .rodata.atanhi
                0x0000000008007088       0x20 c:/st/stm32cubeide_1.3.0/stm32cubeide/plugins/com.st.stm32cube.ide.mcu.externaltools.gnu-tools-for-stm32.7-2018-q2-update.win32_1.4.0.202007081208/tools/bin/../lib/gcc/arm-none-eabi/7.3.1/../../../../arm-none-eabi/lib/thumb/v7e-m/fpv4-sp/hard\libm.a(lib_a-s_atan.o)
 .rodata.atanlo
                0x00000000080070a8       0x20 c:/st/stm32cubeide_1.3.0/stm32cubeide/plugins/com.st.stm32cube.ide.mcu.externaltools.gnu-tools-for-stm32.7-2018-q2-update.win32_1.4.0.202007081208/tools/bin/../lib/gcc/arm-none-eabi/7.3.1/../../../../arm-none-eabi/lib/thumb/v7e-m/fpv4-sp/hard\libm.a(lib_a-s_atan.o)
 .rodata.sqrt.str1.1
                0x00000000080070c8        0x5 c:/st/stm32cubeide_1.3.0/stm32cubeide/plugins/com.st.stm32cube.ide.mcu.externaltools.gnu-tools-for-stm32.7-2018-q2-update.win32_1.4.0.202007081208/tools/bin/../lib/gcc/arm-none-eabi/7.3.1/../../../../arm-none-eabi/lib/thumb/v7e-m/fpv4-sp/hard\libm.a(lib_a-w_sqrt.o)
                0x00000000080070d0                . = ALIGN (0x4)
 *fill*         0x00000000080070cd        0x3 

.ARM.extab      0x00000000080070d0        0x0
                0x00000000080070d0                . = ALIGN (0x4)
 *(.ARM.extab* .gnu.linkonce.armextab.*)
                0x00000000080070d0                . = ALIGN (0x4)

.ARM            0x00000000080070d0        0x8
                0x00000000080070d0                . = ALIGN (0x4)
                0x00000000080070d0                __exidx_start = .
 *(.ARM.exidx*)
 .ARM.exidx     0x00000000080070d0        0x8 c:/st/stm32cubeide_1.3.0/stm32cubeide/plugins/com.st.stm32cube.ide.mcu.externaltools.gnu-tools-for-stm32.7-2018-q2-update.win32_1.4.0.202007081208/tools/bin/../lib/gcc/arm-none-eabi/7.3.1/thumb/v7e-m/fpv4-sp/hard\libgcc.a(_udivmoddi4.o)
                0x00000000080070d8                __exidx_end = .
                0x00000000080070d8                . = ALIGN (0x4)

.rel.dyn        0x00000000080070d8        0x0
 .rel.iplt      0x00000000080070d8        0x0 c:/st/stm32cubeide_1.3.0/stm32cubeide/plugins/com.st.stm32cube.ide.mcu.externaltools.gnu-tools-for-stm32.7-2018-q2-update.win32_1.4.0.202007081208/tools/bin/../lib/gcc/arm-none-eabi/7.3.1/thumb/v7e-m/fpv4-sp/hard/crtbegin.o

.preinit_array  0x00000000080070d8        0x0
                0x00000000080070d8                . = ALIGN (0x4)
                0x00000000080070d8                PROVIDE (__preinit_array_start = .)
 *(.preinit_array*)
                0x00000000080070d8                PROVIDE (__preinit_array_end = .)
                0x00000000080070d8                . = ALIGN (0x4)

.init_array     0x00000000080070d8        0x4
                0x00000000080070d8                . = ALIGN (0x4)
                0x00000000080070d8                PROVIDE (__init_array_start = .)
 *(SORT_BY_NAME(.init_array.*))
 *(.init_array*)
 .init_array    0x00000000080070d8        0x4 c:/st/stm32cubeide_1.3.0/stm32cubeide/plugins/com.st.stm32cube.ide.mcu.externaltools.gnu-tools-for-stm32.7-2018-q2-update.win32_1.4.0.202007081208/tools/bin/../lib/gcc/arm-none-eabi/7.3.1/thumb/v7e-m/fpv4-sp/hard/crtbegin.o
                0x00000000080070dc                PROVIDE (__init_array_end = .)
                0x00000000080070dc                . = ALIGN (0x4)

.fini_array     0x00000000080070dc        0x4
                0x00000000080070dc                . = ALIGN (0x4)
                [!provide]                        PROVIDE (__fini_array_start = .)
 *(SORT_BY_NAME(.fini_array.*))
 *(.fini_array*)
 .fini_array    0x00000000080070dc        0x4 c:/st/stm32cubeide_1.3.0/stm32cubeide/plugins/com.st.stm32cube.ide.mcu.externaltools.gnu-tools-for-stm32.7-2018-q2-update.win32_1.4.0.202007081208/tools/bin/../lib/gcc/arm-none-eabi/7.3.1/thumb/v7e-m/fpv4-sp/hard/crtbegin.o
                [!provide]                        PROVIDE (__fini_array_end = .)
                0x00000000080070e0                . = ALIGN (0x4)
                0x00000000080070e0                _sidata = LOADADDR (.data)

.data           0x0000000020000000       0x80 load address 0x00000000080070e0
                0x0000000020000000                . = ALIGN (0x4)
                0x0000000020000000                _sdata = .
 *(.data)
 *(.data*)
 .data.DWT_CYCCNT
                0x0000000020000000        0x4 Core/Src/Delay.o
                0x0000000020000000                DWT_CYCCNT
 .data.DWT_CONTROL
                0x0000000020000004        0x4 Core/Src/Delay.o
                0x0000000020000004                DWT_CONTROL
 .data.SCB_DEMCR
                0x0000000020000008        0x4 Core/Src/Delay.o
                0x0000000020000008                SCB_DEMCR
 .data.SystemCoreClock
                0x000000002000000c        0x4 Core/Src/system_stm32f4xx.o
                0x000000002000000c                SystemCoreClock
 .data.uwTickPrio
                0x0000000020000010        0x4 Drivers/STM32F4xx_HAL_Driver/Src/stm32f4xx_hal.o
                0x0000000020000010                uwTickPrio
 .data.uwTickFreq
                0x0000000020000014        0x1 Drivers/STM32F4xx_HAL_Driver/Src/stm32f4xx_hal.o
                0x0000000020000014                uwTickFreq
 *fill*         0x0000000020000015        0x3 
 .data._impure_ptr
                0x0000000020000018        0x4 c:/st/stm32cubeide_1.3.0/stm32cubeide/plugins/com.st.stm32cube.ide.mcu.externaltools.gnu-tools-for-stm32.7-2018-q2-update.win32_1.4.0.202007081208/tools/bin/../lib/gcc/arm-none-eabi/7.3.1/../../../../arm-none-eabi/lib/thumb/v7e-m/fpv4-sp/hard\libc_nano.a(lib_a-impure.o)
                0x0000000020000018                _impure_ptr
 .data.impure_data
                0x000000002000001c       0x60 c:/st/stm32cubeide_1.3.0/stm32cubeide/plugins/com.st.stm32cube.ide.mcu.externaltools.gnu-tools-for-stm32.7-2018-q2-update.win32_1.4.0.202007081208/tools/bin/../lib/gcc/arm-none-eabi/7.3.1/../../../../arm-none-eabi/lib/thumb/v7e-m/fpv4-sp/hard\libc_nano.a(lib_a-impure.o)
 .data.__fdlib_version
                0x000000002000007c        0x1 c:/st/stm32cubeide_1.3.0/stm32cubeide/plugins/com.st.stm32cube.ide.mcu.externaltools.gnu-tools-for-stm32.7-2018-q2-update.win32_1.4.0.202007081208/tools/bin/../lib/gcc/arm-none-eabi/7.3.1/../../../../arm-none-eabi/lib/thumb/v7e-m/fpv4-sp/hard\libm.a(lib_a-s_lib_ver.o)
                0x000000002000007c                __fdlib_version
                0x0000000020000080                . = ALIGN (0x4)
 *fill*         0x000000002000007d        0x3 
                0x0000000020000080                _edata = .

.igot.plt       0x0000000020000080        0x0 load address 0x0000000008007160
 .igot.plt      0x0000000020000080        0x0 c:/st/stm32cubeide_1.3.0/stm32cubeide/plugins/com.st.stm32cube.ide.mcu.externaltools.gnu-tools-for-stm32.7-2018-q2-update.win32_1.4.0.202007081208/tools/bin/../lib/gcc/arm-none-eabi/7.3.1/thumb/v7e-m/fpv4-sp/hard/crtbegin.o
                0x0000000020000080                . = ALIGN (0x4)

.bss            0x0000000020000080      0x304 load address 0x0000000008007160
                0x0000000020000080                _sbss = .
                0x0000000020000080                __bss_start__ = _sbss
 *(.bss)
 .bss           0x0000000020000080       0x1c c:/st/stm32cubeide_1.3.0/stm32cubeide/plugins/com.st.stm32cube.ide.mcu.externaltools.gnu-tools-for-stm32.7-2018-q2-update.win32_1.4.0.202007081208/tools/bin/../lib/gcc/arm-none-eabi/7.3.1/thumb/v7e-m/fpv4-sp/hard/crtbegin.o
 *(.bss*)
 .bss.enabled.9478
                0x000000002000009c        0x4 Core/Src/Delay.o
 *(COMMON)
 COMMON         0x00000000200000a0      0x11d Core/Src/Accelerometer.o
                0x00000000200000a0                data_receive
                0x00000000200000ac                gyroscopeReading
                0x00000000200000cc                isReadingAccelerometer
                0x00000000200000d0                pwmInputTimer4
                0x00000000200000dc                channel3Pulse
                0x00000000200000e0                hi2c1
                0x0000000020000134                rudder
                0x0000000020000138                pwmInputTimer9
                0x0000000020000144                remotePidIntegral
                0x0000000020000148                isReadingGyroscope
                0x000000002000014c                throttle
                0x0000000020000150                resetAngularPosition
                0x0000000020000154                pwmInputTimer5
                0x0000000020000160                aileron
                0x0000000020000164                angularPosition
                0x0000000020000170                remotePidProportional
                0x0000000020000174                channel4Pulse
                0x0000000020000178                channel1Pulse
                0x000000002000017c                thrust
                0x0000000020000180                pwmInputTimer12
                0x000000002000018c                elevator
                0x0000000020000190                channel2Pulse
                0x0000000020000194                accelerometerReading
                0x00000000200001bc                sensorToggle
 *fill*         0x00000000200001bd        0x3 
 COMMON         0x00000000200001c0       0x40 Core/Src/Pwm.o
                0x00000000200001c0                htim3
 COMMON         0x0000000020000200      0x180 Core/Src/main.o
                0x0000000020000200                htim4
                0x0000000020000240                htim5
                0x0000000020000280                htim9
                0x00000000200002c0                huart4
                0x0000000020000300                htim2
                0x0000000020000340                htim12
 COMMON         0x0000000020000380        0x4 Drivers/STM32F4xx_HAL_Driver/Src/stm32f4xx_hal.o
                0x0000000020000380                uwTick
                0x0000000020000384                . = ALIGN (0x4)
                0x0000000020000384                _ebss = .
                0x0000000020000384                __bss_end__ = _ebss

._user_heap_stack
                0x0000000020000384      0x604 load address 0x0000000008007160
                0x0000000020000388                . = ALIGN (0x8)
 *fill*         0x0000000020000384        0x4 
                0x0000000020000388                PROVIDE (end = .)
                [!provide]                        PROVIDE (_end = .)
                0x0000000020000588                . = (. + _Min_Heap_Size)
 *fill*         0x0000000020000388      0x200 
                0x0000000020000988                . = (. + _Min_Stack_Size)
 *fill*         0x0000000020000588      0x400 
                0x0000000020000988                . = ALIGN (0x8)

/DISCARD/
 libc.a(*)
 libm.a(*)
 libgcc.a(*)

.ARM.attributes
                0x0000000000000000       0x30
 *(.ARM.attributes)
 .ARM.attributes
                0x0000000000000000       0x22 c:/st/stm32cubeide_1.3.0/stm32cubeide/plugins/com.st.stm32cube.ide.mcu.externaltools.gnu-tools-for-stm32.7-2018-q2-update.win32_1.4.0.202007081208/tools/bin/../lib/gcc/arm-none-eabi/7.3.1/thumb/v7e-m/fpv4-sp/hard/crti.o
 .ARM.attributes
                0x0000000000000022       0x34 c:/st/stm32cubeide_1.3.0/stm32cubeide/plugins/com.st.stm32cube.ide.mcu.externaltools.gnu-tools-for-stm32.7-2018-q2-update.win32_1.4.0.202007081208/tools/bin/../lib/gcc/arm-none-eabi/7.3.1/thumb/v7e-m/fpv4-sp/hard/crtbegin.o
 .ARM.attributes
                0x0000000000000056       0x39 Core/Src/Accelerometer.o
 .ARM.attributes
                0x000000000000008f       0x39 Core/Src/Angular_Position.o
 .ARM.attributes
                0x00000000000000c8       0x39 Core/Src/Delay.o
 .ARM.attributes
                0x0000000000000101       0x39 Core/Src/Gyroscope.o
 .ARM.attributes
                0x000000000000013a       0x39 Core/Src/Pwm.o
 .ARM.attributes
                0x0000000000000173       0x39 Core/Src/Remote_Controls.o
 .ARM.attributes
                0x00000000000001ac       0x39 Core/Src/main.o
 .ARM.attributes
                0x00000000000001e5       0x39 Core/Src/stm32f4xx_hal_msp.o
 .ARM.attributes
                0x000000000000021e       0x39 Core/Src/stm32f4xx_it.o
 .ARM.attributes
                0x0000000000000257       0x39 Core/Src/system_stm32f4xx.o
 .ARM.attributes
                0x0000000000000290       0x21 Core/Startup/startup_stm32f407vgtx.o
 .ARM.attributes
                0x00000000000002b1       0x39 Drivers/STM32F4xx_HAL_Driver/Src/stm32f4xx_hal.o
 .ARM.attributes
                0x00000000000002ea       0x39 Drivers/STM32F4xx_HAL_Driver/Src/stm32f4xx_hal_cortex.o
 .ARM.attributes
                0x0000000000000323       0x39 Drivers/STM32F4xx_HAL_Driver/Src/stm32f4xx_hal_gpio.o
 .ARM.attributes
                0x000000000000035c       0x39 Drivers/STM32F4xx_HAL_Driver/Src/stm32f4xx_hal_i2c.o
 .ARM.attributes
                0x0000000000000395       0x39 Drivers/STM32F4xx_HAL_Driver/Src/stm32f4xx_hal_rcc.o
 .ARM.attributes
                0x00000000000003ce       0x39 Drivers/STM32F4xx_HAL_Driver/Src/stm32f4xx_hal_tim.o
 .ARM.attributes
                0x0000000000000407       0x39 Drivers/STM32F4xx_HAL_Driver/Src/stm32f4xx_hal_tim_ex.o
 .ARM.attributes
                0x0000000000000440       0x39 Drivers/STM32F4xx_HAL_Driver/Src/stm32f4xx_hal_uart.o
 .ARM.attributes
                0x0000000000000479       0x34 c:/st/stm32cubeide_1.3.0/stm32cubeide/plugins/com.st.stm32cube.ide.mcu.externaltools.gnu-tools-for-stm32.7-2018-q2-update.win32_1.4.0.202007081208/tools/bin/../lib/gcc/arm-none-eabi/7.3.1/../../../../arm-none-eabi/lib/thumb/v7e-m/fpv4-sp/hard\libc_nano.a(lib_a-errno.o)
 .ARM.attributes
                0x00000000000004ad       0x34 c:/st/stm32cubeide_1.3.0/stm32cubeide/plugins/com.st.stm32cube.ide.mcu.externaltools.gnu-tools-for-stm32.7-2018-q2-update.win32_1.4.0.202007081208/tools/bin/../lib/gcc/arm-none-eabi/7.3.1/../../../../arm-none-eabi/lib/thumb/v7e-m/fpv4-sp/hard\libc_nano.a(lib_a-impure.o)
 .ARM.attributes
                0x00000000000004e1       0x34 c:/st/stm32cubeide_1.3.0/stm32cubeide/plugins/com.st.stm32cube.ide.mcu.externaltools.gnu-tools-for-stm32.7-2018-q2-update.win32_1.4.0.202007081208/tools/bin/../lib/gcc/arm-none-eabi/7.3.1/../../../../arm-none-eabi/lib/thumb/v7e-m/fpv4-sp/hard\libc_nano.a(lib_a-init.o)
 .ARM.attributes
                0x0000000000000515       0x34 c:/st/stm32cubeide_1.3.0/stm32cubeide/plugins/com.st.stm32cube.ide.mcu.externaltools.gnu-tools-for-stm32.7-2018-q2-update.win32_1.4.0.202007081208/tools/bin/../lib/gcc/arm-none-eabi/7.3.1/../../../../arm-none-eabi/lib/thumb/v7e-m/fpv4-sp/hard\libc_nano.a(lib_a-memset.o)
 .ARM.attributes
                0x0000000000000549       0x34 c:/st/stm32cubeide_1.3.0/stm32cubeide/plugins/com.st.stm32cube.ide.mcu.externaltools.gnu-tools-for-stm32.7-2018-q2-update.win32_1.4.0.202007081208/tools/bin/../lib/gcc/arm-none-eabi/7.3.1/../../../../arm-none-eabi/lib/thumb/v7e-m/fpv4-sp/hard\libm.a(lib_a-s_atan.o)
 .ARM.attributes
                0x000000000000057d       0x34 c:/st/stm32cubeide_1.3.0/stm32cubeide/plugins/com.st.stm32cube.ide.mcu.externaltools.gnu-tools-for-stm32.7-2018-q2-update.win32_1.4.0.202007081208/tools/bin/../lib/gcc/arm-none-eabi/7.3.1/../../../../arm-none-eabi/lib/thumb/v7e-m/fpv4-sp/hard\libm.a(lib_a-s_fabs.o)
 .ARM.attributes
                0x00000000000005b1       0x34 c:/st/stm32cubeide_1.3.0/stm32cubeide/plugins/com.st.stm32cube.ide.mcu.externaltools.gnu-tools-for-stm32.7-2018-q2-update.win32_1.4.0.202007081208/tools/bin/../lib/gcc/arm-none-eabi/7.3.1/../../../../arm-none-eabi/lib/thumb/v7e-m/fpv4-sp/hard\libm.a(lib_a-w_sqrt.o)
 .ARM.attributes
                0x00000000000005e5       0x34 c:/st/stm32cubeide_1.3.0/stm32cubeide/plugins/com.st.stm32cube.ide.mcu.externaltools.gnu-tools-for-stm32.7-2018-q2-update.win32_1.4.0.202007081208/tools/bin/../lib/gcc/arm-none-eabi/7.3.1/../../../../arm-none-eabi/lib/thumb/v7e-m/fpv4-sp/hard\libm.a(lib_a-e_sqrt.o)
 .ARM.attributes
                0x0000000000000619       0x34 c:/st/stm32cubeide_1.3.0/stm32cubeide/plugins/com.st.stm32cube.ide.mcu.externaltools.gnu-tools-for-stm32.7-2018-q2-update.win32_1.4.0.202007081208/tools/bin/../lib/gcc/arm-none-eabi/7.3.1/../../../../arm-none-eabi/lib/thumb/v7e-m/fpv4-sp/hard\libm.a(lib_a-s_lib_ver.o)
 .ARM.attributes
                0x000000000000064d       0x34 c:/st/stm32cubeide_1.3.0/stm32cubeide/plugins/com.st.stm32cube.ide.mcu.externaltools.gnu-tools-for-stm32.7-2018-q2-update.win32_1.4.0.202007081208/tools/bin/../lib/gcc/arm-none-eabi/7.3.1/../../../../arm-none-eabi/lib/thumb/v7e-m/fpv4-sp/hard\libm.a(lib_a-s_matherr.o)
 .ARM.attributes
                0x0000000000000681       0x22 c:/st/stm32cubeide_1.3.0/stm32cubeide/plugins/com.st.stm32cube.ide.mcu.externaltools.gnu-tools-for-stm32.7-2018-q2-update.win32_1.4.0.202007081208/tools/bin/../lib/gcc/arm-none-eabi/7.3.1/thumb/v7e-m/fpv4-sp/hard\libgcc.a(_arm_addsubdf3.o)
 .ARM.attributes
                0x00000000000006a3       0x22 c:/st/stm32cubeide_1.3.0/stm32cubeide/plugins/com.st.stm32cube.ide.mcu.externaltools.gnu-tools-for-stm32.7-2018-q2-update.win32_1.4.0.202007081208/tools/bin/../lib/gcc/arm-none-eabi/7.3.1/thumb/v7e-m/fpv4-sp/hard\libgcc.a(_arm_muldivdf3.o)
 .ARM.attributes
                0x00000000000006c5       0x22 c:/st/stm32cubeide_1.3.0/stm32cubeide/plugins/com.st.stm32cube.ide.mcu.externaltools.gnu-tools-for-stm32.7-2018-q2-update.win32_1.4.0.202007081208/tools/bin/../lib/gcc/arm-none-eabi/7.3.1/thumb/v7e-m/fpv4-sp/hard\libgcc.a(_arm_cmpdf2.o)
 .ARM.attributes
                0x00000000000006e7       0x22 c:/st/stm32cubeide_1.3.0/stm32cubeide/plugins/com.st.stm32cube.ide.mcu.externaltools.gnu-tools-for-stm32.7-2018-q2-update.win32_1.4.0.202007081208/tools/bin/../lib/gcc/arm-none-eabi/7.3.1/thumb/v7e-m/fpv4-sp/hard\libgcc.a(_arm_unorddf2.o)
 .ARM.attributes
                0x0000000000000709       0x22 c:/st/stm32cubeide_1.3.0/stm32cubeide/plugins/com.st.stm32cube.ide.mcu.externaltools.gnu-tools-for-stm32.7-2018-q2-update.win32_1.4.0.202007081208/tools/bin/../lib/gcc/arm-none-eabi/7.3.1/thumb/v7e-m/fpv4-sp/hard\libgcc.a(_arm_truncdfsf2.o)
 .ARM.attributes
                0x000000000000072b       0x22 c:/st/stm32cubeide_1.3.0/stm32cubeide/plugins/com.st.stm32cube.ide.mcu.externaltools.gnu-tools-for-stm32.7-2018-q2-update.win32_1.4.0.202007081208/tools/bin/../lib/gcc/arm-none-eabi/7.3.1/thumb/v7e-m/fpv4-sp/hard\libgcc.a(_aeabi_uldivmod.o)
 .ARM.attributes
                0x000000000000074d       0x34 c:/st/stm32cubeide_1.3.0/stm32cubeide/plugins/com.st.stm32cube.ide.mcu.externaltools.gnu-tools-for-stm32.7-2018-q2-update.win32_1.4.0.202007081208/tools/bin/../lib/gcc/arm-none-eabi/7.3.1/thumb/v7e-m/fpv4-sp/hard\libgcc.a(_udivmoddi4.o)
 .ARM.attributes
                0x0000000000000781       0x22 c:/st/stm32cubeide_1.3.0/stm32cubeide/plugins/com.st.stm32cube.ide.mcu.externaltools.gnu-tools-for-stm32.7-2018-q2-update.win32_1.4.0.202007081208/tools/bin/../lib/gcc/arm-none-eabi/7.3.1/thumb/v7e-m/fpv4-sp/hard\libgcc.a(_dvmd_tls.o)
 .ARM.attributes
                0x00000000000007a3       0x22 c:/st/stm32cubeide_1.3.0/stm32cubeide/plugins/com.st.stm32cube.ide.mcu.externaltools.gnu-tools-for-stm32.7-2018-q2-update.win32_1.4.0.202007081208/tools/bin/../lib/gcc/arm-none-eabi/7.3.1/thumb/v7e-m/fpv4-sp/hard/crtn.o
OUTPUT(STM32F4_QUADCOPTER.elf elf32-littlearm)

.debug_info     0x0000000000000000    0x17a54
 .debug_info    0x0000000000000000     0x173b Core/Src/Accelerometer.o
 .debug_info    0x000000000000173b     0x15c0 Core/Src/Angular_Position.o
 .debug_info    0x0000000000002cfb     0x1674 Core/Src/Delay.o
 .debug_info    0x000000000000436f     0x1711 Core/Src/Gyroscope.o
 .debug_info    0x0000000000005a80     0x17d4 Core/Src/Pwm.o
 .debug_info    0x0000000000007254     0x1678 Core/Src/Remote_Controls.o
 .debug_info    0x00000000000088cc     0x21b3 Core/Src/main.o
 .debug_info    0x000000000000aa7f     0x1f85 Core/Src/stm32f4xx_hal_msp.o
 .debug_info    0x000000000000ca04     0x16b3 Core/Src/stm32f4xx_it.o
 .debug_info    0x000000000000e0b7      0x554 Core/Src/system_stm32f4xx.o
 .debug_info    0x000000000000e60b       0x22 Core/Startup/startup_stm32f407vgtx.o
 .debug_info    0x000000000000e62d      0x945 Drivers/STM32F4xx_HAL_Driver/Src/stm32f4xx_hal.o
 .debug_info    0x000000000000ef72      0xe28 Drivers/STM32F4xx_HAL_Driver/Src/stm32f4xx_hal_cortex.o
 .debug_info    0x000000000000fd9a      0x7b5 Drivers/STM32F4xx_HAL_Driver/Src/stm32f4xx_hal_gpio.o
 .debug_info    0x000000000001054f     0x23b5 Drivers/STM32F4xx_HAL_Driver/Src/stm32f4xx_hal_i2c.o
 .debug_info    0x0000000000012904      0x904 Drivers/STM32F4xx_HAL_Driver/Src/stm32f4xx_hal_rcc.o
 .debug_info    0x0000000000013208     0x24a9 Drivers/STM32F4xx_HAL_Driver/Src/stm32f4xx_hal_tim.o
 .debug_info    0x00000000000156b1     0x1157 Drivers/STM32F4xx_HAL_Driver/Src/stm32f4xx_hal_tim_ex.o
 .debug_info    0x0000000000016808     0x124c Drivers/STM32F4xx_HAL_Driver/Src/stm32f4xx_hal_uart.o

.debug_abbrev   0x0000000000000000     0x2852
 .debug_abbrev  0x0000000000000000      0x25a Core/Src/Accelerometer.o
 .debug_abbrev  0x000000000000025a      0x20e Core/Src/Angular_Position.o
 .debug_abbrev  0x0000000000000468      0x260 Core/Src/Delay.o
 .debug_abbrev  0x00000000000006c8      0x25a Core/Src/Gyroscope.o
 .debug_abbrev  0x0000000000000922      0x28a Core/Src/Pwm.o
 .debug_abbrev  0x0000000000000bac      0x253 Core/Src/Remote_Controls.o
 .debug_abbrev  0x0000000000000dff      0x2c3 Core/Src/main.o
 .debug_abbrev  0x00000000000010c2      0x27a Core/Src/stm32f4xx_hal_msp.o
 .debug_abbrev  0x000000000000133c      0x226 Core/Src/stm32f4xx_it.o
 .debug_abbrev  0x0000000000001562      0x12b Core/Src/system_stm32f4xx.o
 .debug_abbrev  0x000000000000168d       0x12 Core/Startup/startup_stm32f407vgtx.o
 .debug_abbrev  0x000000000000169f      0x1c7 Drivers/STM32F4xx_HAL_Driver/Src/stm32f4xx_hal.o
 .debug_abbrev  0x0000000000001866      0x2fa Drivers/STM32F4xx_HAL_Driver/Src/stm32f4xx_hal_cortex.o
 .debug_abbrev  0x0000000000001b60      0x1c9 Drivers/STM32F4xx_HAL_Driver/Src/stm32f4xx_hal_gpio.o
 .debug_abbrev  0x0000000000001d29      0x254 Drivers/STM32F4xx_HAL_Driver/Src/stm32f4xx_hal_i2c.o
 .debug_abbrev  0x0000000000001f7d      0x245 Drivers/STM32F4xx_HAL_Driver/Src/stm32f4xx_hal_rcc.o
 .debug_abbrev  0x00000000000021c2      0x230 Drivers/STM32F4xx_HAL_Driver/Src/stm32f4xx_hal_tim.o
 .debug_abbrev  0x00000000000023f2      0x21e Drivers/STM32F4xx_HAL_Driver/Src/stm32f4xx_hal_tim_ex.o
 .debug_abbrev  0x0000000000002610      0x242 Drivers/STM32F4xx_HAL_Driver/Src/stm32f4xx_hal_uart.o

.debug_aranges  0x0000000000000000      0xfa8
 .debug_aranges
                0x0000000000000000       0x38 Core/Src/Accelerometer.o
 .debug_aranges
                0x0000000000000038       0x30 Core/Src/Angular_Position.o
 .debug_aranges
                0x0000000000000068       0x40 Core/Src/Delay.o
 .debug_aranges
                0x00000000000000a8       0x38 Core/Src/Gyroscope.o
 .debug_aranges
                0x00000000000000e0       0x88 Core/Src/Pwm.o
 .debug_aranges
                0x0000000000000168       0x48 Core/Src/Remote_Controls.o
 .debug_aranges
                0x00000000000001b0       0x80 Core/Src/main.o
 .debug_aranges
                0x0000000000000230       0x58 Core/Src/stm32f4xx_hal_msp.o
 .debug_aranges
                0x0000000000000288       0x88 Core/Src/stm32f4xx_it.o
 .debug_aranges
                0x0000000000000310       0x28 Core/Src/system_stm32f4xx.o
 .debug_aranges
                0x0000000000000338       0x28 Core/Startup/startup_stm32f407vgtx.o
 .debug_aranges
                0x0000000000000360       0xf0 Drivers/STM32F4xx_HAL_Driver/Src/stm32f4xx_hal.o
 .debug_aranges
                0x0000000000000450      0x118 Drivers/STM32F4xx_HAL_Driver/Src/stm32f4xx_hal_cortex.o
 .debug_aranges
                0x0000000000000568       0x58 Drivers/STM32F4xx_HAL_Driver/Src/stm32f4xx_hal_gpio.o
 .debug_aranges
                0x00000000000005c0      0x298 Drivers/STM32F4xx_HAL_Driver/Src/stm32f4xx_hal_i2c.o
 .debug_aranges
                0x0000000000000858       0x88 Drivers/STM32F4xx_HAL_Driver/Src/stm32f4xx_hal_rcc.o
 .debug_aranges
                0x00000000000008e0      0x3a8 Drivers/STM32F4xx_HAL_Driver/Src/stm32f4xx_hal_tim.o
 .debug_aranges
                0x0000000000000c88      0x150 Drivers/STM32F4xx_HAL_Driver/Src/stm32f4xx_hal_tim_ex.o
 .debug_aranges
                0x0000000000000dd8      0x1d0 Drivers/STM32F4xx_HAL_Driver/Src/stm32f4xx_hal_uart.o

.debug_ranges   0x0000000000000000      0xea0
 .debug_ranges  0x0000000000000000       0x28 Core/Src/Accelerometer.o
 .debug_ranges  0x0000000000000028       0x20 Core/Src/Angular_Position.o
 .debug_ranges  0x0000000000000048       0x30 Core/Src/Delay.o
 .debug_ranges  0x0000000000000078       0x28 Core/Src/Gyroscope.o
 .debug_ranges  0x00000000000000a0       0x78 Core/Src/Pwm.o
 .debug_ranges  0x0000000000000118       0x38 Core/Src/Remote_Controls.o
 .debug_ranges  0x0000000000000150       0x70 Core/Src/main.o
 .debug_ranges  0x00000000000001c0       0x48 Core/Src/stm32f4xx_hal_msp.o
 .debug_ranges  0x0000000000000208       0x78 Core/Src/stm32f4xx_it.o
 .debug_ranges  0x0000000000000280       0x18 Core/Src/system_stm32f4xx.o
 .debug_ranges  0x0000000000000298       0x20 Core/Startup/startup_stm32f407vgtx.o
 .debug_ranges  0x00000000000002b8       0xe0 Drivers/STM32F4xx_HAL_Driver/Src/stm32f4xx_hal.o
 .debug_ranges  0x0000000000000398      0x108 Drivers/STM32F4xx_HAL_Driver/Src/stm32f4xx_hal_cortex.o
 .debug_ranges  0x00000000000004a0       0x48 Drivers/STM32F4xx_HAL_Driver/Src/stm32f4xx_hal_gpio.o
 .debug_ranges  0x00000000000004e8      0x2a8 Drivers/STM32F4xx_HAL_Driver/Src/stm32f4xx_hal_i2c.o
 .debug_ranges  0x0000000000000790       0x78 Drivers/STM32F4xx_HAL_Driver/Src/stm32f4xx_hal_rcc.o
 .debug_ranges  0x0000000000000808      0x398 Drivers/STM32F4xx_HAL_Driver/Src/stm32f4xx_hal_tim.o
 .debug_ranges  0x0000000000000ba0      0x140 Drivers/STM32F4xx_HAL_Driver/Src/stm32f4xx_hal_tim_ex.o
 .debug_ranges  0x0000000000000ce0      0x1c0 Drivers/STM32F4xx_HAL_Driver/Src/stm32f4xx_hal_uart.o

.debug_macro    0x0000000000000000    0x22267
 .debug_macro   0x0000000000000000      0x2ea Core/Src/Accelerometer.o
 .debug_macro   0x00000000000002ea      0xa5a Core/Src/Accelerometer.o
 .debug_macro   0x0000000000000d44      0x29a Core/Src/Accelerometer.o
 .debug_macro   0x0000000000000fde       0x2e Core/Src/Accelerometer.o
 .debug_macro   0x000000000000100c       0x2f Core/Src/Accelerometer.o
 .debug_macro   0x000000000000103b       0x22 Core/Src/Accelerometer.o
 .debug_macro   0x000000000000105d       0x8e Core/Src/Accelerometer.o
 .debug_macro   0x00000000000010eb       0x51 Core/Src/Accelerometer.o
 .debug_macro   0x000000000000113c       0xef Core/Src/Accelerometer.o
 .debug_macro   0x000000000000122b       0x6a Core/Src/Accelerometer.o
 .debug_macro   0x0000000000001295      0x1df Core/Src/Accelerometer.o
 .debug_macro   0x0000000000001474       0x1c Core/Src/Accelerometer.o
 .debug_macro   0x0000000000001490       0x22 Core/Src/Accelerometer.o
 .debug_macro   0x00000000000014b2       0xdf Core/Src/Accelerometer.o
 .debug_macro   0x0000000000001591     0x102d Core/Src/Accelerometer.o
 .debug_macro   0x00000000000025be      0x11f Core/Src/Accelerometer.o
 .debug_macro   0x00000000000026dd    0x15e3c Core/Src/Accelerometer.o
 .debug_macro   0x0000000000018519       0x43 Core/Src/Accelerometer.o
 .debug_macro   0x000000000001855c     0x3659 Core/Src/Accelerometer.o
 .debug_macro   0x000000000001bbb5      0x174 Core/Src/Accelerometer.o
 .debug_macro   0x000000000001bd29       0x5a Core/Src/Accelerometer.o
 .debug_macro   0x000000000001bd83      0x96b Core/Src/Accelerometer.o
 .debug_macro   0x000000000001c6ee      0x9fe Core/Src/Accelerometer.o
 .debug_macro   0x000000000001d0ec      0x117 Core/Src/Accelerometer.o
 .debug_macro   0x000000000001d203      0x13e Core/Src/Accelerometer.o
 .debug_macro   0x000000000001d341       0x27 Core/Src/Accelerometer.o
 .debug_macro   0x000000000001d368      0x174 Core/Src/Accelerometer.o
 .debug_macro   0x000000000001d4dc      0x287 Core/Src/Accelerometer.o
 .debug_macro   0x000000000001d763       0x5f Core/Src/Accelerometer.o
 .debug_macro   0x000000000001d7c2      0x236 Core/Src/Accelerometer.o
 .debug_macro   0x000000000001d9f8      0x12c Core/Src/Accelerometer.o
 .debug_macro   0x000000000001db24      0x21e Core/Src/Accelerometer.o
 .debug_macro   0x000000000001dd42       0x2e Core/Src/Accelerometer.o
 .debug_macro   0x000000000001dd70      0x1b5 Core/Src/Accelerometer.o
 .debug_macro   0x000000000001df25       0xd6 Core/Src/Accelerometer.o
 .debug_macro   0x000000000001dffb      0x11a Core/Src/Accelerometer.o
 .debug_macro   0x000000000001e115       0x7e Core/Src/Accelerometer.o
 .debug_macro   0x000000000001e193       0x89 Core/Src/Accelerometer.o
 .debug_macro   0x000000000001e21c      0x8a0 Core/Src/Accelerometer.o
 .debug_macro   0x000000000001eabc       0x47 Core/Src/Accelerometer.o
 .debug_macro   0x000000000001eb03      0x287 Core/Src/Accelerometer.o
 .debug_macro   0x000000000001ed8a      0x12d Core/Src/Accelerometer.o
 .debug_macro   0x000000000001eeb7       0x18 Core/Src/Accelerometer.o
 .debug_macro   0x000000000001eecf       0x46 Core/Src/Accelerometer.o
 .debug_macro   0x000000000001ef15       0x3c Core/Src/Accelerometer.o
 .debug_macro   0x000000000001ef51       0x34 Core/Src/Accelerometer.o
 .debug_macro   0x000000000001ef85       0x16 Core/Src/Accelerometer.o
 .debug_macro   0x000000000001ef9b       0x35 Core/Src/Accelerometer.o
 .debug_macro   0x000000000001efd0       0x52 Core/Src/Accelerometer.o
 .debug_macro   0x000000000001f022       0x1f Core/Src/Accelerometer.o
 .debug_macro   0x000000000001f041       0x43 Core/Src/Accelerometer.o
 .debug_macro   0x000000000001f084       0x20 Core/Src/Accelerometer.o
 .debug_macro   0x000000000001f0a4      0x1a3 Core/Src/Accelerometer.o
 .debug_macro   0x000000000001f247      0x32a Core/Src/Accelerometer.o
 .debug_macro   0x000000000001f571       0x16 Core/Src/Accelerometer.o
 .debug_macro   0x000000000001f587       0x29 Core/Src/Accelerometer.o
 .debug_macro   0x000000000001f5b0       0x22 Core/Src/Accelerometer.o
 .debug_macro   0x000000000001f5d2      0x1e1 Core/Src/Accelerometer.o
 .debug_macro   0x000000000001f7b3      0x12a Core/Src/Accelerometer.o
 .debug_macro   0x000000000001f8dd      0x2fe Core/Src/Angular_Position.o
 .debug_macro   0x000000000001fbdb      0x2ea Core/Src/Delay.o
 .debug_macro   0x000000000001fec5      0x2fa Core/Src/Gyroscope.o
 .debug_macro   0x00000000000201bf      0x2ea Core/Src/Pwm.o
 .debug_macro   0x00000000000204a9      0x2ea Core/Src/Remote_Controls.o
 .debug_macro   0x0000000000020793      0x2e0 Core/Src/main.o
 .debug_macro   0x0000000000020a73      0x2e0 Core/Src/stm32f4xx_hal_msp.o
 .debug_macro   0x0000000000020d53      0x2ea Core/Src/stm32f4xx_it.o
 .debug_macro   0x000000000002103d      0x1ee Core/Src/system_stm32f4xx.o
 .debug_macro   0x000000000002122b      0x248 Drivers/STM32F4xx_HAL_Driver/Src/stm32f4xx_hal.o
 .debug_macro   0x0000000000021473      0x1e8 Drivers/STM32F4xx_HAL_Driver/Src/stm32f4xx_hal_cortex.o
 .debug_macro   0x000000000002165b      0x21e Drivers/STM32F4xx_HAL_Driver/Src/stm32f4xx_hal_gpio.o
 .debug_macro   0x0000000000021879      0x228 Drivers/STM32F4xx_HAL_Driver/Src/stm32f4xx_hal_i2c.o
 .debug_macro   0x0000000000021aa1      0x20c Drivers/STM32F4xx_HAL_Driver/Src/stm32f4xx_hal_rcc.o
 .debug_macro   0x0000000000021cad      0x1e9 Drivers/STM32F4xx_HAL_Driver/Src/stm32f4xx_hal_tim.o
 .debug_macro   0x0000000000021e96      0x1e8 Drivers/STM32F4xx_HAL_Driver/Src/stm32f4xx_hal_tim_ex.o
 .debug_macro   0x000000000002207e      0x1e9 Drivers/STM32F4xx_HAL_Driver/Src/stm32f4xx_hal_uart.o

.debug_line     0x0000000000000000     0xd1b5
 .debug_line    0x0000000000000000      0x8e8 Core/Src/Accelerometer.o
 .debug_line    0x00000000000008e8      0x8d0 Core/Src/Angular_Position.o
 .debug_line    0x00000000000011b8      0x8b8 Core/Src/Delay.o
 .debug_line    0x0000000000001a70      0x8e7 Core/Src/Gyroscope.o
 .debug_line    0x0000000000002357      0x99b Core/Src/Pwm.o
 .debug_line    0x0000000000002cf2      0x8f3 Core/Src/Remote_Controls.o
 .debug_line    0x00000000000035e5      0xa64 Core/Src/main.o
 .debug_line    0x0000000000004049      0x98c Core/Src/stm32f4xx_hal_msp.o
 .debug_line    0x00000000000049d5      0x964 Core/Src/stm32f4xx_it.o
 .debug_line    0x0000000000005339      0x70d Core/Src/system_stm32f4xx.o
 .debug_line    0x0000000000005a46       0x85 Core/Startup/startup_stm32f407vgtx.o
 .debug_line    0x0000000000005acb      0x8f7 Drivers/STM32F4xx_HAL_Driver/Src/stm32f4xx_hal.o
 .debug_line    0x00000000000063c2      0xa1b Drivers/STM32F4xx_HAL_Driver/Src/stm32f4xx_hal_cortex.o
 .debug_line    0x0000000000006ddd      0x8d6 Drivers/STM32F4xx_HAL_Driver/Src/stm32f4xx_hal_gpio.o
 .debug_line    0x00000000000076b3     0x1b31 Drivers/STM32F4xx_HAL_Driver/Src/stm32f4xx_hal_i2c.o
 .debug_line    0x00000000000091e4      0x94f Drivers/STM32F4xx_HAL_Driver/Src/stm32f4xx_hal_rcc.o
 .debug_line    0x0000000000009b33     0x1970 Drivers/STM32F4xx_HAL_Driver/Src/stm32f4xx_hal_tim.o
 .debug_line    0x000000000000b4a3      0xd0d Drivers/STM32F4xx_HAL_Driver/Src/stm32f4xx_hal_tim_ex.o
 .debug_line    0x000000000000c1b0     0x1005 Drivers/STM32F4xx_HAL_Driver/Src/stm32f4xx_hal_uart.o

.debug_str      0x0000000000000000    0xcc1c0
 .debug_str     0x0000000000000000    0xc80c6 Core/Src/Accelerometer.o
                                      0xc851e (size before relaxing)
 .debug_str     0x00000000000c80c6       0x93 Core/Src/Angular_Position.o
                                      0xc8493 (size before relaxing)
 .debug_str     0x00000000000c8159       0x9c Core/Src/Delay.o
                                      0xc8494 (size before relaxing)
 .debug_str     0x00000000000c81f5       0xdc Core/Src/Gyroscope.o
                                      0xc852f (size before relaxing)
 .debug_str     0x00000000000c82d1      0x16c Core/Src/Pwm.o
                                      0xc8556 (size before relaxing)
 .debug_str     0x00000000000c843d       0xf5 Core/Src/Remote_Controls.o
                                      0xc84df (size before relaxing)
 .debug_str     0x00000000000c8532      0x71a Core/Src/main.o
                                      0xc8b9c (size before relaxing)
 .debug_str     0x00000000000c8c4c      0x598 Core/Src/stm32f4xx_hal_msp.o
                                      0xc8cb1 (size before relaxing)
 .debug_str     0x00000000000c91e4      0x120 Core/Src/stm32f4xx_it.o
                                      0xc8529 (size before relaxing)
 .debug_str     0x00000000000c9304       0xc4 Core/Src/system_stm32f4xx.o
                                      0xc3d3c (size before relaxing)
 .debug_str     0x00000000000c93c8       0x36 Core/Startup/startup_stm32f407vgtx.o
                                         0x6e (size before relaxing)
 .debug_str     0x00000000000c93fe      0x58d Drivers/STM32F4xx_HAL_Driver/Src/stm32f4xx_hal.o
                                      0xc4809 (size before relaxing)
 .debug_str     0x00000000000c998b      0x399 Drivers/STM32F4xx_HAL_Driver/Src/stm32f4xx_hal_cortex.o
                                      0xc45f8 (size before relaxing)
 .debug_str     0x00000000000c9d24      0x20c Drivers/STM32F4xx_HAL_Driver/Src/stm32f4xx_hal_gpio.o
                                      0xc3f7b (size before relaxing)
 .debug_str     0x00000000000c9f30      0xa86 Drivers/STM32F4xx_HAL_Driver/Src/stm32f4xx_hal_i2c.o
                                      0xc4c85 (size before relaxing)
 .debug_str     0x00000000000ca9b6      0x24e Drivers/STM32F4xx_HAL_Driver/Src/stm32f4xx_hal_rcc.o
                                      0xc4129 (size before relaxing)
 .debug_str     0x00000000000cac04      0xc13 Drivers/STM32F4xx_HAL_Driver/Src/stm32f4xx_hal_tim.o
                                      0xc4e48 (size before relaxing)
 .debug_str     0x00000000000cb817      0x4a2 Drivers/STM32F4xx_HAL_Driver/Src/stm32f4xx_hal_tim_ex.o
                                      0xc4648 (size before relaxing)
 .debug_str     0x00000000000cbcb9      0x507 Drivers/STM32F4xx_HAL_Driver/Src/stm32f4xx_hal_uart.o
                                      0xc4588 (size before relaxing)

.comment        0x0000000000000000       0x7b
 .comment       0x0000000000000000       0x7b Core/Src/Accelerometer.o
                                         0x7c (size before relaxing)
 .comment       0x000000000000007b       0x7c Core/Src/Angular_Position.o
 .comment       0x000000000000007b       0x7c Core/Src/Delay.o
 .comment       0x000000000000007b       0x7c Core/Src/Gyroscope.o
 .comment       0x000000000000007b       0x7c Core/Src/Pwm.o
 .comment       0x000000000000007b       0x7c Core/Src/Remote_Controls.o
 .comment       0x000000000000007b       0x7c Core/Src/main.o
 .comment       0x000000000000007b       0x7c Core/Src/stm32f4xx_hal_msp.o
 .comment       0x000000000000007b       0x7c Core/Src/stm32f4xx_it.o
 .comment       0x000000000000007b       0x7c Core/Src/system_stm32f4xx.o
 .comment       0x000000000000007b       0x7c Drivers/STM32F4xx_HAL_Driver/Src/stm32f4xx_hal.o
 .comment       0x000000000000007b       0x7c Drivers/STM32F4xx_HAL_Driver/Src/stm32f4xx_hal_cortex.o
 .comment       0x000000000000007b       0x7c Drivers/STM32F4xx_HAL_Driver/Src/stm32f4xx_hal_gpio.o
 .comment       0x000000000000007b       0x7c Drivers/STM32F4xx_HAL_Driver/Src/stm32f4xx_hal_i2c.o
 .comment       0x000000000000007b       0x7c Drivers/STM32F4xx_HAL_Driver/Src/stm32f4xx_hal_rcc.o
 .comment       0x000000000000007b       0x7c Drivers/STM32F4xx_HAL_Driver/Src/stm32f4xx_hal_tim.o
 .comment       0x000000000000007b       0x7c Drivers/STM32F4xx_HAL_Driver/Src/stm32f4xx_hal_tim_ex.o
 .comment       0x000000000000007b       0x7c Drivers/STM32F4xx_HAL_Driver/Src/stm32f4xx_hal_uart.o

.debug_frame    0x0000000000000000     0x444c
 .debug_frame   0x0000000000000000       0xa0 Core/Src/Accelerometer.o
 .debug_frame   0x00000000000000a0       0x68 Core/Src/Angular_Position.o
 .debug_frame   0x0000000000000108       0xb4 Core/Src/Delay.o
 .debug_frame   0x00000000000001bc       0x98 Core/Src/Gyroscope.o
 .debug_frame   0x0000000000000254      0x204 Core/Src/Pwm.o
 .debug_frame   0x0000000000000458       0xc8 Core/Src/Remote_Controls.o
 .debug_frame   0x0000000000000520      0x1cc Core/Src/main.o
 .debug_frame   0x00000000000006ec      0x138 Core/Src/stm32f4xx_hal_msp.o
 .debug_frame   0x0000000000000824      0x198 Core/Src/stm32f4xx_it.o
 .debug_frame   0x00000000000009bc       0x58 Core/Src/system_stm32f4xx.o
 .debug_frame   0x0000000000000a14      0x374 Drivers/STM32F4xx_HAL_Driver/Src/stm32f4xx_hal.o
 .debug_frame   0x0000000000000d88      0x498 Drivers/STM32F4xx_HAL_Driver/Src/stm32f4xx_hal_cortex.o
 .debug_frame   0x0000000000001220      0x14c Drivers/STM32F4xx_HAL_Driver/Src/stm32f4xx_hal_gpio.o
 .debug_frame   0x000000000000136c      0xc38 Drivers/STM32F4xx_HAL_Driver/Src/stm32f4xx_hal_i2c.o
 .debug_frame   0x0000000000001fa4      0x1f0 Drivers/STM32F4xx_HAL_Driver/Src/stm32f4xx_hal_rcc.o
 .debug_frame   0x0000000000002194     0x10f0 Drivers/STM32F4xx_HAL_Driver/Src/stm32f4xx_hal_tim.o
 .debug_frame   0x0000000000003284      0x5c0 Drivers/STM32F4xx_HAL_Driver/Src/stm32f4xx_hal_tim_ex.o
 .debug_frame   0x0000000000003844      0x844 Drivers/STM32F4xx_HAL_Driver/Src/stm32f4xx_hal_uart.o
 .debug_frame   0x0000000000004088       0x20 c:/st/stm32cubeide_1.3.0/stm32cubeide/plugins/com.st.stm32cube.ide.mcu.externaltools.gnu-tools-for-stm32.7-2018-q2-update.win32_1.4.0.202007081208/tools/bin/../lib/gcc/arm-none-eabi/7.3.1/../../../../arm-none-eabi/lib/thumb/v7e-m/fpv4-sp/hard\libc_nano.a(lib_a-errno.o)
 .debug_frame   0x00000000000040a8       0x2c c:/st/stm32cubeide_1.3.0/stm32cubeide/plugins/com.st.stm32cube.ide.mcu.externaltools.gnu-tools-for-stm32.7-2018-q2-update.win32_1.4.0.202007081208/tools/bin/../lib/gcc/arm-none-eabi/7.3.1/../../../../arm-none-eabi/lib/thumb/v7e-m/fpv4-sp/hard\libc_nano.a(lib_a-init.o)
 .debug_frame   0x00000000000040d4       0x20 c:/st/stm32cubeide_1.3.0/stm32cubeide/plugins/com.st.stm32cube.ide.mcu.externaltools.gnu-tools-for-stm32.7-2018-q2-update.win32_1.4.0.202007081208/tools/bin/../lib/gcc/arm-none-eabi/7.3.1/../../../../arm-none-eabi/lib/thumb/v7e-m/fpv4-sp/hard\libc_nano.a(lib_a-memset.o)
 .debug_frame   0x00000000000040f4       0x38 c:/st/stm32cubeide_1.3.0/stm32cubeide/plugins/com.st.stm32cube.ide.mcu.externaltools.gnu-tools-for-stm32.7-2018-q2-update.win32_1.4.0.202007081208/tools/bin/../lib/gcc/arm-none-eabi/7.3.1/../../../../arm-none-eabi/lib/thumb/v7e-m/fpv4-sp/hard\libm.a(lib_a-s_atan.o)
 .debug_frame   0x000000000000412c       0x20 c:/st/stm32cubeide_1.3.0/stm32cubeide/plugins/com.st.stm32cube.ide.mcu.externaltools.gnu-tools-for-stm32.7-2018-q2-update.win32_1.4.0.202007081208/tools/bin/../lib/gcc/arm-none-eabi/7.3.1/../../../../arm-none-eabi/lib/thumb/v7e-m/fpv4-sp/hard\libm.a(lib_a-s_fabs.o)
 .debug_frame   0x000000000000414c       0x4c c:/st/stm32cubeide_1.3.0/stm32cubeide/plugins/com.st.stm32cube.ide.mcu.externaltools.gnu-tools-for-stm32.7-2018-q2-update.win32_1.4.0.202007081208/tools/bin/../lib/gcc/arm-none-eabi/7.3.1/../../../../arm-none-eabi/lib/thumb/v7e-m/fpv4-sp/hard\libm.a(lib_a-w_sqrt.o)
 .debug_frame   0x0000000000004198       0x30 c:/st/stm32cubeide_1.3.0/stm32cubeide/plugins/com.st.stm32cube.ide.mcu.externaltools.gnu-tools-for-stm32.7-2018-q2-update.win32_1.4.0.202007081208/tools/bin/../lib/gcc/arm-none-eabi/7.3.1/../../../../arm-none-eabi/lib/thumb/v7e-m/fpv4-sp/hard\libm.a(lib_a-e_sqrt.o)
 .debug_frame   0x00000000000041c8       0x20 c:/st/stm32cubeide_1.3.0/stm32cubeide/plugins/com.st.stm32cube.ide.mcu.externaltools.gnu-tools-for-stm32.7-2018-q2-update.win32_1.4.0.202007081208/tools/bin/../lib/gcc/arm-none-eabi/7.3.1/../../../../arm-none-eabi/lib/thumb/v7e-m/fpv4-sp/hard\libm.a(lib_a-s_matherr.o)
 .debug_frame   0x00000000000041e8       0xac c:/st/stm32cubeide_1.3.0/stm32cubeide/plugins/com.st.stm32cube.ide.mcu.externaltools.gnu-tools-for-stm32.7-2018-q2-update.win32_1.4.0.202007081208/tools/bin/../lib/gcc/arm-none-eabi/7.3.1/thumb/v7e-m/fpv4-sp/hard\libgcc.a(_arm_addsubdf3.o)
 .debug_frame   0x0000000000004294       0x50 c:/st/stm32cubeide_1.3.0/stm32cubeide/plugins/com.st.stm32cube.ide.mcu.externaltools.gnu-tools-for-stm32.7-2018-q2-update.win32_1.4.0.202007081208/tools/bin/../lib/gcc/arm-none-eabi/7.3.1/thumb/v7e-m/fpv4-sp/hard\libgcc.a(_arm_muldivdf3.o)
 .debug_frame   0x00000000000042e4       0xc4 c:/st/stm32cubeide_1.3.0/stm32cubeide/plugins/com.st.stm32cube.ide.mcu.externaltools.gnu-tools-for-stm32.7-2018-q2-update.win32_1.4.0.202007081208/tools/bin/../lib/gcc/arm-none-eabi/7.3.1/thumb/v7e-m/fpv4-sp/hard\libgcc.a(_arm_cmpdf2.o)
 .debug_frame   0x00000000000043a8       0x20 c:/st/stm32cubeide_1.3.0/stm32cubeide/plugins/com.st.stm32cube.ide.mcu.externaltools.gnu-tools-for-stm32.7-2018-q2-update.win32_1.4.0.202007081208/tools/bin/../lib/gcc/arm-none-eabi/7.3.1/thumb/v7e-m/fpv4-sp/hard\libgcc.a(_arm_unorddf2.o)
 .debug_frame   0x00000000000043c8       0x24 c:/st/stm32cubeide_1.3.0/stm32cubeide/plugins/com.st.stm32cube.ide.mcu.externaltools.gnu-tools-for-stm32.7-2018-q2-update.win32_1.4.0.202007081208/tools/bin/../lib/gcc/arm-none-eabi/7.3.1/thumb/v7e-m/fpv4-sp/hard\libgcc.a(_arm_truncdfsf2.o)
 .debug_frame   0x00000000000043ec       0x2c c:/st/stm32cubeide_1.3.0/stm32cubeide/plugins/com.st.stm32cube.ide.mcu.externaltools.gnu-tools-for-stm32.7-2018-q2-update.win32_1.4.0.202007081208/tools/bin/../lib/gcc/arm-none-eabi/7.3.1/thumb/v7e-m/fpv4-sp/hard\libgcc.a(_aeabi_uldivmod.o)
 .debug_frame   0x0000000000004418       0x34 c:/st/stm32cubeide_1.3.0/stm32cubeide/plugins/com.st.stm32cube.ide.mcu.externaltools.gnu-tools-for-stm32.7-2018-q2-update.win32_1.4.0.202007081208/tools/bin/../lib/gcc/arm-none-eabi/7.3.1/thumb/v7e-m/fpv4-sp/hard\libgcc.a(_udivmoddi4.o)
