Archive member included to satisfy reference by file (symbol)

c:/st/stm32cubeide_1.3.0/stm32cubeide/plugins/com.st.stm32cube.ide.mcu.externaltools.gnu-tools-for-stm32.7-2018-q2-update.win32_1.4.0.202007081208/tools/bin/../lib/gcc/arm-none-eabi/7.3.1/../../../../arm-none-eabi/lib/thumb/v7e-m/fpv4-sp/hard\libc_nano.a(lib_a-errno.o)
                              Core/Src/syscalls.o (__errno)
c:/st/stm32cubeide_1.3.0/stm32cubeide/plugins/com.st.stm32cube.ide.mcu.externaltools.gnu-tools-for-stm32.7-2018-q2-update.win32_1.4.0.202007081208/tools/bin/../lib/gcc/arm-none-eabi/7.3.1/../../../../arm-none-eabi/lib/thumb/v7e-m/fpv4-sp/hard\libc_nano.a(lib_a-exit.o)
                              c:/st/stm32cubeide_1.3.0/stm32cubeide/plugins/com.st.stm32cube.ide.mcu.externaltools.gnu-tools-for-stm32.7-2018-q2-update.win32_1.4.0.202007081208/tools/bin/../lib/gcc/arm-none-eabi/7.3.1/../../../../arm-none-eabi/lib/thumb/v7e-m/fpv4-sp/hard/crt0.o (exit)
c:/st/stm32cubeide_1.3.0/stm32cubeide/plugins/com.st.stm32cube.ide.mcu.externaltools.gnu-tools-for-stm32.7-2018-q2-update.win32_1.4.0.202007081208/tools/bin/../lib/gcc/arm-none-eabi/7.3.1/../../../../arm-none-eabi/lib/thumb/v7e-m/fpv4-sp/hard\libc_nano.a(lib_a-impure.o)
                              c:/st/stm32cubeide_1.3.0/stm32cubeide/plugins/com.st.stm32cube.ide.mcu.externaltools.gnu-tools-for-stm32.7-2018-q2-update.win32_1.4.0.202007081208/tools/bin/../lib/gcc/arm-none-eabi/7.3.1/../../../../arm-none-eabi/lib/thumb/v7e-m/fpv4-sp/hard\libc_nano.a(lib_a-exit.o) (_global_impure_ptr)
c:/st/stm32cubeide_1.3.0/stm32cubeide/plugins/com.st.stm32cube.ide.mcu.externaltools.gnu-tools-for-stm32.7-2018-q2-update.win32_1.4.0.202007081208/tools/bin/../lib/gcc/arm-none-eabi/7.3.1/../../../../arm-none-eabi/lib/thumb/v7e-m/fpv4-sp/hard\libc_nano.a(lib_a-init.o)
                              c:/st/stm32cubeide_1.3.0/stm32cubeide/plugins/com.st.stm32cube.ide.mcu.externaltools.gnu-tools-for-stm32.7-2018-q2-update.win32_1.4.0.202007081208/tools/bin/../lib/gcc/arm-none-eabi/7.3.1/../../../../arm-none-eabi/lib/thumb/v7e-m/fpv4-sp/hard/crt0.o (__libc_init_array)
c:/st/stm32cubeide_1.3.0/stm32cubeide/plugins/com.st.stm32cube.ide.mcu.externaltools.gnu-tools-for-stm32.7-2018-q2-update.win32_1.4.0.202007081208/tools/bin/../lib/gcc/arm-none-eabi/7.3.1/../../../../arm-none-eabi/lib/thumb/v7e-m/fpv4-sp/hard\libc_nano.a(lib_a-memset.o)
                              c:/st/stm32cubeide_1.3.0/stm32cubeide/plugins/com.st.stm32cube.ide.mcu.externaltools.gnu-tools-for-stm32.7-2018-q2-update.win32_1.4.0.202007081208/tools/bin/../lib/gcc/arm-none-eabi/7.3.1/../../../../arm-none-eabi/lib/thumb/v7e-m/fpv4-sp/hard/crt0.o (memset)
c:/st/stm32cubeide_1.3.0/stm32cubeide/plugins/com.st.stm32cube.ide.mcu.externaltools.gnu-tools-for-stm32.7-2018-q2-update.win32_1.4.0.202007081208/tools/bin/../lib/gcc/arm-none-eabi/7.3.1/../../../../arm-none-eabi/lib/thumb/v7e-m/fpv4-sp/hard\libc_nano.a(lib_a-rand.o)
                              Core/Src/main.o (rand)
c:/st/stm32cubeide_1.3.0/stm32cubeide/plugins/com.st.stm32cube.ide.mcu.externaltools.gnu-tools-for-stm32.7-2018-q2-update.win32_1.4.0.202007081208/tools/bin/../lib/gcc/arm-none-eabi/7.3.1/../../../../arm-none-eabi/lib/thumb/v7e-m/fpv4-sp/hard\libc_nano.a(lib_a-snprintf.o)
                              Core/Src/Panic.o (snprintf)
c:/st/stm32cubeide_1.3.0/stm32cubeide/plugins/com.st.stm32cube.ide.mcu.externaltools.gnu-tools-for-stm32.7-2018-q2-update.win32_1.4.0.202007081208/tools/bin/../lib/gcc/arm-none-eabi/7.3.1/../../../../arm-none-eabi/lib/thumb/v7e-m/fpv4-sp/hard\libc_nano.a(lib_a-sprintf.o)
                              Core/Src/Analytics.o (sprintf)
c:/st/stm32cubeide_1.3.0/stm32cubeide/plugins/com.st.stm32cube.ide.mcu.externaltools.gnu-tools-for-stm32.7-2018-q2-update.win32_1.4.0.202007081208/tools/bin/../lib/gcc/arm-none-eabi/7.3.1/../../../../arm-none-eabi/lib/thumb/v7e-m/fpv4-sp/hard\libc_nano.a(lib_a-strlen.o)
                              Core/Src/Panic.o (strlen)
c:/st/stm32cubeide_1.3.0/stm32cubeide/plugins/com.st.stm32cube.ide.mcu.externaltools.gnu-tools-for-stm32.7-2018-q2-update.win32_1.4.0.202007081208/tools/bin/../lib/gcc/arm-none-eabi/7.3.1/../../../../arm-none-eabi/lib/thumb/v7e-m/fpv4-sp/hard\libc_nano.a(lib_a-malloc.o)
                              c:/st/stm32cubeide_1.3.0/stm32cubeide/plugins/com.st.stm32cube.ide.mcu.externaltools.gnu-tools-for-stm32.7-2018-q2-update.win32_1.4.0.202007081208/tools/bin/../lib/gcc/arm-none-eabi/7.3.1/../../../../arm-none-eabi/lib/thumb/v7e-m/fpv4-sp/hard\libc_nano.a(lib_a-rand.o) (malloc)
c:/st/stm32cubeide_1.3.0/stm32cubeide/plugins/com.st.stm32cube.ide.mcu.externaltools.gnu-tools-for-stm32.7-2018-q2-update.win32_1.4.0.202007081208/tools/bin/../lib/gcc/arm-none-eabi/7.3.1/../../../../arm-none-eabi/lib/thumb/v7e-m/fpv4-sp/hard\libc_nano.a(lib_a-nano-freer.o)
[...]
Memory Configuration

Name             Origin             Length             Attributes
CCMRAM           0x0000000010000000 0x0000000000010000 xrw
RAM              0x0000000020000000 0x0000000000020000 xrw
FLASH            0x0000000008000000 0x0000000000100000 xr
*default*        0x0000000000000000 0xffffffffffffffff

Linker script and memory map

LOAD c:/st/stm32cubeide_1.3.0/stm32cubeide/plugins/com.st.stm32cube.ide.mcu.externaltools.gnu-tools-for-stm32.7-2018-q2-update.win32_1.4.0.202007081208/tools/bin/../lib/gcc/arm-none-eabi/7.3.1/thumb/v7e-m/fpv4-sp/hard/crti.o
LOAD c:/st/stm32cubeide_1.3.0/stm32cubeide/plugins/com.st.stm32cube.ide.mcu.externaltools.gnu-tools-for-stm32.7-2018-q2-update.win32_1.4.0.202007081208/tools/bin/../lib/gcc/arm-none-eabi/7.3.1/thumb/v7e-m/fpv4-sp/hard/crtbegin.o
LOAD c:/st/stm32cubeide_1.3.0/stm32cubeide/plugins/com.st.stm32cube.ide.mcu.externaltools.gnu-tools-for-stm32.7-2018-q2-update.win32_1.4.0.202007081208/tools/bin/../lib/gcc/arm-none-eabi/7.3.1/../../../../arm-none-eabi/lib/thumb/v7e-m/fpv4-sp/hard/crt0.o
LOAD Core/Src/Accelerometer.o
LOAD Core/Src/Analytics.o
LOAD Core/Src/Angular_Position.o
LOAD Core/Src/Delay.o
LOAD Core/Src/Gyroscope.o
LOAD Core/Src/On_Board_Leds.o
LOAD Core/Src/PID.o
LOAD Core/Src/Panic.o
LOAD Core/Src/Pwm.o
LOAD Core/Src/Remote_Controls.o
LOAD Core/Src/Ring_Buffer.o
LOAD Core/Src/main.o
LOAD Core/Src/stm32f4xx_hal_msp.o
LOAD Core/Src/stm32f4xx_it.o
LOAD Core/Src/syscalls.o
LOAD Core/Src/sysmem.o
LOAD Core/Src/system_stm32f4xx.o
LOAD Core/Startup/startup_stm32f407vgtx.o
LOAD Drivers/STM32F4xx_HAL_Driver/Src/stm32f4xx_hal.o
LOAD Drivers/STM32F4xx_HAL_Driver/Src/stm32f4xx_hal_cortex.o
LOAD Drivers/STM32F4xx_HAL_Driver/Src/stm32f4xx_hal_dma.o
LOAD Drivers/STM32F4xx_HAL_Driver/Src/stm32f4xx_hal_dma_ex.o
LOAD Drivers/STM32F4xx_HAL_Driver/Src/stm32f4xx_hal_exti.o
LOAD Drivers/STM32F4xx_HAL_Driver/Src/stm32f4xx_hal_flash.o
LOAD Drivers/STM32F4xx_HAL_Driver/Src/stm32f4xx_hal_flash_ex.o
LOAD Drivers/STM32F4xx_HAL_Driver/Src/stm32f4xx_hal_flash_ramfunc.o
LOAD Drivers/STM32F4xx_HAL_Driver/Src/stm32f4xx_hal_gpio.o
LOAD Drivers/STM32F4xx_HAL_Driver/Src/stm32f4xx_hal_i2c.o
LOAD Drivers/STM32F4xx_HAL_Driver/Src/stm32f4xx_hal_i2c_ex.o
LOAD Drivers/STM32F4xx_HAL_Driver/Src/stm32f4xx_hal_pwr.o
LOAD Drivers/STM32F4xx_HAL_Driver/Src/stm32f4xx_hal_pwr_ex.o
LOAD Drivers/STM32F4xx_HAL_Driver/Src/stm32f4xx_hal_rcc.o
LOAD Drivers/STM32F4xx_HAL_Driver/Src/stm32f4xx_hal_rcc_ex.o
LOAD Drivers/STM32F4xx_HAL_Driver/Src/stm32f4xx_hal_tim.o
LOAD Drivers/STM32F4xx_HAL_Driver/Src/stm32f4xx_hal_tim_ex.o
LOAD Drivers/STM32F4xx_HAL_Driver/Src/stm32f4xx_hal_uart.o
START GROUP
LOAD c:/st/stm32cubeide_1.3.0/stm32cubeide/plugins/com.st.stm32cube.ide.mcu.externaltools.gnu-tools-for-stm32.7-2018-q2-update.win32_1.4.0.202007081208/tools/bin/../lib/gcc/arm-none-eabi/7.3.1/../../../../arm-none-eabi/lib/thumb/v7e-m/fpv4-sp/hard\libc_nano.a
LOAD c:/st/stm32cubeide_1.3.0/stm32cubeide/plugins/com.st.stm32cube.ide.mcu.externaltools.gnu-tools-for-stm32.7-2018-q2-update.win32_1.4.0.202007081208/tools/bin/../lib/gcc/arm-none-eabi/7.3.1/../../../../arm-none-eabi/lib/thumb/v7e-m/fpv4-sp/hard\libm.a
END GROUP
START GROUP
LOAD c:/st/stm32cubeide_1.3.0/stm32cubeide/plugins/com.st.stm32cube.ide.mcu.externaltools.gnu-tools-for-stm32.7-2018-q2-update.win32_1.4.0.202007081208/tools/bin/../lib/gcc/arm-none-eabi/7.3.1/thumb/v7e-m/fpv4-sp/hard\libgcc.a
LOAD c:/st/stm32cubeide_1.3.0/stm32cubeide/plugins/com.st.stm32cube.ide.mcu.externaltools.gnu-tools-for-stm32.7-2018-q2-update.win32_1.4.0.202007081208/tools/bin/../lib/gcc/arm-none-eabi/7.3.1/../../../../arm-none-eabi/lib/thumb/v7e-m/fpv4-sp/hard\libc_nano.a
END GROUP
START GROUP
LOAD c:/st/stm32cubeide_1.3.0/stm32cubeide/plugins/com.st.stm32cube.ide.mcu.externaltools.gnu-tools-for-stm32.7-2018-q2-update.win32_1.4.0.202007081208/tools/bin/../lib/gcc/arm-none-eabi/7.3.1/thumb/v7e-m/fpv4-sp/hard\libgcc.a
LOAD c:/st/stm32cubeide_1.3.0/stm32cubeide/plugins/com.st.stm32cube.ide.mcu.externaltools.gnu-tools-for-stm32.7-2018-q2-update.win32_1.4.0.202007081208/tools/bin/../lib/gcc/arm-none-eabi/7.3.1/../../../../arm-none-eabi/lib/thumb/v7e-m/fpv4-sp/hard\libc_nano.a
LOAD c:/st/stm32cubeide_1.3.0/stm32cubeide/plugins/com.st.stm32cube.ide.mcu.externaltools.gnu-tools-for-stm32.7-2018-q2-update.win32_1.4.0.202007081208/tools/bin/../lib/gcc/arm-none-eabi/7.3.1/../../../../arm-none-eabi/lib/thumb/v7e-m/fpv4-sp/hard\libnosys.a
END GROUP
START GROUP
LOAD c:/st/stm32cubeide_1.3.0/stm32cubeide/plugins/com.st.stm32cube.ide.mcu.externaltools.gnu-tools-for-stm32.7-2018-q2-update.win32_1.4.0.202007081208/tools/bin/../lib/gcc/arm-none-eabi/7.3.1/thumb/v7e-m/fpv4-sp/hard\libgcc.a
LOAD c:/st/stm32cubeide_1.3.0/stm32cubeide/plugins/com.st.stm32cube.ide.mcu.externaltools.gnu-tools-for-stm32.7-2018-q2-update.win32_1.4.0.202007081208/tools/bin/../lib/gcc/arm-none-eabi/7.3.1/../../../../arm-none-eabi/lib/thumb/v7e-m/fpv4-sp/hard\libc_nano.a
LOAD c:/st/stm32cubeide_1.3.0/stm32cubeide/plugins/com.st.stm32cube.ide.mcu.externaltools.gnu-tools-for-stm32.7-2018-q2-update.win32_1.4.0.202007081208/tools/bin/../lib/gcc/arm-none-eabi/7.3.1/../../../../arm-none-eabi/lib/thumb/v7e-m/fpv4-sp/hard\libnosys.a
END GROUP
LOAD c:/st/stm32cubeide_1.3.0/stm32cubeide/plugins/com.st.stm32cube.ide.mcu.externaltools.gnu-tools-for-stm32.7-2018-q2-update.win32_1.4.0.202007081208/tools/bin/../lib/gcc/arm-none-eabi/7.3.1/thumb/v7e-m/fpv4-sp/hard/crtend.o
LOAD c:/st/stm32cubeide_1.3.0/stm32cubeide/plugins/com.st.stm32cube.ide.mcu.externaltools.gnu-tools-for-stm32.7-2018-q2-update.win32_1.4.0.202007081208/tools/bin/../lib/gcc/arm-none-eabi/7.3.1/thumb/v7e-m/fpv4-sp/hard/crtn.o
                0x0000000020020000                _estack = (ORIGIN (RAM) + LENGTH (RAM))
                0x0000000000000200                _Min_Heap_Size = 0x200
                0x0000000000000400                _Min_Stack_Size = 0x400

.isr_vector     0x0000000008000000      0x188
                0x0000000008000000                . = ALIGN (0x4)
 *(.isr_vector)
 .isr_vector    0x0000000008000000      0x188 Core/Startup/startup_stm32f407vgtx.o
                0x0000000008000000                g_pfnVectors
                0x0000000008000188                . = ALIGN (0x4)

.text           0x0000000008000190     0x825c
                0x0000000008000190                . = ALIGN (0x4)
 *(.text)
 .text          0x0000000008000190       0x40 c:/st/stm32cubeide_1.3.0/stm32cubeide/plugins/com.st.stm32cube.ide.mcu.externaltools.gnu-tools-for-stm32.7-2018-q2-update.win32_1.4.0.202007081208/tools/bin/../lib/gcc/arm-none-eabi/7.3.1/thumb/v7e-m/fpv4-sp/hard/crtbegin.o
 .text          0x00000000080001d0       0xa0 c:/st/stm32cubeide_1.3.0/stm32cubeide/plugins/com.st.stm32cube.ide.mcu.externaltools.gnu-tools-for-stm32.7-2018-q2-update.win32_1.4.0.202007081208/tools/bin/../lib/gcc/arm-none-eabi/7.3.1/../../../../arm-none-eabi/lib/thumb/v7e-m/fpv4-sp/hard\libc_nano.a(lib_a-memchr.o)
                0x00000000080001d0                memchr
 .text          0x0000000008000270      0x378 c:/st/stm32cubeide_1.3.0/stm32cubeide/plugins/com.st.stm32cube.ide.mcu.externaltools.gnu-tools-for-stm32.7-2018-q2-update.win32_1.4.0.202007081208/tools/bin/../lib/gcc/arm-none-eabi/7.3.1/thumb/v7e-m/fpv4-sp/hard\libgcc.a(_arm_addsubdf3.o)
                0x0000000008000270                __aeabi_drsub
                0x0000000008000278                __aeabi_dsub
                0x0000000008000278                __subdf3
                0x000000000800027c                __aeabi_dadd
                0x000000000800027c                __adddf3
                0x00000000080004f4                __floatunsidf
                0x00000000080004f4                __aeabi_ui2d
                0x0000000008000514                __floatsidf
                0x0000000008000514                __aeabi_i2d
                0x0000000008000538                __aeabi_f2d
                0x0000000008000538                __extendsfdf2
                0x000000000800057c                __floatundidf
                0x000000000800057c                __aeabi_ul2d
                0x000000000800058c                __floatdidf
                0x000000000800058c                __aeabi_l2d
 .text          0x00000000080005e8      0x424 c:/st/stm32cubeide_1.3.0/stm32cubeide/plugins/com.st.stm32cube.ide.mcu.externaltools.gnu-tools-for-stm32.7-2018-q2-update.win32_1.4.0.202007081208/tools/bin/../lib/gcc/arm-none-eabi/7.3.1/thumb/v7e-m/fpv4-sp/hard\libgcc.a(_arm_muldivdf3.o)
                0x00000000080005e8                __aeabi_dmul
                0x00000000080005e8                __muldf3
                0x000000000800083c                __divdf3
                0x000000000800083c                __aeabi_ddiv
 .text          0x0000000008000a0c      0x110 c:/st/stm32cubeide_1.3.0/stm32cubeide/plugins/com.st.stm32cube.ide.mcu.externaltools.gnu-tools-for-stm32.7-2018-q2-update.win32_1.4.0.202007081208/tools/bin/../lib/gcc/arm-none-eabi/7.3.1/thumb/v7e-m/fpv4-sp/hard\libgcc.a(_arm_cmpdf2.o)
                0x0000000008000a0c                __gtdf2
                0x0000000008000a0c                __gedf2
                0x0000000008000a14                __ltdf2
                0x0000000008000a14                __ledf2
                0x0000000008000a1c                __nedf2
                0x0000000008000a1c                __eqdf2
                0x0000000008000a1c                __cmpdf2
                0x0000000008000a98                __aeabi_cdrcmple
                0x0000000008000aa8                __aeabi_cdcmpeq
                0x0000000008000aa8                __aeabi_cdcmple
                0x0000000008000ab8                __aeabi_dcmpeq
                0x0000000008000acc                __aeabi_dcmplt
                0x0000000008000ae0                __aeabi_dcmple
                0x0000000008000af4                __aeabi_dcmpge
                0x0000000008000b08                __aeabi_dcmpgt
 .text          0x0000000008000b1c       0x2c c:/st/stm32cubeide_1.3.0/stm32cubeide/plugins/com.st.stm32cube.ide.mcu.externaltools.gnu-tools-for-stm32.7-2018-q2-update.win32_1.4.0.202007081208/tools/bin/../lib/gcc/arm-none-eabi/7.3.1/thumb/v7e-m/fpv4-sp/hard\libgcc.a(_arm_unorddf2.o)
                0x0000000008000b1c                __unorddf2
                0x0000000008000b1c                __aeabi_dcmpun
 .text          0x0000000008000b48       0xa0 c:/st/stm32cubeide_1.3.0/stm32cubeide/plugins/com.st.stm32cube.ide.mcu.externaltools.gnu-tools-for-stm32.7-2018-q2-update.win32_1.4.0.202007081208/tools/bin/../lib/gcc/arm-none-eabi/7.3.1/thumb/v7e-m/fpv4-sp/hard\libgcc.a(_arm_truncdfsf2.o)
                0x0000000008000b48                __truncdfsf2
                0x0000000008000b48                __aeabi_d2f
 .text          0x0000000008000be8       0x30 c:/st/stm32cubeide_1.3.0/stm32cubeide/plugins/com.st.stm32cube.ide.mcu.externaltools.gnu-tools-for-stm32.7-2018-q2-update.win32_1.4.0.202007081208/tools/bin/../lib/gcc/arm-none-eabi/7.3.1/thumb/v7e-m/fpv4-sp/hard\libgcc.a(_aeabi_uldivmod.o)
                0x0000000008000be8                __aeabi_uldivmod
 .text          0x0000000008000c18      0x2cc c:/st/stm32cubeide_1.3.0/stm32cubeide/plugins/com.st.stm32cube.ide.mcu.externaltools.gnu-tools-for-stm32.7-2018-q2-update.win32_1.4.0.202007081208/tools/bin/../lib/gcc/arm-none-eabi/7.3.1/thumb/v7e-m/fpv4-sp/hard\libgcc.a(_udivmoddi4.o)
                0x0000000008000c18                __udivmoddi4
 .text          0x0000000008000ee4        0x4 c:/st/stm32cubeide_1.3.0/stm32cubeide/plugins/com.st.stm32cube.ide.mcu.externaltools.gnu-tools-for-stm32.7-2018-q2-update.win32_1.4.0.202007081208/tools/bin/../lib/gcc/arm-none-eabi/7.3.1/thumb/v7e-m/fpv4-sp/hard\libgcc.a(_dvmd_tls.o)
                0x0000000008000ee4                __aeabi_idiv0
                0x0000000008000ee4                __aeabi_ldiv0
 *(.text*)
 .text.i2c_write_accelerometer
                0x0000000008000ee8       0x3c Core/Src/Accelerometer.o
                0x0000000008000ee8                i2c_write_accelerometer
 .text.i2c_read_accelerometer
                0x0000000008000f24       0x40 Core/Src/Accelerometer.o
                0x0000000008000f24                i2c_read_accelerometer
 .text.InitialiseAccelerometer
                0x0000000008000f64       0x7c Core/Src/Accelerometer.o
                0x0000000008000f64                InitialiseAccelerometer
 .text.ReadAccelerometer
                0x0000000008000fe0      0x2e0 Core/Src/Accelerometer.o
                0x0000000008000fe0                ReadAccelerometer
 .text.WriteCharacterToBuffer
                0x00000000080012c0       0x20 Core/Src/Analytics.o
                0x00000000080012c0                WriteCharacterToBuffer
 .text.numDigits
                0x00000000080012e0       0x38 Core/Src/Analytics.o
                0x00000000080012e0                numDigits
 .text.WriteCharacterToBufferNum
                0x0000000008001318       0x58 Core/Src/Analytics.o
                0x0000000008001318                WriteCharacterToBufferNum
 .text.RecordFloatMetric
                0x0000000008001370       0x5a Core/Src/Analytics.o
                0x0000000008001370                RecordFloatMetric
 *fill*         0x00000000080013ca        0x2 
 .text.FlushMetrics
                0x00000000080013cc       0x50 Core/Src/Analytics.o
                0x00000000080013cc                FlushMetrics
 .text.InitialiseAngularPosition
                0x000000000800141c       0x38 Core/Src/Angular_Position.o
                0x000000000800141c                InitialiseAngularPosition
 .text.ReadAngularPosition
                0x0000000008001454       0x70 Core/Src/Angular_Position.o
                0x0000000008001454                ReadAngularPosition
 .text.EnableTiming
                0x00000000080014c4       0x54 Core/Src/Delay.o
                0x00000000080014c4                EnableTiming
 .text.TimingDelay
                0x0000000008001518       0x34 Core/Src/Delay.o
                0x0000000008001518                TimingDelay
 .text.WaitAFewMillis
                0x000000000800154c       0x28 Core/Src/Delay.o
                0x000000000800154c                WaitAFewMillis
 .text.i2c_write_gyroscope
                0x0000000008001574       0x3c Core/Src/Gyroscope.o
                0x0000000008001574                i2c_write_gyroscope
 .text.i2c_read_gyroscope
                0x00000000080015b0       0x40 Core/Src/Gyroscope.o
                0x00000000080015b0                i2c_read_gyroscope
 .text.InitialiseGyroscope
                0x00000000080015f0       0x80 Core/Src/Gyroscope.o
                0x00000000080015f0                InitialiseGyroscope
 .text.ReadGyroscope
                0x0000000008001670      0x18c Core/Src/Gyroscope.o
                0x0000000008001670                ReadGyroscope
 .text.TurnOn   0x00000000080017fc       0x24 Core/Src/On_Board_Leds.o
                0x00000000080017fc                TurnOn
 .text.TurnOff  0x0000000008001820       0x24 Core/Src/On_Board_Leds.o
                0x0000000008001820                TurnOff
 .text.InitialisePid
                0x0000000008001844       0x46 Core/Src/PID.o
                0x0000000008001844                InitialisePid
 *fill*         0x000000000800188a        0x2 
 .text.CalculatePidAdjustment
                0x000000000800188c       0xbc Core/Src/PID.o
                0x000000000800188c                CalculatePidAdjustment
 .text.InitialisePanicButton
                0x0000000008001948       0x18 Core/Src/Panic.o
                0x0000000008001948                InitialisePanicButton
 .text.ClearWarnings
                0x0000000008001960       0x34 Core/Src/Panic.o
                0x0000000008001960                ClearWarnings
 .text.InitialisePWM
                0x0000000008001994       0xa8 Core/Src/Pwm.o
                0x0000000008001994                InitialisePWM
 .text.SetTim3Channel1
                0x0000000008001a3c       0x68 Core/Src/Pwm.o
                0x0000000008001a3c                SetTim3Channel1
 .text.SetTim3Channel2
                0x0000000008001aa4       0x68 Core/Src/Pwm.o
                0x0000000008001aa4                SetTim3Channel2
 .text.SetTim3Channel3
                0x0000000008001b0c       0x68 Core/Src/Pwm.o
                0x0000000008001b0c                SetTim3Channel3
 .text.SetTim3Channel4
                0x0000000008001b74       0x68 Core/Src/Pwm.o
                0x0000000008001b74                SetTim3Channel4
 .text.UpdateTim3Channel1
                0x0000000008001bdc       0x2c Core/Src/Pwm.o
                0x0000000008001bdc                UpdateTim3Channel1
 .text.UpdateTim3Channel2
                0x0000000008001c08       0x2c Core/Src/Pwm.o
                0x0000000008001c08                UpdateTim3Channel2
 .text.UpdateTim3Channel3
                0x0000000008001c34       0x2c Core/Src/Pwm.o
                0x0000000008001c34                UpdateTim3Channel3
 .text.UpdateTim3Channel4
                0x0000000008001c60       0x2c Core/Src/Pwm.o
                0x0000000008001c60                UpdateTim3Channel4
 .text.ReadTim3Channel1Pulse
                0x0000000008001c8c       0x1c Core/Src/Pwm.o
                0x0000000008001c8c                ReadTim3Channel1Pulse
 .text.ReadTim3Channel2Pulse
                0x0000000008001ca8       0x1c Core/Src/Pwm.o
                0x0000000008001ca8                ReadTim3Channel2Pulse
 .text.ReadTim3Channel3Pulse
                0x0000000008001cc4       0x1c Core/Src/Pwm.o
                0x0000000008001cc4                ReadTim3Channel3Pulse
 .text.ReadTim3Channel4Pulse
                0x0000000008001ce0       0x1c Core/Src/Pwm.o
                0x0000000008001ce0                ReadTim3Channel4Pulse
 .text.InitialisePWMChannel
                0x0000000008001cfc       0xa4 Core/Src/Pwm.o
                0x0000000008001cfc                InitialisePWMChannel
 .text.InitialiseRemoteControls
                0x0000000008001da0       0xb8 Core/Src/Remote_Controls.o
                0x0000000008001da0                InitialiseRemoteControls
 .text.CalculatePercentageOfMaximum
                0x0000000008001e58       0xf8 Core/Src/Remote_Controls.o
                0x0000000008001e58                CalculatePercentageOfMaximum
 .text.ReadRemoteThrottle
                0x0000000008001f50       0x40 Core/Src/Remote_Controls.o
                0x0000000008001f50                ReadRemoteThrottle
 .text.modulo_inc
                0x0000000008001f90       0x2a Core/Src/Ring_Buffer.o
                0x0000000008001f90                modulo_inc
 .text.RingBufferPop
                0x0000000008001fba       0x58 Core/Src/Ring_Buffer.o
                0x0000000008001fba                RingBufferPop
 .text.RingBufferPut
                0x0000000008002012       0x56 Core/Src/Ring_Buffer.o
                0x0000000008002012                RingBufferPut
 .text.main     0x0000000008002068      0x6c0 Core/Src/main.o
                0x0000000008002068                main
 .text.HAL_TIM_PeriodElapsedCallback
                0x0000000008002728       0x68 Core/Src/main.o
                0x0000000008002728                HAL_TIM_PeriodElapsedCallback
 .text.HAL_TIM_IC_CaptureCallback
                0x0000000008002790      0x220 Core/Src/main.o
                0x0000000008002790                HAL_TIM_IC_CaptureCallback
 .text.SystemClock_Config
                0x00000000080029b0       0xd4 Core/Src/main.o
                0x00000000080029b0                SystemClock_Config
 .text.MX_I2C1_Init
                0x0000000008002a84       0x5c Core/Src/main.o
 .text.MX_TIM2_Init
                0x0000000008002ae0       0x98 Core/Src/main.o
 .text.MX_TIM3_Init
                0x0000000008002b78      0x130 Core/Src/main.o
 .text.MX_TIM4_Init
                0x0000000008002ca8      0x10c Core/Src/main.o
 .text.MX_TIM5_Init
                0x0000000008002db4      0x10c Core/Src/main.o
 .text.MX_TIM9_Init
                0x0000000008002ec0       0xe4 Core/Src/main.o
 .text.MX_TIM12_Init
                0x0000000008002fa4       0xe4 Core/Src/main.o
 .text.MX_UART4_Init
                0x0000000008003088       0x54 Core/Src/main.o
 .text.MX_GPIO_Init
                0x00000000080030dc       0xf8 Core/Src/main.o
 .text.Error_Handler
                0x00000000080031d4        0xe Core/Src/main.o
                0x00000000080031d4                Error_Handler
 *fill*         0x00000000080031e2        0x2 
 .text.HAL_MspInit
                0x00000000080031e4       0x50 Core/Src/stm32f4xx_hal_msp.o
                0x00000000080031e4                HAL_MspInit
 .text.HAL_I2C_MspInit
                0x0000000008003234       0x90 Core/Src/stm32f4xx_hal_msp.o
                0x0000000008003234                HAL_I2C_MspInit
 .text.HAL_TIM_Base_MspInit
                0x00000000080032c4      0x274 Core/Src/stm32f4xx_hal_msp.o
                0x00000000080032c4                HAL_TIM_Base_MspInit
 .text.HAL_TIM_MspPostInit
                0x0000000008003538       0xb4 Core/Src/stm32f4xx_hal_msp.o
                0x0000000008003538                HAL_TIM_MspPostInit
 .text.HAL_UART_MspInit
                0x00000000080035ec       0x90 Core/Src/stm32f4xx_hal_msp.o
                0x00000000080035ec                HAL_UART_MspInit
 .text.NMI_Handler
                0x000000000800367c        0xe Core/Src/stm32f4xx_it.o
                0x000000000800367c                NMI_Handler
 .text.HardFault_Handler
                0x000000000800368a        0x6 Core/Src/stm32f4xx_it.o
                0x000000000800368a                HardFault_Handler
 .text.MemManage_Handler
                0x0000000008003690        0x6 Core/Src/stm32f4xx_it.o
                0x0000000008003690                MemManage_Handler
 .text.BusFault_Handler
                0x0000000008003696        0x6 Core/Src/stm32f4xx_it.o
                0x0000000008003696                BusFault_Handler
 .text.UsageFault_Handler
                0x000000000800369c        0x6 Core/Src/stm32f4xx_it.o
                0x000000000800369c                UsageFault_Handler
 .text.SVC_Handler
                0x00000000080036a2        0xe Core/Src/stm32f4xx_it.o
                0x00000000080036a2                SVC_Handler
 .text.DebugMon_Handler
                0x00000000080036b0        0xe Core/Src/stm32f4xx_it.o
                0x00000000080036b0                DebugMon_Handler
 .text.PendSV_Handler
                0x00000000080036be        0xe Core/Src/stm32f4xx_it.o
                0x00000000080036be                PendSV_Handler
 .text.SysTick_Handler
                0x00000000080036cc        0xc Core/Src/stm32f4xx_it.o
                0x00000000080036cc                SysTick_Handler
 .text.TIM1_BRK_TIM9_IRQHandler
                0x00000000080036d8       0x14 Core/Src/stm32f4xx_it.o
                0x00000000080036d8                TIM1_BRK_TIM9_IRQHandler
 .text.TIM2_IRQHandler
                0x00000000080036ec       0x14 Core/Src/stm32f4xx_it.o
                0x00000000080036ec                TIM2_IRQHandler
 .text.TIM4_IRQHandler
                0x0000000008003700       0x14 Core/Src/stm32f4xx_it.o
                0x0000000008003700                TIM4_IRQHandler
 .text.TIM8_BRK_TIM12_IRQHandler
                0x0000000008003714       0x14 Core/Src/stm32f4xx_it.o
                0x0000000008003714                TIM8_BRK_TIM12_IRQHandler
 .text.TIM5_IRQHandler
                0x0000000008003728       0x14 Core/Src/stm32f4xx_it.o
                0x0000000008003728                TIM5_IRQHandler
 .text._sbrk    0x000000000800373c       0x58 Core/Src/sysmem.o
                0x000000000800373c                _sbrk
 .text.SystemInit
                0x0000000008003794       0x2c Core/Src/system_stm32f4xx.o
                0x0000000008003794                SystemInit
 .text.Reset_Handler
                0x00000000080037c0       0x50 Core/Startup/startup_stm32f407vgtx.o
                0x00000000080037c0                Reset_Handler
 .text.Default_Handler
                0x0000000008003810        0x2 Core/Startup/startup_stm32f407vgtx.o
                0x0000000008003810                RTC_Alarm_IRQHandler
                0x0000000008003810                HASH_RNG_IRQHandler
                0x0000000008003810                EXTI2_IRQHandler
                0x0000000008003810                TIM8_CC_IRQHandler
                0x0000000008003810                TIM1_CC_IRQHandler
                0x0000000008003810                DMA2_Stream5_IRQHandler
                0x0000000008003810                DMA1_Stream5_IRQHandler
                0x0000000008003810                PVD_IRQHandler
                0x0000000008003810                SDIO_IRQHandler
                0x0000000008003810                TAMP_STAMP_IRQHandler
                0x0000000008003810                CAN2_RX1_IRQHandler
                0x0000000008003810                EXTI3_IRQHandler
                0x0000000008003810                TIM8_TRG_COM_TIM14_IRQHandler
                0x0000000008003810                TIM1_UP_TIM10_IRQHandler
                0x0000000008003810                TIM8_UP_TIM13_IRQHandler
                0x0000000008003810                I2C3_ER_IRQHandler
                0x0000000008003810                EXTI0_IRQHandler
                0x0000000008003810                I2C2_EV_IRQHandler
                0x0000000008003810                DMA1_Stream2_IRQHandler
                0x0000000008003810                CAN1_RX0_IRQHandler
                0x0000000008003810                FPU_IRQHandler
                0x0000000008003810                OTG_HS_WKUP_IRQHandler
                0x0000000008003810                CAN2_SCE_IRQHandler
                0x0000000008003810                DMA2_Stream2_IRQHandler
                0x0000000008003810                SPI1_IRQHandler
                0x0000000008003810                TIM6_DAC_IRQHandler
                0x0000000008003810                DCMI_IRQHandler
                0x0000000008003810                CAN2_RX0_IRQHandler
                0x0000000008003810                DMA2_Stream3_IRQHandler
                0x0000000008003810                USART6_IRQHandler
                0x0000000008003810                USART3_IRQHandler
                0x0000000008003810                CAN1_RX1_IRQHandler
                0x0000000008003810                UART5_IRQHandler
                0x0000000008003810                DMA2_Stream0_IRQHandler
                0x0000000008003810                I2C1_EV_IRQHandler
                0x0000000008003810                DMA1_Stream6_IRQHandler
                0x0000000008003810                DMA1_Stream1_IRQHandler
                0x0000000008003810                UART4_IRQHandler
                0x0000000008003810                TIM3_IRQHandler
                0x0000000008003810                RCC_IRQHandler
                0x0000000008003810                Default_Handler
                0x0000000008003810                EXTI15_10_IRQHandler
                0x0000000008003810                ADC_IRQHandler
                0x0000000008003810                DMA1_Stream7_IRQHandler
                0x0000000008003810                TIM7_IRQHandler
                0x0000000008003810                CAN2_TX_IRQHandler
                0x0000000008003810                DMA2_Stream7_IRQHandler
                0x0000000008003810                I2C3_EV_IRQHandler
                0x0000000008003810                EXTI9_5_IRQHandler
                0x0000000008003810                RTC_WKUP_IRQHandler
                0x0000000008003810                ETH_WKUP_IRQHandler
                0x0000000008003810                SPI2_IRQHandler
                0x0000000008003810                OTG_HS_EP1_IN_IRQHandler
                0x0000000008003810                DMA1_Stream0_IRQHandler
                0x0000000008003810                CAN1_TX_IRQHandler
                0x0000000008003810                EXTI4_IRQHandler
                0x0000000008003810                FSMC_IRQHandler
                0x0000000008003810                ETH_IRQHandler
                0x0000000008003810                OTG_HS_EP1_OUT_IRQHandler
                0x0000000008003810                WWDG_IRQHandler
                0x0000000008003810                OTG_FS_WKUP_IRQHandler
                0x0000000008003810                TIM1_TRG_COM_TIM11_IRQHandler
                0x0000000008003810                OTG_HS_IRQHandler
                0x0000000008003810                EXTI1_IRQHandler
                0x0000000008003810                USART2_IRQHandler
                0x0000000008003810                I2C2_ER_IRQHandler
                0x0000000008003810                DMA2_Stream1_IRQHandler
                0x0000000008003810                CAN1_SCE_IRQHandler
                0x0000000008003810                FLASH_IRQHandler
                0x0000000008003810                DMA2_Stream4_IRQHandler
                0x0000000008003810                USART1_IRQHandler
                0x0000000008003810                OTG_FS_IRQHandler
                0x0000000008003810                SPI3_IRQHandler
                0x0000000008003810                DMA1_Stream4_IRQHandler
                0x0000000008003810                I2C1_ER_IRQHandler
                0x0000000008003810                DMA2_Stream6_IRQHandler
                0x0000000008003810                DMA1_Stream3_IRQHandler
 *fill*         0x0000000008003812        0x2 
 .text.HAL_Init
                0x0000000008003814       0x44 Drivers/STM32F4xx_HAL_Driver/Src/stm32f4xx_hal.o
                0x0000000008003814                HAL_Init
 .text.HAL_InitTick
                0x0000000008003858       0x60 Drivers/STM32F4xx_HAL_Driver/Src/stm32f4xx_hal.o
                0x0000000008003858                HAL_InitTick
 .text.HAL_IncTick
                0x00000000080038b8       0x28 Drivers/STM32F4xx_HAL_Driver/Src/stm32f4xx_hal.o
                0x00000000080038b8                HAL_IncTick
 .text.HAL_GetTick
                0x00000000080038e0       0x18 Drivers/STM32F4xx_HAL_Driver/Src/stm32f4xx_hal.o
                0x00000000080038e0                HAL_GetTick
 .text.__NVIC_SetPriorityGrouping
                0x00000000080038f8       0x48 Drivers/STM32F4xx_HAL_Driver/Src/stm32f4xx_hal_cortex.o
 .text.__NVIC_GetPriorityGrouping
                0x0000000008003940       0x1c Drivers/STM32F4xx_HAL_Driver/Src/stm32f4xx_hal_cortex.o
 .text.__NVIC_EnableIRQ
                0x000000000800395c       0x3c Drivers/STM32F4xx_HAL_Driver/Src/stm32f4xx_hal_cortex.o
 .text.__NVIC_SetPriority
                0x0000000008003998       0x54 Drivers/STM32F4xx_HAL_Driver/Src/stm32f4xx_hal_cortex.o
 .text.NVIC_EncodePriority
                0x00000000080039ec       0x66 Drivers/STM32F4xx_HAL_Driver/Src/stm32f4xx_hal_cortex.o
 *fill*         0x0000000008003a52        0x2 
 .text.SysTick_Config
                0x0000000008003a54       0x44 Drivers/STM32F4xx_HAL_Driver/Src/stm32f4xx_hal_cortex.o
 .text.HAL_NVIC_SetPriorityGrouping
                0x0000000008003a98       0x16 Drivers/STM32F4xx_HAL_Driver/Src/stm32f4xx_hal_cortex.o
                0x0000000008003a98                HAL_NVIC_SetPriorityGrouping
 .text.HAL_NVIC_SetPriority
                0x0000000008003aae       0x38 Drivers/STM32F4xx_HAL_Driver/Src/stm32f4xx_hal_cortex.o
                0x0000000008003aae                HAL_NVIC_SetPriority
 .text.HAL_NVIC_EnableIRQ
                0x0000000008003ae6       0x1c Drivers/STM32F4xx_HAL_Driver/Src/stm32f4xx_hal_cortex.o
                0x0000000008003ae6                HAL_NVIC_EnableIRQ
 .text.HAL_SYSTICK_Config
                0x0000000008003b02       0x18 Drivers/STM32F4xx_HAL_Driver/Src/stm32f4xx_hal_cortex.o
                0x0000000008003b02                HAL_SYSTICK_Config
 *fill*         0x0000000008003b1a        0x2 
 .text.HAL_GPIO_Init
                0x0000000008003b1c      0x334 Drivers/STM32F4xx_HAL_Driver/Src/stm32f4xx_hal_gpio.o
                0x0000000008003b1c                HAL_GPIO_Init
 .text.HAL_GPIO_WritePin
                0x0000000008003e50       0x32 Drivers/STM32F4xx_HAL_Driver/Src/stm32f4xx_hal_gpio.o
                0x0000000008003e50                HAL_GPIO_WritePin
 *fill*         0x0000000008003e82        0x2 
 .text.HAL_I2C_Init
                0x0000000008003e84      0x270 Drivers/STM32F4xx_HAL_Driver/Src/stm32f4xx_hal_i2c.o
                0x0000000008003e84                HAL_I2C_Init
 .text.HAL_I2C_Master_Transmit
                0x00000000080040f4      0x1fc Drivers/STM32F4xx_HAL_Driver/Src/stm32f4xx_hal_i2c.o
                0x00000000080040f4                HAL_I2C_Master_Transmit
 .text.HAL_I2C_Mem_Read
                0x00000000080042f0      0x44c Drivers/STM32F4xx_HAL_Driver/Src/stm32f4xx_hal_i2c.o
                0x00000000080042f0                HAL_I2C_Mem_Read
 .text.I2C_MasterRequestWrite
                0x000000000800473c      0x104 Drivers/STM32F4xx_HAL_Driver/Src/stm32f4xx_hal_i2c.o
 .text.I2C_RequestMemoryRead
                0x0000000008004840      0x1cc Drivers/STM32F4xx_HAL_Driver/Src/stm32f4xx_hal_i2c.o
 .text.I2C_WaitOnFlagUntilTimeout
                0x0000000008004a0c       0xae Drivers/STM32F4xx_HAL_Driver/Src/stm32f4xx_hal_i2c.o
 .text.I2C_WaitOnMasterAddressFlagUntilTimeout
                0x0000000008004aba       0xfe Drivers/STM32F4xx_HAL_Driver/Src/stm32f4xx_hal_i2c.o
 .text.I2C_WaitOnTXEFlagUntilTimeout
                0x0000000008004bb8       0x82 Drivers/STM32F4xx_HAL_Driver/Src/stm32f4xx_hal_i2c.o
 .text.I2C_WaitOnBTFFlagUntilTimeout
                0x0000000008004c3a       0x82 Drivers/STM32F4xx_HAL_Driver/Src/stm32f4xx_hal_i2c.o
 .text.I2C_WaitOnRXNEFlagUntilTimeout
                0x0000000008004cbc       0xac Drivers/STM32F4xx_HAL_Driver/Src/stm32f4xx_hal_i2c.o
 .text.I2C_IsAcknowledgeFailed
                0x0000000008004d68       0x5e Drivers/STM32F4xx_HAL_Driver/Src/stm32f4xx_hal_i2c.o
 *fill*         0x0000000008004dc6        0x2 
 .text.HAL_RCC_OscConfig
                0x0000000008004dc8      0x4e0 Drivers/STM32F4xx_HAL_Driver/Src/stm32f4xx_hal_rcc.o
                0x0000000008004dc8                HAL_RCC_OscConfig
 .text.HAL_RCC_ClockConfig
                0x00000000080052a8      0x1cc Drivers/STM32F4xx_HAL_Driver/Src/stm32f4xx_hal_rcc.o
                0x00000000080052a8                HAL_RCC_ClockConfig
 .text.HAL_RCC_GetSysClockFreq
                0x0000000008005474      0x1b0 Drivers/STM32F4xx_HAL_Driver/Src/stm32f4xx_hal_rcc.o
                0x0000000008005474                HAL_RCC_GetSysClockFreq
 .text.HAL_RCC_GetHCLKFreq
                0x0000000008005624       0x18 Drivers/STM32F4xx_HAL_Driver/Src/stm32f4xx_hal_rcc.o
                0x0000000008005624                HAL_RCC_GetHCLKFreq
 .text.HAL_RCC_GetPCLK1Freq
                0x000000000800563c       0x28 Drivers/STM32F4xx_HAL_Driver/Src/stm32f4xx_hal_rcc.o
                0x000000000800563c                HAL_RCC_GetPCLK1Freq
 .text.HAL_RCC_GetPCLK2Freq
                0x0000000008005664       0x28 Drivers/STM32F4xx_HAL_Driver/Src/stm32f4xx_hal_rcc.o
                0x0000000008005664                HAL_RCC_GetPCLK2Freq
 .text.HAL_TIM_Base_Init
                0x000000000800568c       0x56 Drivers/STM32F4xx_HAL_Driver/Src/stm32f4xx_hal_tim.o
                0x000000000800568c                HAL_TIM_Base_Init
 .text.HAL_TIM_Base_Start_IT
                0x00000000080056e2       0x48 Drivers/STM32F4xx_HAL_Driver/Src/stm32f4xx_hal_tim.o
                0x00000000080056e2                HAL_TIM_Base_Start_IT
 .text.HAL_TIM_PWM_Init
                0x000000000800572a       0x56 Drivers/STM32F4xx_HAL_Driver/Src/stm32f4xx_hal_tim.o
                0x000000000800572a                HAL_TIM_PWM_Init
 .text.HAL_TIM_PWM_MspInit
                0x0000000008005780       0x14 Drivers/STM32F4xx_HAL_Driver/Src/stm32f4xx_hal_tim.o
                0x0000000008005780                HAL_TIM_PWM_MspInit
 .text.HAL_TIM_PWM_Start
                0x0000000008005794       0x7c Drivers/STM32F4xx_HAL_Driver/Src/stm32f4xx_hal_tim.o
                0x0000000008005794                HAL_TIM_PWM_Start
 .text.HAL_TIM_PWM_Stop
                0x0000000008005810       0xb0 Drivers/STM32F4xx_HAL_Driver/Src/stm32f4xx_hal_tim.o
                0x0000000008005810                HAL_TIM_PWM_Stop
 .text.HAL_TIM_IC_Init
                0x00000000080058c0       0x56 Drivers/STM32F4xx_HAL_Driver/Src/stm32f4xx_hal_tim.o
                0x00000000080058c0                HAL_TIM_IC_Init
 .text.HAL_TIM_IC_MspInit
                0x0000000008005916       0x14 Drivers/STM32F4xx_HAL_Driver/Src/stm32f4xx_hal_tim.o
                0x0000000008005916                HAL_TIM_IC_MspInit
 *fill*         0x000000000800592a        0x2 
 .text.HAL_TIM_IC_Start_IT
                0x000000000800592c       0xd0 Drivers/STM32F4xx_HAL_Driver/Src/stm32f4xx_hal_tim.o
                0x000000000800592c                HAL_TIM_IC_Start_IT
 .text.HAL_TIM_IRQHandler
                0x00000000080059fc      0x210 Drivers/STM32F4xx_HAL_Driver/Src/stm32f4xx_hal_tim.o
                0x00000000080059fc                HAL_TIM_IRQHandler
 .text.HAL_TIM_IC_ConfigChannel
                0x0000000008005c0c      0x138 Drivers/STM32F4xx_HAL_Driver/Src/stm32f4xx_hal_tim.o
                0x0000000008005c0c                HAL_TIM_IC_ConfigChannel
 .text.HAL_TIM_PWM_ConfigChannel
                0x0000000008005d44      0x18c Drivers/STM32F4xx_HAL_Driver/Src/stm32f4xx_hal_tim.o
                0x0000000008005d44                HAL_TIM_PWM_ConfigChannel
 .text.HAL_TIM_ConfigClockSource
                0x0000000008005ed0      0x16e Drivers/STM32F4xx_HAL_Driver/Src/stm32f4xx_hal_tim.o
                0x0000000008005ed0                HAL_TIM_ConfigClockSource
 .text.HAL_TIM_SlaveConfigSynchro
                0x000000000800603e       0x84 Drivers/STM32F4xx_HAL_Driver/Src/stm32f4xx_hal_tim.o
                0x000000000800603e                HAL_TIM_SlaveConfigSynchro
 *fill*         0x00000000080060c2        0x2 
 .text.HAL_TIM_ReadCapturedValue
                0x00000000080060c4       0x88 Drivers/STM32F4xx_HAL_Driver/Src/stm32f4xx_hal_tim.o
                0x00000000080060c4                HAL_TIM_ReadCapturedValue
 .text.HAL_TIM_OC_DelayElapsedCallback
                0x000000000800614c       0x14 Drivers/STM32F4xx_HAL_Driver/Src/stm32f4xx_hal_tim.o
                0x000000000800614c                HAL_TIM_OC_DelayElapsedCallback
 .text.HAL_TIM_PWM_PulseFinishedCallback
                0x0000000008006160       0x14 Drivers/STM32F4xx_HAL_Driver/Src/stm32f4xx_hal_tim.o
                0x0000000008006160                HAL_TIM_PWM_PulseFinishedCallback
 .text.HAL_TIM_TriggerCallback
                0x0000000008006174       0x14 Drivers/STM32F4xx_HAL_Driver/Src/stm32f4xx_hal_tim.o
                0x0000000008006174                HAL_TIM_TriggerCallback
 .text.TIM_Base_SetConfig
                0x0000000008006188      0x140 Drivers/STM32F4xx_HAL_Driver/Src/stm32f4xx_hal_tim.o
                0x0000000008006188                TIM_Base_SetConfig
 .text.TIM_OC1_SetConfig
                0x00000000080062c8       0xe0 Drivers/STM32F4xx_HAL_Driver/Src/stm32f4xx_hal_tim.o
 .text.TIM_OC2_SetConfig
                0x00000000080063a8       0xec Drivers/STM32F4xx_HAL_Driver/Src/stm32f4xx_hal_tim.o
                0x00000000080063a8                TIM_OC2_SetConfig
 .text.TIM_OC3_SetConfig
                0x0000000008006494       0xe8 Drivers/STM32F4xx_HAL_Driver/Src/stm32f4xx_hal_tim.o
 .text.TIM_OC4_SetConfig
                0x000000000800657c       0xac Drivers/STM32F4xx_HAL_Driver/Src/stm32f4xx_hal_tim.o
 .text.TIM_SlaveTimer_SetConfig
                0x0000000008006628      0x10c Drivers/STM32F4xx_HAL_Driver/Src/stm32f4xx_hal_tim.o
 .text.TIM_TI1_SetConfig
                0x0000000008006734       0xe8 Drivers/STM32F4xx_HAL_Driver/Src/stm32f4xx_hal_tim.o
                0x0000000008006734                TIM_TI1_SetConfig
 .text.TIM_TI1_ConfigInputStage
                0x000000000800681c       0x5e Drivers/STM32F4xx_HAL_Driver/Src/stm32f4xx_hal_tim.o
 .text.TIM_TI2_SetConfig
                0x000000000800687a       0x7a Drivers/STM32F4xx_HAL_Driver/Src/stm32f4xx_hal_tim.o
 .text.TIM_TI2_ConfigInputStage
                0x00000000080068f4       0x60 Drivers/STM32F4xx_HAL_Driver/Src/stm32f4xx_hal_tim.o
 .text.TIM_TI3_SetConfig
                0x0000000008006954       0x78 Drivers/STM32F4xx_HAL_Driver/Src/stm32f4xx_hal_tim.o
 .text.TIM_TI4_SetConfig
                0x00000000080069cc       0x7a Drivers/STM32F4xx_HAL_Driver/Src/stm32f4xx_hal_tim.o
 .text.TIM_ITRx_SetConfig
                0x0000000008006a46       0x36 Drivers/STM32F4xx_HAL_Driver/Src/stm32f4xx_hal_tim.o
 .text.TIM_ETR_SetConfig
                0x0000000008006a7c       0x40 Drivers/STM32F4xx_HAL_Driver/Src/stm32f4xx_hal_tim.o
                0x0000000008006a7c                TIM_ETR_SetConfig
 .text.TIM_CCxChannelCmd
                0x0000000008006abc       0x4a Drivers/STM32F4xx_HAL_Driver/Src/stm32f4xx_hal_tim.o
                0x0000000008006abc                TIM_CCxChannelCmd
 *fill*         0x0000000008006b06        0x2 
 .text.HAL_TIMEx_MasterConfigSynchronization
                0x0000000008006b08       0xf8 Drivers/STM32F4xx_HAL_Driver/Src/stm32f4xx_hal_tim_ex.o
                0x0000000008006b08                HAL_TIMEx_MasterConfigSynchronization
 .text.HAL_TIMEx_CommutCallback
                0x0000000008006c00       0x14 Drivers/STM32F4xx_HAL_Driver/Src/stm32f4xx_hal_tim_ex.o
                0x0000000008006c00                HAL_TIMEx_CommutCallback
 .text.HAL_TIMEx_BreakCallback
                0x0000000008006c14       0x14 Drivers/STM32F4xx_HAL_Driver/Src/stm32f4xx_hal_tim_ex.o
                0x0000000008006c14                HAL_TIMEx_BreakCallback
 .text.HAL_UART_Init
                0x0000000008006c28       0x9a Drivers/STM32F4xx_HAL_Driver/Src/stm32f4xx_hal_uart.o
                0x0000000008006c28                HAL_UART_Init
 .text.HAL_UART_Transmit
                0x0000000008006cc2      0x132 Drivers/STM32F4xx_HAL_Driver/Src/stm32f4xx_hal_uart.o
                0x0000000008006cc2                HAL_UART_Transmit
 .text.UART_WaitOnFlagUntilTimeout
                0x0000000008006df4       0x94 Drivers/STM32F4xx_HAL_Driver/Src/stm32f4xx_hal_uart.o
 .text.UART_SetConfig
                0x0000000008006e88      0x6f8 Drivers/STM32F4xx_HAL_Driver/Src/stm32f4xx_hal_uart.o
 .text.__errno  0x0000000008007580        0xc c:/st/stm32cubeide_1.3.0/stm32cubeide/plugins/com.st.stm32cube.ide.mcu.externaltools.gnu-tools-for-stm32.7-2018-q2-update.win32_1.4.0.202007081208/tools/bin/../lib/gcc/arm-none-eabi/7.3.1/../../../../arm-none-eabi/lib/thumb/v7e-m/fpv4-sp/hard\libc_nano.a(lib_a-errno.o)
                0x0000000008007580                __errno
 .text.__libc_init_array
                0x000000000800758c       0x48 c:/st/stm32cubeide_1.3.0/stm32cubeide/plugins/com.st.stm32cube.ide.mcu.externaltools.gnu-tools-for-stm32.7-2018-q2-update.win32_1.4.0.202007081208/tools/bin/../lib/gcc/arm-none-eabi/7.3.1/../../../../arm-none-eabi/lib/thumb/v7e-m/fpv4-sp/hard\libc_nano.a(lib_a-init.o)
                0x000000000800758c                __libc_init_array
 .text.memset   0x00000000080075d4       0x10 c:/st/stm32cubeide_1.3.0/stm32cubeide/plugins/com.st.stm32cube.ide.mcu.externaltools.gnu-tools-for-stm32.7-2018-q2-update.win32_1.4.0.202007081208/tools/bin/../lib/gcc/arm-none-eabi/7.3.1/../../../../arm-none-eabi/lib/thumb/v7e-m/fpv4-sp/hard\libc_nano.a(lib_a-memset.o)
                0x00000000080075d4                memset
 .text.rand     0x00000000080075e4       0x68 c:/st/stm32cubeide_1.3.0/stm32cubeide/plugins/com.st.stm32cube.ide.mcu.externaltools.gnu-tools-for-stm32.7-2018-q2-update.win32_1.4.0.202007081208/tools/bin/../lib/gcc/arm-none-eabi/7.3.1/../../../../arm-none-eabi/lib/thumb/v7e-m/fpv4-sp/hard\libc_nano.a(lib_a-rand.o)
                0x00000000080075e4                rand
 .text.sprintf  0x000000000800764c       0x40 c:/st/stm32cubeide_1.3.0/stm32cubeide/plugins/com.st.stm32cube.ide.mcu.externaltools.gnu-tools-for-stm32.7-2018-q2-update.win32_1.4.0.202007081208/tools/bin/../lib/gcc/arm-none-eabi/7.3.1/../../../../arm-none-eabi/lib/thumb/v7e-m/fpv4-sp/hard\libc_nano.a(lib_a-sprintf.o)
                0x000000000800764c                siprintf
                0x000000000800764c                sprintf
 .text.malloc   0x000000000800768c       0x10 c:/st/stm32cubeide_1.3.0/stm32cubeide/plugins/com.st.stm32cube.ide.mcu.externaltools.gnu-tools-for-stm32.7-2018-q2-update.win32_1.4.0.202007081208/tools/bin/../lib/gcc/arm-none-eabi/7.3.1/../../../../arm-none-eabi/lib/thumb/v7e-m/fpv4-sp/hard\libc_nano.a(lib_a-malloc.o)
                0x000000000800768c                malloc
 .text._free_r  0x000000000800769c       0x9c c:/st/stm32cubeide_1.3.0/stm32cubeide/plugins/com.st.stm32cube.ide.mcu.externaltools.gnu-tools-for-stm32.7-2018-q2-update.win32_1.4.0.202007081208/tools/bin/../lib/gcc/arm-none-eabi/7.3.1/../../../../arm-none-eabi/lib/thumb/v7e-m/fpv4-sp/hard\libc_nano.a(lib_a-nano-freer.o)
                0x000000000800769c                _free_r
 .text._malloc_r
                0x0000000008007738       0xb4 c:/st/stm32cubeide_1.3.0/stm32cubeide/plugins/com.st.stm32cube.ide.mcu.externaltools.gnu-tools-for-stm32.7-2018-q2-update.win32_1.4.0.202007081208/tools/bin/../lib/gcc/arm-none-eabi/7.3.1/../../../../arm-none-eabi/lib/thumb/v7e-m/fpv4-sp/hard\libc_nano.a(lib_a-nano-mallocr.o)
                0x0000000008007738                _malloc_r
 .text.__ssputs_r
                0x00000000080077ec       0xb4 c:/st/stm32cubeide_1.3.0/stm32cubeide/plugins/com.st.stm32cube.ide.mcu.externaltools.gnu-tools-for-stm32.7-2018-q2-update.win32_1.4.0.202007081208/tools/bin/../lib/gcc/arm-none-eabi/7.3.1/../../../../arm-none-eabi/lib/thumb/v7e-m/fpv4-sp/hard\libc_nano.a(lib_a-nano-svfprintf.o)
                0x00000000080077ec                __ssputs_r
 .text._svfprintf_r
                0x00000000080078a0      0x1f0 c:/st/stm32cubeide_1.3.0/stm32cubeide/plugins/com.st.stm32cube.ide.mcu.externaltools.gnu-tools-for-stm32.7-2018-q2-update.win32_1.4.0.202007081208/tools/bin/../lib/gcc/arm-none-eabi/7.3.1/../../../../arm-none-eabi/lib/thumb/v7e-m/fpv4-sp/hard\libc_nano.a(lib_a-nano-svfprintf.o)
                0x00000000080078a0                _svfiprintf_r
                0x00000000080078a0                _svfprintf_r
 .text._printf_common
                0x0000000008007a90       0xea c:/st/stm32cubeide_1.3.0/stm32cubeide/plugins/com.st.stm32cube.ide.mcu.externaltools.gnu-tools-for-stm32.7-2018-q2-update.win32_1.4.0.202007081208/tools/bin/../lib/gcc/arm-none-eabi/7.3.1/../../../../arm-none-eabi/lib/thumb/v7e-m/fpv4-sp/hard\libc_nano.a(lib_a-nano-vfprintf_i.o)
                0x0000000008007a90                _printf_common
 *fill*         0x0000000008007b7a        0x2 
 .text._printf_i
                0x0000000008007b7c      0x224 c:/st/stm32cubeide_1.3.0/stm32cubeide/plugins/com.st.stm32cube.ide.mcu.externaltools.gnu-tools-for-stm32.7-2018-q2-update.win32_1.4.0.202007081208/tools/bin/../lib/gcc/arm-none-eabi/7.3.1/../../../../arm-none-eabi/lib/thumb/v7e-m/fpv4-sp/hard\libc_nano.a(lib_a-nano-vfprintf_i.o)
                0x0000000008007b7c                _printf_i
 .text._sbrk_r  0x0000000008007da0       0x20 c:/st/stm32cubeide_1.3.0/stm32cubeide/plugins/com.st.stm32cube.ide.mcu.externaltools.gnu-tools-for-stm32.7-2018-q2-update.win32_1.4.0.202007081208/tools/bin/../lib/gcc/arm-none-eabi/7.3.1/../../../../arm-none-eabi/lib/thumb/v7e-m/fpv4-sp/hard\libc_nano.a(lib_a-sbrkr.o)
                0x0000000008007da0                _sbrk_r
 .text.memcpy   0x0000000008007dc0       0x16 c:/st/stm32cubeide_1.3.0/stm32cubeide/plugins/com.st.stm32cube.ide.mcu.externaltools.gnu-tools-for-stm32.7-2018-q2-update.win32_1.4.0.202007081208/tools/bin/../lib/gcc/arm-none-eabi/7.3.1/../../../../arm-none-eabi/lib/thumb/v7e-m/fpv4-sp/hard\libc_nano.a(lib_a-memcpy-stub.o)
                0x0000000008007dc0                memcpy
 .text.memmove  0x0000000008007dd6       0x32 c:/st/stm32cubeide_1.3.0/stm32cubeide/plugins/com.st.stm32cube.ide.mcu.externaltools.gnu-tools-for-stm32.7-2018-q2-update.win32_1.4.0.202007081208/tools/bin/../lib/gcc/arm-none-eabi/7.3.1/../../../../arm-none-eabi/lib/thumb/v7e-m/fpv4-sp/hard\libc_nano.a(lib_a-memmove.o)
                0x0000000008007dd6                memmove
 .text.__malloc_lock
                0x0000000008007e08        0x2 c:/st/stm32cubeide_1.3.0/stm32cubeide/plugins/com.st.stm32cube.ide.mcu.externaltools.gnu-tools-for-stm32.7-2018-q2-update.win32_1.4.0.202007081208/tools/bin/../lib/gcc/arm-none-eabi/7.3.1/../../../../arm-none-eabi/lib/thumb/v7e-m/fpv4-sp/hard\libc_nano.a(lib_a-mlock.o)
                0x0000000008007e08                __malloc_lock
 .text.__malloc_unlock
                0x0000000008007e0a        0x2 c:/st/stm32cubeide_1.3.0/stm32cubeide/plugins/com.st.stm32cube.ide.mcu.externaltools.gnu-tools-for-stm32.7-2018-q2-update.win32_1.4.0.202007081208/tools/bin/../lib/gcc/arm-none-eabi/7.3.1/../../../../arm-none-eabi/lib/thumb/v7e-m/fpv4-sp/hard\libc_nano.a(lib_a-mlock.o)
                0x0000000008007e0a                __malloc_unlock
 .text._realloc_r
                0x0000000008007e0c       0x4c c:/st/stm32cubeide_1.3.0/stm32cubeide/plugins/com.st.stm32cube.ide.mcu.externaltools.gnu-tools-for-stm32.7-2018-q2-update.win32_1.4.0.202007081208/tools/bin/../lib/gcc/arm-none-eabi/7.3.1/../../../../arm-none-eabi/lib/thumb/v7e-m/fpv4-sp/hard\libc_nano.a(lib_a-nano-reallocr.o)
                0x0000000008007e0c                _realloc_r
 .text._malloc_usable_size_r
                0x0000000008007e58       0x10 c:/st/stm32cubeide_1.3.0/stm32cubeide/plugins/com.st.stm32cube.ide.mcu.externaltools.gnu-tools-for-stm32.7-2018-q2-update.win32_1.4.0.202007081208/tools/bin/../lib/gcc/arm-none-eabi/7.3.1/../../../../arm-none-eabi/lib/thumb/v7e-m/fpv4-sp/hard\libc_nano.a(lib_a-nano-msizer.o)
                0x0000000008007e58                _malloc_usable_size_r
 .text.atan     0x0000000008007e68      0x340 c:/st/stm32cubeide_1.3.0/stm32cubeide/plugins/com.st.stm32cube.ide.mcu.externaltools.gnu-tools-for-stm32.7-2018-q2-update.win32_1.4.0.202007081208/tools/bin/../lib/gcc/arm-none-eabi/7.3.1/../../../../arm-none-eabi/lib/thumb/v7e-m/fpv4-sp/hard\libm.a(lib_a-s_atan.o)
                0x0000000008007e68                atan
 .text.fabs     0x00000000080081a8       0x12 c:/st/stm32cubeide_1.3.0/stm32cubeide/plugins/com.st.stm32cube.ide.mcu.externaltools.gnu-tools-for-stm32.7-2018-q2-update.win32_1.4.0.202007081208/tools/bin/../lib/gcc/arm-none-eabi/7.3.1/../../../../arm-none-eabi/lib/thumb/v7e-m/fpv4-sp/hard\libm.a(lib_a-s_fabs.o)
                0x00000000080081a8                fabs
 *fill*         0x00000000080081ba        0x2 
 .text.sqrt     0x00000000080081bc       0xb4 c:/st/stm32cubeide_1.3.0/stm32cubeide/plugins/com.st.stm32cube.ide.mcu.externaltools.gnu-tools-for-stm32.7-2018-q2-update.win32_1.4.0.202007081208/tools/bin/../lib/gcc/arm-none-eabi/7.3.1/../../../../arm-none-eabi/lib/thumb/v7e-m/fpv4-sp/hard\libm.a(lib_a-w_sqrt.o)
                0x00000000080081bc                sqrt
 .text.__ieee754_sqrt
                0x0000000008008270      0x160 c:/st/stm32cubeide_1.3.0/stm32cubeide/plugins/com.st.stm32cube.ide.mcu.externaltools.gnu-tools-for-stm32.7-2018-q2-update.win32_1.4.0.202007081208/tools/bin/../lib/gcc/arm-none-eabi/7.3.1/../../../../arm-none-eabi/lib/thumb/v7e-m/fpv4-sp/hard\libm.a(lib_a-e_sqrt.o)
                0x0000000008008270                __ieee754_sqrt
 .text.matherr  0x00000000080083d0        0x4 c:/st/stm32cubeide_1.3.0/stm32cubeide/plugins/com.st.stm32cube.ide.mcu.externaltools.gnu-tools-for-stm32.7-2018-q2-update.win32_1.4.0.202007081208/tools/bin/../lib/gcc/arm-none-eabi/7.3.1/../../../../arm-none-eabi/lib/thumb/v7e-m/fpv4-sp/hard\libm.a(lib_a-s_matherr.o)
                0x00000000080083d0                matherr
 *(.glue_7)
 .glue_7        0x00000000080083d4        0x0 linker stubs
 *(.glue_7t)
 .glue_7t       0x00000000080083d4        0x0 linker stubs
 *(.eh_frame)
 .eh_frame      0x00000000080083d4        0x0 c:/st/stm32cubeide_1.3.0/stm32cubeide/plugins/com.st.stm32cube.ide.mcu.externaltools.gnu-tools-for-stm32.7-2018-q2-update.win32_1.4.0.202007081208/tools/bin/../lib/gcc/arm-none-eabi/7.3.1/thumb/v7e-m/fpv4-sp/hard/crtbegin.o
 *(.init)
 .init          0x00000000080083d4        0x4 c:/st/stm32cubeide_1.3.0/stm32cubeide/plugins/com.st.stm32cube.ide.mcu.externaltools.gnu-tools-for-stm32.7-2018-q2-update.win32_1.4.0.202007081208/tools/bin/../lib/gcc/arm-none-eabi/7.3.1/thumb/v7e-m/fpv4-sp/hard/crti.o
                0x00000000080083d4                _init
 .init          0x00000000080083d8        0x8 c:/st/stm32cubeide_1.3.0/stm32cubeide/plugins/com.st.stm32cube.ide.mcu.externaltools.gnu-tools-for-stm32.7-2018-q2-update.win32_1.4.0.202007081208/tools/bin/../lib/gcc/arm-none-eabi/7.3.1/thumb/v7e-m/fpv4-sp/hard/crtn.o
 *(.fini)
 .fini          0x00000000080083e0        0x4 c:/st/stm32cubeide_1.3.0/stm32cubeide/plugins/com.st.stm32cube.ide.mcu.externaltools.gnu-tools-for-stm32.7-2018-q2-update.win32_1.4.0.202007081208/tools/bin/../lib/gcc/arm-none-eabi/7.3.1/thumb/v7e-m/fpv4-sp/hard/crti.o
                0x00000000080083e0                _fini
 .fini          0x00000000080083e4        0x8 c:/st/stm32cubeide_1.3.0/stm32cubeide/plugins/com.st.stm32cube.ide.mcu.externaltools.gnu-tools-for-stm32.7-2018-q2-update.win32_1.4.0.202007081208/tools/bin/../lib/gcc/arm-none-eabi/7.3.1/thumb/v7e-m/fpv4-sp/hard/crtn.o
                0x00000000080083ec                . = ALIGN (0x4)
                0x00000000080083ec                _etext = .

.vfp11_veneer   0x00000000080083ec        0x0
 .vfp11_veneer  0x00000000080083ec        0x0 linker stubs

.v4_bx          0x00000000080083ec        0x0
 .v4_bx         0x00000000080083ec        0x0 linker stubs

.iplt           0x00000000080083ec        0x0
 .iplt          0x00000000080083ec        0x0 c:/st/stm32cubeide_1.3.0/stm32cubeide/plugins/com.st.stm32cube.ide.mcu.externaltools.gnu-tools-for-stm32.7-2018-q2-update.win32_1.4.0.202007081208/tools/bin/../lib/gcc/arm-none-eabi/7.3.1/thumb/v7e-m/fpv4-sp/hard/crtbegin.o

.rodata         0x00000000080083f0       0xb8
                0x00000000080083f0                . = ALIGN (0x4)
 *(.rodata)
 .rodata        0x00000000080083f0       0x21 Core/Src/Analytics.o
 *(.rodata*)
 *fill*         0x0000000008008411        0x3 
 .rodata.AHBPrescTable
                0x0000000008008414       0x10 Core/Src/system_stm32f4xx.o
                0x0000000008008414                AHBPrescTable
 .rodata.APBPrescTable
                0x0000000008008424        0x8 Core/Src/system_stm32f4xx.o
                0x0000000008008424                APBPrescTable
 .rodata._svfprintf_r.str1.1
                0x000000000800842c       0x11 c:/st/stm32cubeide_1.3.0/stm32cubeide/plugins/com.st.stm32cube.ide.mcu.externaltools.gnu-tools-for-stm32.7-2018-q2-update.win32_1.4.0.202007081208/tools/bin/../lib/gcc/arm-none-eabi/7.3.1/../../../../arm-none-eabi/lib/thumb/v7e-m/fpv4-sp/hard\libc_nano.a(lib_a-nano-svfprintf.o)
 .rodata._printf_i.str1.1
                0x000000000800843d       0x22 c:/st/stm32cubeide_1.3.0/stm32cubeide/plugins/com.st.stm32cube.ide.mcu.externaltools.gnu-tools-for-stm32.7-2018-q2-update.win32_1.4.0.202007081208/tools/bin/../lib/gcc/arm-none-eabi/7.3.1/../../../../arm-none-eabi/lib/thumb/v7e-m/fpv4-sp/hard\libc_nano.a(lib_a-nano-vfprintf_i.o)
 *fill*         0x000000000800845f        0x1 
 .rodata.atanhi
                0x0000000008008460       0x20 c:/st/stm32cubeide_1.3.0/stm32cubeide/plugins/com.st.stm32cube.ide.mcu.externaltools.gnu-tools-for-stm32.7-2018-q2-update.win32_1.4.0.202007081208/tools/bin/../lib/gcc/arm-none-eabi/7.3.1/../../../../arm-none-eabi/lib/thumb/v7e-m/fpv4-sp/hard\libm.a(lib_a-s_atan.o)
 .rodata.atanlo
                0x0000000008008480       0x20 c:/st/stm32cubeide_1.3.0/stm32cubeide/plugins/com.st.stm32cube.ide.mcu.externaltools.gnu-tools-for-stm32.7-2018-q2-update.win32_1.4.0.202007081208/tools/bin/../lib/gcc/arm-none-eabi/7.3.1/../../../../arm-none-eabi/lib/thumb/v7e-m/fpv4-sp/hard\libm.a(lib_a-s_atan.o)
 .rodata.sqrt.str1.1
                0x00000000080084a0        0x5 c:/st/stm32cubeide_1.3.0/stm32cubeide/plugins/com.st.stm32cube.ide.mcu.externaltools.gnu-tools-for-stm32.7-2018-q2-update.win32_1.4.0.202007081208/tools/bin/../lib/gcc/arm-none-eabi/7.3.1/../../../../arm-none-eabi/lib/thumb/v7e-m/fpv4-sp/hard\libm.a(lib_a-w_sqrt.o)
                0x00000000080084a8                . = ALIGN (0x4)
 *fill*         0x00000000080084a5        0x3 

.ARM.extab      0x00000000080084a8        0x0
                0x00000000080084a8                . = ALIGN (0x4)
 *(.ARM.extab* .gnu.linkonce.armextab.*)
                0x00000000080084a8                . = ALIGN (0x4)

.ARM            0x00000000080084a8        0x8
                0x00000000080084a8                . = ALIGN (0x4)
                0x00000000080084a8                __exidx_start = .
 *(.ARM.exidx*)
 .ARM.exidx     0x00000000080084a8        0x8 c:/st/stm32cubeide_1.3.0/stm32cubeide/plugins/com.st.stm32cube.ide.mcu.externaltools.gnu-tools-for-stm32.7-2018-q2-update.win32_1.4.0.202007081208/tools/bin/../lib/gcc/arm-none-eabi/7.3.1/thumb/v7e-m/fpv4-sp/hard\libgcc.a(_udivmoddi4.o)
                0x00000000080084b0                __exidx_end = .
                0x00000000080084b0                . = ALIGN (0x4)

.rel.dyn        0x00000000080084b0        0x0
 .rel.iplt      0x00000000080084b0        0x0 c:/st/stm32cubeide_1.3.0/stm32cubeide/plugins/com.st.stm32cube.ide.mcu.externaltools.gnu-tools-for-stm32.7-2018-q2-update.win32_1.4.0.202007081208/tools/bin/../lib/gcc/arm-none-eabi/7.3.1/thumb/v7e-m/fpv4-sp/hard/crtbegin.o

.preinit_array  0x00000000080084b0        0x0
                0x00000000080084b0                . = ALIGN (0x4)
                0x00000000080084b0                PROVIDE (__preinit_array_start = .)
 *(.preinit_array*)
                0x00000000080084b0                PROVIDE (__preinit_array_end = .)
                0x00000000080084b0                . = ALIGN (0x4)

.init_array     0x00000000080084b0        0x4
                0x00000000080084b0                . = ALIGN (0x4)
                0x00000000080084b0                PROVIDE (__init_array_start = .)
 *(SORT_BY_NAME(.init_array.*))
 *(.init_array*)
 .init_array    0x00000000080084b0        0x4 c:/st/stm32cubeide_1.3.0/stm32cubeide/plugins/com.st.stm32cube.ide.mcu.externaltools.gnu-tools-for-stm32.7-2018-q2-update.win32_1.4.0.202007081208/tools/bin/../lib/gcc/arm-none-eabi/7.3.1/thumb/v7e-m/fpv4-sp/hard/crtbegin.o
                0x00000000080084b4                PROVIDE (__init_array_end = .)
                0x00000000080084b4                . = ALIGN (0x4)

.fini_array     0x00000000080084b4        0x4
                0x00000000080084b4                . = ALIGN (0x4)
                [!provide]                        PROVIDE (__fini_array_start = .)
 *(SORT_BY_NAME(.fini_array.*))
 *(.fini_array*)
 .fini_array    0x00000000080084b4        0x4 c:/st/stm32cubeide_1.3.0/stm32cubeide/plugins/com.st.stm32cube.ide.mcu.externaltools.gnu-tools-for-stm32.7-2018-q2-update.win32_1.4.0.202007081208/tools/bin/../lib/gcc/arm-none-eabi/7.3.1/thumb/v7e-m/fpv4-sp/hard/crtbegin.o
                [!provide]                        PROVIDE (__fini_array_end = .)
                0x00000000080084b8                . = ALIGN (0x4)
                0x00000000080084b8                _sidata = LOADADDR (.data)

.data           0x0000000020000000       0x80 load address 0x00000000080084b8
                0x0000000020000000                . = ALIGN (0x4)
                0x0000000020000000                _sdata = .
 *(.data)
 *(.data*)
 .data.DWT_CYCCNT
                0x0000000020000000        0x4 Core/Src/Delay.o
                0x0000000020000000                DWT_CYCCNT
 .data.DWT_CONTROL
                0x0000000020000004        0x4 Core/Src/Delay.o
                0x0000000020000004                DWT_CONTROL
 .data.SCB_DEMCR
                0x0000000020000008        0x4 Core/Src/Delay.o
                0x0000000020000008                SCB_DEMCR
 .data.SystemCoreClock
                0x000000002000000c        0x4 Core/Src/system_stm32f4xx.o
                0x000000002000000c                SystemCoreClock
 .data.uwTickPrio
                0x0000000020000010        0x4 Drivers/STM32F4xx_HAL_Driver/Src/stm32f4xx_hal.o
                0x0000000020000010                uwTickPrio
 .data.uwTickFreq
                0x0000000020000014        0x1 Drivers/STM32F4xx_HAL_Driver/Src/stm32f4xx_hal.o
                0x0000000020000014                uwTickFreq
 *fill*         0x0000000020000015        0x3 
 .data._impure_ptr
                0x0000000020000018        0x4 c:/st/stm32cubeide_1.3.0/stm32cubeide/plugins/com.st.stm32cube.ide.mcu.externaltools.gnu-tools-for-stm32.7-2018-q2-update.win32_1.4.0.202007081208/tools/bin/../lib/gcc/arm-none-eabi/7.3.1/../../../../arm-none-eabi/lib/thumb/v7e-m/fpv4-sp/hard\libc_nano.a(lib_a-impure.o)
                0x0000000020000018                _impure_ptr
 .data.impure_data
                0x000000002000001c       0x60 c:/st/stm32cubeide_1.3.0/stm32cubeide/plugins/com.st.stm32cube.ide.mcu.externaltools.gnu-tools-for-stm32.7-2018-q2-update.win32_1.4.0.202007081208/tools/bin/../lib/gcc/arm-none-eabi/7.3.1/../../../../arm-none-eabi/lib/thumb/v7e-m/fpv4-sp/hard\libc_nano.a(lib_a-impure.o)
 .data.__fdlib_version
                0x000000002000007c        0x1 c:/st/stm32cubeide_1.3.0/stm32cubeide/plugins/com.st.stm32cube.ide.mcu.externaltools.gnu-tools-for-stm32.7-2018-q2-update.win32_1.4.0.202007081208/tools/bin/../lib/gcc/arm-none-eabi/7.3.1/../../../../arm-none-eabi/lib/thumb/v7e-m/fpv4-sp/hard\libm.a(lib_a-s_lib_ver.o)
                0x000000002000007c                __fdlib_version
                0x0000000020000080                . = ALIGN (0x4)
 *fill*         0x000000002000007d        0x3 
                0x0000000020000080                _edata = .

.igot.plt       0x0000000020000080        0x0 load address 0x0000000008008538
 .igot.plt      0x0000000020000080        0x0 c:/st/stm32cubeide_1.3.0/stm32cubeide/plugins/com.st.stm32cube.ide.mcu.externaltools.gnu-tools-for-stm32.7-2018-q2-update.win32_1.4.0.202007081208/tools/bin/../lib/gcc/arm-none-eabi/7.3.1/thumb/v7e-m/fpv4-sp/hard/crtbegin.o
                0x0000000020000080                . = ALIGN (0x4)

.bss            0x0000000020000080      0xb2c load address 0x0000000008008538
                0x0000000020000080                _sbss = .
                0x0000000020000080                __bss_start__ = _sbss
 *(.bss)
 .bss           0x0000000020000080       0x1c c:/st/stm32cubeide_1.3.0/stm32cubeide/plugins/com.st.stm32cube.ide.mcu.externaltools.gnu-tools-for-stm32.7-2018-q2-update.win32_1.4.0.202007081208/tools/bin/../lib/gcc/arm-none-eabi/7.3.1/thumb/v7e-m/fpv4-sp/hard/crtbegin.o
 *(.bss*)
 .bss.enabled.9483
                0x000000002000009c        0x4 Core/Src/Delay.o
 .bss.heap_end.6424
                0x00000000200000a0        0x4 Core/Src/sysmem.o
 .bss.__malloc_free_list
                0x00000000200000a4        0x4 c:/st/stm32cubeide_1.3.0/stm32cubeide/plugins/com.st.stm32cube.ide.mcu.externaltools.gnu-tools-for-stm32.7-2018-q2-update.win32_1.4.0.202007081208/tools/bin/../lib/gcc/arm-none-eabi/7.3.1/../../../../arm-none-eabi/lib/thumb/v7e-m/fpv4-sp/hard\libc_nano.a(lib_a-nano-mallocr.o)
                0x00000000200000a4                __malloc_free_list
 .bss.__malloc_sbrk_start
                0x00000000200000a8        0x4 c:/st/stm32cubeide_1.3.0/stm32cubeide/plugins/com.st.stm32cube.ide.mcu.externaltools.gnu-tools-for-stm32.7-2018-q2-update.win32_1.4.0.202007081208/tools/bin/../lib/gcc/arm-none-eabi/7.3.1/../../../../arm-none-eabi/lib/thumb/v7e-m/fpv4-sp/hard\libc_nano.a(lib_a-nano-mallocr.o)
                0x00000000200000a8                __malloc_sbrk_start
 *(COMMON)
 COMMON         0x00000000200000ac      0x935 Core/Src/Accelerometer.o
                0x00000000200000ac                secondsElapsed
                0x00000000200000b0                data_receive
                0x00000000200000bc                gyroscopeReading
                0x00000000200000dc                metricsRingBuffer
                0x00000000200008e8                isReadingAccelerometer
                0x00000000200008ec                pwmInputTimer4
                0x00000000200008f8                channel3Pulse
                0x00000000200008fc                hi2c1
                0x0000000020000950                rudder
                0x0000000020000954                pwmInputTimer9
                0x0000000020000960                remotePidIntegral
                0x0000000020000964                isReadingGyroscope
                0x0000000020000968                throttle
                0x000000002000096c                resetAngularPosition
                0x0000000020000970                pwmInputTimer5
                0x000000002000097c                aileron
                0x0000000020000980                angularPosition
                0x000000002000098c                remotePidProportional
                0x0000000020000990                channel4Pulse
                0x0000000020000994                channel1Pulse
                0x0000000020000998                clearWarningsOnSecondsElapsed
                0x000000002000099c                thrust
                0x00000000200009a0                pwmInputTimer12
                0x00000000200009ac                elevator
                0x00000000200009b0                channel2Pulse
                0x00000000200009b4                accelerometerReading
                0x00000000200009dc                intermediateMillis
                0x00000000200009e0                sensorToggle
 *fill*         0x00000000200009e1        0x3 
 COMMON         0x00000000200009e4       0x40 Core/Src/Pwm.o
                0x00000000200009e4                htim3
 COMMON         0x0000000020000a24      0x180 Core/Src/main.o
                0x0000000020000a24                htim4
                0x0000000020000a64                htim5
                0x0000000020000aa4                htim9
                0x0000000020000ae4                huart4
                0x0000000020000b24                htim2
                0x0000000020000b64                htim12
 COMMON         0x0000000020000ba4        0x4 Drivers/STM32F4xx_HAL_Driver/Src/stm32f4xx_hal.o
                0x0000000020000ba4                uwTick
 COMMON         0x0000000020000ba8        0x4 c:/st/stm32cubeide_1.3.0/stm32cubeide/plugins/com.st.stm32cube.ide.mcu.externaltools.gnu-tools-for-stm32.7-2018-q2-update.win32_1.4.0.202007081208/tools/bin/../lib/gcc/arm-none-eabi/7.3.1/../../../../arm-none-eabi/lib/thumb/v7e-m/fpv4-sp/hard\libc_nano.a(lib_a-reent.o)
                0x0000000020000ba8                errno
                0x0000000020000bac                . = ALIGN (0x4)
                0x0000000020000bac                _ebss = .
                0x0000000020000bac                __bss_end__ = _ebss

._user_heap_stack
                0x0000000020000bac      0x604 load address 0x0000000008008538
                0x0000000020000bb0                . = ALIGN (0x8)
 *fill*         0x0000000020000bac        0x4 
                0x0000000020000bb0                PROVIDE (end = .)
                [!provide]                        PROVIDE (_end = .)
                0x0000000020000db0                . = (. + _Min_Heap_Size)
 *fill*         0x0000000020000bb0      0x200 
                0x00000000200011b0                . = (. + _Min_Stack_Size)
 *fill*         0x0000000020000db0      0x400 
                0x00000000200011b0                . = ALIGN (0x8)

/DISCARD/
 libc.a(*)
 libm.a(*)
 libgcc.a(*)

.ARM.attributes
                0x0000000000000000       0x30
 *(.ARM.attributes)
 .ARM.attributes
                0x0000000000000000       0x22 c:/st/stm32cubeide_1.3.0/stm32cubeide/plugins/com.st.stm32cube.ide.mcu.externaltools.gnu-tools-for-stm32.7-2018-q2-update.win32_1.4.0.202007081208/tools/bin/../lib/gcc/arm-none-eabi/7.3.1/thumb/v7e-m/fpv4-sp/hard/crti.o
 .ARM.attributes
                0x0000000000000022       0x34 c:/st/stm32cubeide_1.3.0/stm32cubeide/plugins/com.st.stm32cube.ide.mcu.externaltools.gnu-tools-for-stm32.7-2018-q2-update.win32_1.4.0.202007081208/tools/bin/../lib/gcc/arm-none-eabi/7.3.1/thumb/v7e-m/fpv4-sp/hard/crtbegin.o
 .ARM.attributes
                0x0000000000000056       0x39 Core/Src/Accelerometer.o
 .ARM.attributes
                0x000000000000008f       0x39 Core/Src/Analytics.o
 .ARM.attributes
                0x00000000000000c8       0x39 Core/Src/Angular_Position.o
 .ARM.attributes
                0x0000000000000101       0x39 Core/Src/Delay.o
 .ARM.attributes
                0x000000000000013a       0x39 Core/Src/Gyroscope.o
 .ARM.attributes
                0x0000000000000173       0x39 Core/Src/On_Board_Leds.o
 .ARM.attributes
                0x00000000000001ac       0x39 Core/Src/PID.o
 .ARM.attributes
                0x00000000000001e5       0x39 Core/Src/Panic.o
 .ARM.attributes
                0x000000000000021e       0x39 Core/Src/Pwm.o
 .ARM.attributes
                0x0000000000000257       0x39 Core/Src/Remote_Controls.o
 .ARM.attributes
                0x0000000000000290       0x39 Core/Src/Ring_Buffer.o
 .ARM.attributes
                0x00000000000002c9       0x39 Core/Src/main.o
 .ARM.attributes
                0x0000000000000302       0x39 Core/Src/stm32f4xx_hal_msp.o
 .ARM.attributes
                0x000000000000033b       0x39 Core/Src/stm32f4xx_it.o
 .ARM.attributes
                0x0000000000000374       0x39 Core/Src/sysmem.o
 .ARM.attributes
                0x00000000000003ad       0x39 Core/Src/system_stm32f4xx.o
 .ARM.attributes
                0x00000000000003e6       0x21 Core/Startup/startup_stm32f407vgtx.o
 .ARM.attributes
                0x0000000000000407       0x39 Drivers/STM32F4xx_HAL_Driver/Src/stm32f4xx_hal.o
 .ARM.attributes
                0x0000000000000440       0x39 Drivers/STM32F4xx_HAL_Driver/Src/stm32f4xx_hal_cortex.o
 .ARM.attributes
                0x0000000000000479       0x39 Drivers/STM32F4xx_HAL_Driver/Src/stm32f4xx_hal_gpio.o
 .ARM.attributes
                0x00000000000004b2       0x39 Drivers/STM32F4xx_HAL_Driver/Src/stm32f4xx_hal_i2c.o
 .ARM.attributes
                0x00000000000004eb       0x39 Drivers/STM32F4xx_HAL_Driver/Src/stm32f4xx_hal_rcc.o
 .ARM.attributes
                0x0000000000000524       0x39 Drivers/STM32F4xx_HAL_Driver/Src/stm32f4xx_hal_tim.o
 .ARM.attributes
                0x000000000000055d       0x39 Drivers/STM32F4xx_HAL_Driver/Src/stm32f4xx_hal_tim_ex.o
 .ARM.attributes
                0x0000000000000596       0x39 Drivers/STM32F4xx_HAL_Driver/Src/stm32f4xx_hal_uart.o
 .ARM.attributes
                0x00000000000005cf       0x34 c:/st/stm32cubeide_1.3.0/stm32cubeide/plugins/com.st.stm32cube.ide.mcu.externaltools.gnu-tools-for-stm32.7-2018-q2-update.win32_1.4.0.202007081208/tools/bin/../lib/gcc/arm-none-eabi/7.3.1/../../../../arm-none-eabi/lib/thumb/v7e-m/fpv4-sp/hard\libc_nano.a(lib_a-errno.o)
 .ARM.attributes
                0x0000000000000603       0x34 c:/st/stm32cubeide_1.3.0/stm32cubeide/plugins/com.st.stm32cube.ide.mcu.externaltools.gnu-tools-for-stm32.7-2018-q2-update.win32_1.4.0.202007081208/tools/bin/../lib/gcc/arm-none-eabi/7.3.1/../../../../arm-none-eabi/lib/thumb/v7e-m/fpv4-sp/hard\libc_nano.a(lib_a-impure.o)
 .ARM.attributes
                0x0000000000000637       0x34 c:/st/stm32cubeide_1.3.0/stm32cubeide/plugins/com.st.stm32cube.ide.mcu.externaltools.gnu-tools-for-stm32.7-2018-q2-update.win32_1.4.0.202007081208/tools/bin/../lib/gcc/arm-none-eabi/7.3.1/../../../../arm-none-eabi/lib/thumb/v7e-m/fpv4-sp/hard\libc_nano.a(lib_a-init.o)
 .ARM.attributes
                0x000000000000066b       0x34 c:/st/stm32cubeide_1.3.0/stm32cubeide/plugins/com.st.stm32cube.ide.mcu.externaltools.gnu-tools-for-stm32.7-2018-q2-update.win32_1.4.0.202007081208/tools/bin/../lib/gcc/arm-none-eabi/7.3.1/../../../../arm-none-eabi/lib/thumb/v7e-m/fpv4-sp/hard\libc_nano.a(lib_a-memset.o)
 .ARM.attributes
                0x000000000000069f       0x34 c:/st/stm32cubeide_1.3.0/stm32cubeide/plugins/com.st.stm32cube.ide.mcu.externaltools.gnu-tools-for-stm32.7-2018-q2-update.win32_1.4.0.202007081208/tools/bin/../lib/gcc/arm-none-eabi/7.3.1/../../../../arm-none-eabi/lib/thumb/v7e-m/fpv4-sp/hard\libc_nano.a(lib_a-rand.o)
 .ARM.attributes
                0x00000000000006d3       0x34 c:/st/stm32cubeide_1.3.0/stm32cubeide/plugins/com.st.stm32cube.ide.mcu.externaltools.gnu-tools-for-stm32.7-2018-q2-update.win32_1.4.0.202007081208/tools/bin/../lib/gcc/arm-none-eabi/7.3.1/../../../../arm-none-eabi/lib/thumb/v7e-m/fpv4-sp/hard\libc_nano.a(lib_a-sprintf.o)
 .ARM.attributes
                0x0000000000000707       0x34 c:/st/stm32cubeide_1.3.0/stm32cubeide/plugins/com.st.stm32cube.ide.mcu.externaltools.gnu-tools-for-stm32.7-2018-q2-update.win32_1.4.0.202007081208/tools/bin/../lib/gcc/arm-none-eabi/7.3.1/../../../../arm-none-eabi/lib/thumb/v7e-m/fpv4-sp/hard\libc_nano.a(lib_a-malloc.o)
 .ARM.attributes
                0x000000000000073b       0x34 c:/st/stm32cubeide_1.3.0/stm32cubeide/plugins/com.st.stm32cube.ide.mcu.externaltools.gnu-tools-for-stm32.7-2018-q2-update.win32_1.4.0.202007081208/tools/bin/../lib/gcc/arm-none-eabi/7.3.1/../../../../arm-none-eabi/lib/thumb/v7e-m/fpv4-sp/hard\libc_nano.a(lib_a-nano-freer.o)
 .ARM.attributes
                0x000000000000076f       0x34 c:/st/stm32cubeide_1.3.0/stm32cubeide/plugins/com.st.stm32cube.ide.mcu.externaltools.gnu-tools-for-stm32.7-2018-q2-update.win32_1.4.0.202007081208/tools/bin/../lib/gcc/arm-none-eabi/7.3.1/../../../../arm-none-eabi/lib/thumb/v7e-m/fpv4-sp/hard\libc_nano.a(lib_a-nano-mallocr.o)
 .ARM.attributes
                0x00000000000007a3       0x34 c:/st/stm32cubeide_1.3.0/stm32cubeide/plugins/com.st.stm32cube.ide.mcu.externaltools.gnu-tools-for-stm32.7-2018-q2-update.win32_1.4.0.202007081208/tools/bin/../lib/gcc/arm-none-eabi/7.3.1/../../../../arm-none-eabi/lib/thumb/v7e-m/fpv4-sp/hard\libc_nano.a(lib_a-nano-svfprintf.o)
 .ARM.attributes
                0x00000000000007d7       0x34 c:/st/stm32cubeide_1.3.0/stm32cubeide/plugins/com.st.stm32cube.ide.mcu.externaltools.gnu-tools-for-stm32.7-2018-q2-update.win32_1.4.0.202007081208/tools/bin/../lib/gcc/arm-none-eabi/7.3.1/../../../../arm-none-eabi/lib/thumb/v7e-m/fpv4-sp/hard\libc_nano.a(lib_a-nano-vfprintf_i.o)
 .ARM.attributes
                0x000000000000080b       0x34 c:/st/stm32cubeide_1.3.0/stm32cubeide/plugins/com.st.stm32cube.ide.mcu.externaltools.gnu-tools-for-stm32.7-2018-q2-update.win32_1.4.0.202007081208/tools/bin/../lib/gcc/arm-none-eabi/7.3.1/../../../../arm-none-eabi/lib/thumb/v7e-m/fpv4-sp/hard\libc_nano.a(lib_a-sbrkr.o)
 .ARM.attributes
                0x000000000000083f       0x20 c:/st/stm32cubeide_1.3.0/stm32cubeide/plugins/com.st.stm32cube.ide.mcu.externaltools.gnu-tools-for-stm32.7-2018-q2-update.win32_1.4.0.202007081208/tools/bin/../lib/gcc/arm-none-eabi/7.3.1/../../../../arm-none-eabi/lib/thumb/v7e-m/fpv4-sp/hard\libc_nano.a(lib_a-memchr.o)
 .ARM.attributes
                0x000000000000085f       0x34 c:/st/stm32cubeide_1.3.0/stm32cubeide/plugins/com.st.stm32cube.ide.mcu.externaltools.gnu-tools-for-stm32.7-2018-q2-update.win32_1.4.0.202007081208/tools/bin/../lib/gcc/arm-none-eabi/7.3.1/../../../../arm-none-eabi/lib/thumb/v7e-m/fpv4-sp/hard\libc_nano.a(lib_a-memcpy-stub.o)
 .ARM.attributes
                0x0000000000000893       0x34 c:/st/stm32cubeide_1.3.0/stm32cubeide/plugins/com.st.stm32cube.ide.mcu.externaltools.gnu-tools-for-stm32.7-2018-q2-update.win32_1.4.0.202007081208/tools/bin/../lib/gcc/arm-none-eabi/7.3.1/../../../../arm-none-eabi/lib/thumb/v7e-m/fpv4-sp/hard\libc_nano.a(lib_a-memmove.o)
 .ARM.attributes
                0x00000000000008c7       0x34 c:/st/stm32cubeide_1.3.0/stm32cubeide/plugins/com.st.stm32cube.ide.mcu.externaltools.gnu-tools-for-stm32.7-2018-q2-update.win32_1.4.0.202007081208/tools/bin/../lib/gcc/arm-none-eabi/7.3.1/../../../../arm-none-eabi/lib/thumb/v7e-m/fpv4-sp/hard\libc_nano.a(lib_a-mlock.o)
 .ARM.attributes
                0x00000000000008fb       0x34 c:/st/stm32cubeide_1.3.0/stm32cubeide/plugins/com.st.stm32cube.ide.mcu.externaltools.gnu-tools-for-stm32.7-2018-q2-update.win32_1.4.0.202007081208/tools/bin/../lib/gcc/arm-none-eabi/7.3.1/../../../../arm-none-eabi/lib/thumb/v7e-m/fpv4-sp/hard\libc_nano.a(lib_a-nano-reallocr.o)
 .ARM.attributes
                0x000000000000092f       0x34 c:/st/stm32cubeide_1.3.0/stm32cubeide/plugins/com.st.stm32cube.ide.mcu.externaltools.gnu-tools-for-stm32.7-2018-q2-update.win32_1.4.0.202007081208/tools/bin/../lib/gcc/arm-none-eabi/7.3.1/../../../../arm-none-eabi/lib/thumb/v7e-m/fpv4-sp/hard\libc_nano.a(lib_a-reent.o)
 .ARM.attributes
                0x0000000000000963       0x34 c:/st/stm32cubeide_1.3.0/stm32cubeide/plugins/com.st.stm32cube.ide.mcu.externaltools.gnu-tools-for-stm32.7-2018-q2-update.win32_1.4.0.202007081208/tools/bin/../lib/gcc/arm-none-eabi/7.3.1/../../../../arm-none-eabi/lib/thumb/v7e-m/fpv4-sp/hard\libc_nano.a(lib_a-nano-msizer.o)
 .ARM.attributes
                0x0000000000000997       0x34 c:/st/stm32cubeide_1.3.0/stm32cubeide/plugins/com.st.stm32cube.ide.mcu.externaltools.gnu-tools-for-stm32.7-2018-q2-update.win32_1.4.0.202007081208/tools/bin/../lib/gcc/arm-none-eabi/7.3.1/../../../../arm-none-eabi/lib/thumb/v7e-m/fpv4-sp/hard\libm.a(lib_a-s_atan.o)
 .ARM.attributes
                0x00000000000009cb       0x34 c:/st/stm32cubeide_1.3.0/stm32cubeide/plugins/com.st.stm32cube.ide.mcu.externaltools.gnu-tools-for-stm32.7-2018-q2-update.win32_1.4.0.202007081208/tools/bin/../lib/gcc/arm-none-eabi/7.3.1/../../../../arm-none-eabi/lib/thumb/v7e-m/fpv4-sp/hard\libm.a(lib_a-s_fabs.o)
 .ARM.attributes
                0x00000000000009ff       0x34 c:/st/stm32cubeide_1.3.0/stm32cubeide/plugins/com.st.stm32cube.ide.mcu.externaltools.gnu-tools-for-stm32.7-2018-q2-update.win32_1.4.0.202007081208/tools/bin/../lib/gcc/arm-none-eabi/7.3.1/../../../../arm-none-eabi/lib/thumb/v7e-m/fpv4-sp/hard\libm.a(lib_a-w_sqrt.o)
 .ARM.attributes
                0x0000000000000a33       0x34 c:/st/stm32cubeide_1.3.0/stm32cubeide/plugins/com.st.stm32cube.ide.mcu.externaltools.gnu-tools-for-stm32.7-2018-q2-update.win32_1.4.0.202007081208/tools/bin/../lib/gcc/arm-none-eabi/7.3.1/../../../../arm-none-eabi/lib/thumb/v7e-m/fpv4-sp/hard\libm.a(lib_a-e_sqrt.o)
 .ARM.attributes
                0x0000000000000a67       0x34 c:/st/stm32cubeide_1.3.0/stm32cubeide/plugins/com.st.stm32cube.ide.mcu.externaltools.gnu-tools-for-stm32.7-2018-q2-update.win32_1.4.0.202007081208/tools/bin/../lib/gcc/arm-none-eabi/7.3.1/../../../../arm-none-eabi/lib/thumb/v7e-m/fpv4-sp/hard\libm.a(lib_a-s_lib_ver.o)
 .ARM.attributes
                0x0000000000000a9b       0x34 c:/st/stm32cubeide_1.3.0/stm32cubeide/plugins/com.st.stm32cube.ide.mcu.externaltools.gnu-tools-for-stm32.7-2018-q2-update.win32_1.4.0.202007081208/tools/bin/../lib/gcc/arm-none-eabi/7.3.1/../../../../arm-none-eabi/lib/thumb/v7e-m/fpv4-sp/hard\libm.a(lib_a-s_matherr.o)
 .ARM.attributes
                0x0000000000000acf       0x22 c:/st/stm32cubeide_1.3.0/stm32cubeide/plugins/com.st.stm32cube.ide.mcu.externaltools.gnu-tools-for-stm32.7-2018-q2-update.win32_1.4.0.202007081208/tools/bin/../lib/gcc/arm-none-eabi/7.3.1/thumb/v7e-m/fpv4-sp/hard\libgcc.a(_arm_addsubdf3.o)
 .ARM.attributes
                0x0000000000000af1       0x22 c:/st/stm32cubeide_1.3.0/stm32cubeide/plugins/com.st.stm32cube.ide.mcu.externaltools.gnu-tools-for-stm32.7-2018-q2-update.win32_1.4.0.202007081208/tools/bin/../lib/gcc/arm-none-eabi/7.3.1/thumb/v7e-m/fpv4-sp/hard\libgcc.a(_arm_muldivdf3.o)
 .ARM.attributes
                0x0000000000000b13       0x22 c:/st/stm32cubeide_1.3.0/stm32cubeide/plugins/com.st.stm32cube.ide.mcu.externaltools.gnu-tools-for-stm32.7-2018-q2-update.win32_1.4.0.202007081208/tools/bin/../lib/gcc/arm-none-eabi/7.3.1/thumb/v7e-m/fpv4-sp/hard\libgcc.a(_arm_cmpdf2.o)
 .ARM.attributes
                0x0000000000000b35       0x22 c:/st/stm32cubeide_1.3.0/stm32cubeide/plugins/com.st.stm32cube.ide.mcu.externaltools.gnu-tools-for-stm32.7-2018-q2-update.win32_1.4.0.202007081208/tools/bin/../lib/gcc/arm-none-eabi/7.3.1/thumb/v7e-m/fpv4-sp/hard\libgcc.a(_arm_unorddf2.o)
 .ARM.attributes
                0x0000000000000b57       0x22 c:/st/stm32cubeide_1.3.0/stm32cubeide/plugins/com.st.stm32cube.ide.mcu.externaltools.gnu-tools-for-stm32.7-2018-q2-update.win32_1.4.0.202007081208/tools/bin/../lib/gcc/arm-none-eabi/7.3.1/thumb/v7e-m/fpv4-sp/hard\libgcc.a(_arm_truncdfsf2.o)
 .ARM.attributes
                0x0000000000000b79       0x22 c:/st/stm32cubeide_1.3.0/stm32cubeide/plugins/com.st.stm32cube.ide.mcu.externaltools.gnu-tools-for-stm32.7-2018-q2-update.win32_1.4.0.202007081208/tools/bin/../lib/gcc/arm-none-eabi/7.3.1/thumb/v7e-m/fpv4-sp/hard\libgcc.a(_aeabi_uldivmod.o)
 .ARM.attributes
                0x0000000000000b9b       0x34 c:/st/stm32cubeide_1.3.0/stm32cubeide/plugins/com.st.stm32cube.ide.mcu.externaltools.gnu-tools-for-stm32.7-2018-q2-update.win32_1.4.0.202007081208/tools/bin/../lib/gcc/arm-none-eabi/7.3.1/thumb/v7e-m/fpv4-sp/hard\libgcc.a(_udivmoddi4.o)
 .ARM.attributes
                0x0000000000000bcf       0x22 c:/st/stm32cubeide_1.3.0/stm32cubeide/plugins/com.st.stm32cube.ide.mcu.externaltools.gnu-tools-for-stm32.7-2018-q2-update.win32_1.4.0.202007081208/tools/bin/../lib/gcc/arm-none-eabi/7.3.1/thumb/v7e-m/fpv4-sp/hard\libgcc.a(_dvmd_tls.o)
 .ARM.attributes
                0x0000000000000bf1       0x22 c:/st/stm32cubeide_1.3.0/stm32cubeide/plugins/com.st.stm32cube.ide.mcu.externaltools.gnu-tools-for-stm32.7-2018-q2-update.win32_1.4.0.202007081208/tools/bin/../lib/gcc/arm-none-eabi/7.3.1/thumb/v7e-m/fpv4-sp/hard/crtn.o
OUTPUT(STM32F4_QUADCOPTER.elf elf32-littlearm)

.debug_info     0x0000000000000000    0x210de
 .debug_info    0x0000000000000000     0x195a Core/Src/Accelerometer.o
 .debug_info    0x000000000000195a     0x1936 Core/Src/Analytics.o
 .debug_info    0x0000000000003290     0x17df Core/Src/Angular_Position.o
 .debug_info    0x0000000000004a6f     0x1893 Core/Src/Delay.o
 .debug_info    0x0000000000006302     0x1930 Core/Src/Gyroscope.o
 .debug_info    0x0000000000007c32     0x18aa Core/Src/On_Board_Leds.o
 .debug_info    0x00000000000094dc     0x18b4 Core/Src/PID.o
 .debug_info    0x000000000000ad90     0x18ba Core/Src/Panic.o
 .debug_info    0x000000000000c64a     0x19f3 Core/Src/Pwm.o
 .debug_info    0x000000000000e03d     0x1897 Core/Src/Remote_Controls.o
 .debug_info    0x000000000000f8d4     0x1914 Core/Src/Ring_Buffer.o
 .debug_info    0x00000000000111e8     0x23b2 Core/Src/main.o
 .debug_info    0x000000000001359a     0x1fb9 Core/Src/stm32f4xx_hal_msp.o
 .debug_info    0x0000000000015553     0x18d2 Core/Src/stm32f4xx_it.o
 .debug_info    0x0000000000016e25      0x91c Core/Src/sysmem.o
 .debug_info    0x0000000000017741      0x554 Core/Src/system_stm32f4xx.o
 .debug_info    0x0000000000017c95       0x22 Core/Startup/startup_stm32f407vgtx.o
 .debug_info    0x0000000000017cb7      0x945 Drivers/STM32F4xx_HAL_Driver/Src/stm32f4xx_hal.o
 .debug_info    0x00000000000185fc      0xe28 Drivers/STM32F4xx_HAL_Driver/Src/stm32f4xx_hal_cortex.o
 .debug_info    0x0000000000019424      0x7b5 Drivers/STM32F4xx_HAL_Driver/Src/stm32f4xx_hal_gpio.o
 .debug_info    0x0000000000019bd9     0x23b5 Drivers/STM32F4xx_HAL_Driver/Src/stm32f4xx_hal_i2c.o
 .debug_info    0x000000000001bf8e      0x904 Drivers/STM32F4xx_HAL_Driver/Src/stm32f4xx_hal_rcc.o
 .debug_info    0x000000000001c892     0x24a9 Drivers/STM32F4xx_HAL_Driver/Src/stm32f4xx_hal_tim.o
 .debug_info    0x000000000001ed3b     0x1157 Drivers/STM32F4xx_HAL_Driver/Src/stm32f4xx_hal_tim_ex.o
 .debug_info    0x000000000001fe92     0x124c Drivers/STM32F4xx_HAL_Driver/Src/stm32f4xx_hal_uart.o

.debug_abbrev   0x0000000000000000     0x3586
 .debug_abbrev  0x0000000000000000      0x25a Core/Src/Accelerometer.o
 .debug_abbrev  0x000000000000025a      0x23d Core/Src/Analytics.o
 .debug_abbrev  0x0000000000000497      0x20e Core/Src/Angular_Position.o
 .debug_abbrev  0x00000000000006a5      0x260 Core/Src/Delay.o
 .debug_abbrev  0x0000000000000905      0x25a Core/Src/Gyroscope.o
 .debug_abbrev  0x0000000000000b5f      0x21f Core/Src/On_Board_Leds.o
 .debug_abbrev  0x0000000000000d7e      0x26c Core/Src/PID.o
 .debug_abbrev  0x0000000000000fea      0x242 Core/Src/Panic.o
 .debug_abbrev  0x000000000000122c      0x28a Core/Src/Pwm.o
 .debug_abbrev  0x00000000000014b6      0x253 Core/Src/Remote_Controls.o
 .debug_abbrev  0x0000000000001709      0x266 Core/Src/Ring_Buffer.o
 .debug_abbrev  0x000000000000196f      0x2cc Core/Src/main.o
 .debug_abbrev  0x0000000000001c3b      0x27a Core/Src/stm32f4xx_hal_msp.o
 .debug_abbrev  0x0000000000001eb5      0x226 Core/Src/stm32f4xx_it.o
 .debug_abbrev  0x00000000000020db      0x1bb Core/Src/sysmem.o
 .debug_abbrev  0x0000000000002296      0x12b Core/Src/system_stm32f4xx.o
 .debug_abbrev  0x00000000000023c1       0x12 Core/Startup/startup_stm32f407vgtx.o
 .debug_abbrev  0x00000000000023d3      0x1c7 Drivers/STM32F4xx_HAL_Driver/Src/stm32f4xx_hal.o
 .debug_abbrev  0x000000000000259a      0x2fa Drivers/STM32F4xx_HAL_Driver/Src/stm32f4xx_hal_cortex.o
 .debug_abbrev  0x0000000000002894      0x1c9 Drivers/STM32F4xx_HAL_Driver/Src/stm32f4xx_hal_gpio.o
 .debug_abbrev  0x0000000000002a5d      0x254 Drivers/STM32F4xx_HAL_Driver/Src/stm32f4xx_hal_i2c.o
 .debug_abbrev  0x0000000000002cb1      0x245 Drivers/STM32F4xx_HAL_Driver/Src/stm32f4xx_hal_rcc.o
 .debug_abbrev  0x0000000000002ef6      0x230 Drivers/STM32F4xx_HAL_Driver/Src/stm32f4xx_hal_tim.o
 .debug_abbrev  0x0000000000003126      0x21e Drivers/STM32F4xx_HAL_Driver/Src/stm32f4xx_hal_tim_ex.o
 .debug_abbrev  0x0000000000003344      0x242 Drivers/STM32F4xx_HAL_Driver/Src/stm32f4xx_hal_uart.o

.debug_aranges  0x0000000000000000     0x1128
 .debug_aranges
                0x0000000000000000       0x38 Core/Src/Accelerometer.o
 .debug_aranges
                0x0000000000000038       0x70 Core/Src/Analytics.o
 .debug_aranges
                0x00000000000000a8       0x30 Core/Src/Angular_Position.o
 .debug_aranges
                0x00000000000000d8       0x40 Core/Src/Delay.o
 .debug_aranges
                0x0000000000000118       0x38 Core/Src/Gyroscope.o
 .debug_aranges
                0x0000000000000150       0x28 Core/Src/On_Board_Leds.o
 .debug_aranges
                0x0000000000000178       0x28 Core/Src/PID.o
 .debug_aranges
                0x00000000000001a0       0x48 Core/Src/Panic.o
 .debug_aranges
                0x00000000000001e8       0x88 Core/Src/Pwm.o
 .debug_aranges
                0x0000000000000270       0x48 Core/Src/Remote_Controls.o
 .debug_aranges
                0x00000000000002b8       0x50 Core/Src/Ring_Buffer.o
 .debug_aranges
                0x0000000000000308       0x88 Core/Src/main.o
 .debug_aranges
                0x0000000000000390       0x58 Core/Src/stm32f4xx_hal_msp.o
 .debug_aranges
                0x00000000000003e8       0x88 Core/Src/stm32f4xx_it.o
 .debug_aranges
                0x0000000000000470       0x20 Core/Src/sysmem.o
 .debug_aranges
                0x0000000000000490       0x28 Core/Src/system_stm32f4xx.o
 .debug_aranges
                0x00000000000004b8       0x28 Core/Startup/startup_stm32f407vgtx.o
 .debug_aranges
                0x00000000000004e0       0xf0 Drivers/STM32F4xx_HAL_Driver/Src/stm32f4xx_hal.o
 .debug_aranges
                0x00000000000005d0      0x118 Drivers/STM32F4xx_HAL_Driver/Src/stm32f4xx_hal_cortex.o
 .debug_aranges
                0x00000000000006e8       0x58 Drivers/STM32F4xx_HAL_Driver/Src/stm32f4xx_hal_gpio.o
 .debug_aranges
                0x0000000000000740      0x298 Drivers/STM32F4xx_HAL_Driver/Src/stm32f4xx_hal_i2c.o
 .debug_aranges
                0x00000000000009d8       0x88 Drivers/STM32F4xx_HAL_Driver/Src/stm32f4xx_hal_rcc.o
 .debug_aranges
                0x0000000000000a60      0x3a8 Drivers/STM32F4xx_HAL_Driver/Src/stm32f4xx_hal_tim.o
 .debug_aranges
                0x0000000000000e08      0x150 Drivers/STM32F4xx_HAL_Driver/Src/stm32f4xx_hal_tim_ex.o
 .debug_aranges
                0x0000000000000f58      0x1d0 Drivers/STM32F4xx_HAL_Driver/Src/stm32f4xx_hal_uart.o

.debug_ranges   0x0000000000000000      0xfc0
 .debug_ranges  0x0000000000000000       0x28 Core/Src/Accelerometer.o
 .debug_ranges  0x0000000000000028       0x60 Core/Src/Analytics.o
 .debug_ranges  0x0000000000000088       0x20 Core/Src/Angular_Position.o
 .debug_ranges  0x00000000000000a8       0x30 Core/Src/Delay.o
 .debug_ranges  0x00000000000000d8       0x28 Core/Src/Gyroscope.o
 .debug_ranges  0x0000000000000100       0x18 Core/Src/On_Board_Leds.o
 .debug_ranges  0x0000000000000118       0x18 Core/Src/PID.o
 .debug_ranges  0x0000000000000130       0x38 Core/Src/Panic.o
 .debug_ranges  0x0000000000000168       0x78 Core/Src/Pwm.o
 .debug_ranges  0x00000000000001e0       0x38 Core/Src/Remote_Controls.o
 .debug_ranges  0x0000000000000218       0x40 Core/Src/Ring_Buffer.o
 .debug_ranges  0x0000000000000258       0x78 Core/Src/main.o
 .debug_ranges  0x00000000000002d0       0x48 Core/Src/stm32f4xx_hal_msp.o
 .debug_ranges  0x0000000000000318       0x78 Core/Src/stm32f4xx_it.o
 .debug_ranges  0x0000000000000390       0x10 Core/Src/sysmem.o
 .debug_ranges  0x00000000000003a0       0x18 Core/Src/system_stm32f4xx.o
 .debug_ranges  0x00000000000003b8       0x20 Core/Startup/startup_stm32f407vgtx.o
 .debug_ranges  0x00000000000003d8       0xe0 Drivers/STM32F4xx_HAL_Driver/Src/stm32f4xx_hal.o
 .debug_ranges  0x00000000000004b8      0x108 Drivers/STM32F4xx_HAL_Driver/Src/stm32f4xx_hal_cortex.o
 .debug_ranges  0x00000000000005c0       0x48 Drivers/STM32F4xx_HAL_Driver/Src/stm32f4xx_hal_gpio.o
 .debug_ranges  0x0000000000000608      0x2a8 Drivers/STM32F4xx_HAL_Driver/Src/stm32f4xx_hal_i2c.o
 .debug_ranges  0x00000000000008b0       0x78 Drivers/STM32F4xx_HAL_Driver/Src/stm32f4xx_hal_rcc.o
 .debug_ranges  0x0000000000000928      0x398 Drivers/STM32F4xx_HAL_Driver/Src/stm32f4xx_hal_tim.o
 .debug_ranges  0x0000000000000cc0      0x140 Drivers/STM32F4xx_HAL_Driver/Src/stm32f4xx_hal_tim_ex.o
 .debug_ranges  0x0000000000000e00      0x1c0 Drivers/STM32F4xx_HAL_Driver/Src/stm32f4xx_hal_uart.o

.debug_macro    0x0000000000000000    0x246b1
 .debug_macro   0x0000000000000000      0x2ea Core/Src/Accelerometer.o
 .debug_macro   0x00000000000002ea      0xa5a Core/Src/Accelerometer.o
 .debug_macro   0x0000000000000d44      0x29a Core/Src/Accelerometer.o
 .debug_macro   0x0000000000000fde       0x2e Core/Src/Accelerometer.o
 .debug_macro   0x000000000000100c       0x2f Core/Src/Accelerometer.o
 .debug_macro   0x000000000000103b       0x22 Core/Src/Accelerometer.o
 .debug_macro   0x000000000000105d       0x8e Core/Src/Accelerometer.o
 .debug_macro   0x00000000000010eb       0x51 Core/Src/Accelerometer.o
 .debug_macro   0x000000000000113c       0xef Core/Src/Accelerometer.o
 .debug_macro   0x000000000000122b       0x6a Core/Src/Accelerometer.o
 .debug_macro   0x0000000000001295      0x1df Core/Src/Accelerometer.o
 .debug_macro   0x0000000000001474       0x1c Core/Src/Accelerometer.o
 .debug_macro   0x0000000000001490       0x22 Core/Src/Accelerometer.o
 .debug_macro   0x00000000000014b2       0xdf Core/Src/Accelerometer.o
 .debug_macro   0x0000000000001591     0x102d Core/Src/Accelerometer.o
 .debug_macro   0x00000000000025be      0x11f Core/Src/Accelerometer.o
 .debug_macro   0x00000000000026dd    0x15e3c Core/Src/Accelerometer.o
 .debug_macro   0x0000000000018519       0x43 Core/Src/Accelerometer.o
 .debug_macro   0x000000000001855c     0x3659 Core/Src/Accelerometer.o
 .debug_macro   0x000000000001bbb5      0x174 Core/Src/Accelerometer.o
 .debug_macro   0x000000000001bd29       0x5a Core/Src/Accelerometer.o
 .debug_macro   0x000000000001bd83      0x96b Core/Src/Accelerometer.o
 .debug_macro   0x000000000001c6ee      0x9fe Core/Src/Accelerometer.o
 .debug_macro   0x000000000001d0ec      0x117 Core/Src/Accelerometer.o
 .debug_macro   0x000000000001d203      0x13e Core/Src/Accelerometer.o
 .debug_macro   0x000000000001d341       0x27 Core/Src/Accelerometer.o
 .debug_macro   0x000000000001d368      0x174 Core/Src/Accelerometer.o
 .debug_macro   0x000000000001d4dc      0x287 Core/Src/Accelerometer.o
 .debug_macro   0x000000000001d763       0x5f Core/Src/Accelerometer.o
 .debug_macro   0x000000000001d7c2      0x236 Core/Src/Accelerometer.o
 .debug_macro   0x000000000001d9f8      0x12c Core/Src/Accelerometer.o
 .debug_macro   0x000000000001db24      0x21e Core/Src/Accelerometer.o
 .debug_macro   0x000000000001dd42       0x2e Core/Src/Accelerometer.o
 .debug_macro   0x000000000001dd70      0x1b5 Core/Src/Accelerometer.o
 .debug_macro   0x000000000001df25       0xd6 Core/Src/Accelerometer.o
 .debug_macro   0x000000000001dffb      0x11a Core/Src/Accelerometer.o
 .debug_macro   0x000000000001e115       0x7e Core/Src/Accelerometer.o
 .debug_macro   0x000000000001e193       0x89 Core/Src/Accelerometer.o
 .debug_macro   0x000000000001e21c      0x8a0 Core/Src/Accelerometer.o
 .debug_macro   0x000000000001eabc       0x47 Core/Src/Accelerometer.o
 .debug_macro   0x000000000001eb03      0x287 Core/Src/Accelerometer.o
 .debug_macro   0x000000000001ed8a      0x12d Core/Src/Accelerometer.o