Analytics.c:13:6:InitialiseAnalytics	8	static
Analytics.c:17:6:WriteStringToBuffer	24	static
Analytics.c:25:6:WriteCharacterToBuffer	16	static
Analytics.c:28:9:numDigits	24	static
Analytics.c:38:6:WriteCharacterToBufferNum	128	static
Analytics.c:49:6:RecordWarningMessage	16	static
Analytics.c:56:6:RecordPanicMessage	16	static
Analytics.c:63:6:RecordIntegerMetric	16	static
Analytics.c:85:6:RecordFloatMetric	16	static
Analytics.c:108:6:FlushMetrics	16	static
Analytics.c:119:6:FlushAllMetrics	16	static
