main.c:76:6:HAL_TIM_IC_CaptureCallback	32	static
main.c:134:5:main	24	static
main.c:197:6:SystemClock_Config	88	static
main.c:240:13:MX_I2C1_Init	8	static
main.c:274:13:MX_TIM2_Init	32	static
main.c:319:13:MX_TIM3_Init	64	static
main.c:390:13:MX_TIM4_Init	56	static
main.c:457:13:MX_TIM5_Init	56	static
main.c:524:13:MX_TIM9_Init	48	static
main.c:584:13:MX_TIM12_Init	48	static
main.c:644:13:MX_UART4_Init	8	static
main.c:677:13:MX_GPIO_Init	56	static
main.c:709:6:Error_Handler	4	static
