main.c:94:6:HAL_TIM_IC_CaptureCallback	32	static
main.c:171:5:main	64	static
main.c:264:6:SystemClock_Config	88	static
main.c:307:13:MX_I2C1_Init	8	static
main.c:341:13:MX_TIM2_Init	32	static
main.c:386:13:MX_TIM3_Init	64	static
main.c:457:13:MX_TIM4_Init	56	static
main.c:524:13:MX_TIM5_Init	56	static
main.c:591:13:MX_TIM9_Init	48	static
main.c:651:13:MX_TIM12_Init	48	static
main.c:711:13:MX_UART4_Init	8	static
main.c:744:13:MX_GPIO_Init	56	static
main.c:776:6:Error_Handler	4	static
