Pwm.c:19:6:InitialisePWM	8	static
Pwm.c:51:6:SetTim3Channel1	16	static
Pwm.c:64:6:SetTim3Channel2	16	static
Pwm.c:77:6:SetTim3Channel3	16	static
Pwm.c:90:6:SetTim3Channel4	16	static
Pwm.c:103:6:UpdateTim3Channel1	16	static
Pwm.c:113:6:UpdateTim3Channel2	16	static
Pwm.c:123:6:UpdateTim3Channel3	16	static
Pwm.c:133:6:UpdateTim3Channel4	16	static
Pwm.c:143:7:ReadTim3Channel1Pulse	4	static
Pwm.c:153:7:ReadTim3Channel2Pulse	4	static
Pwm.c:163:7:ReadTim3Channel3Pulse	4	static
Pwm.c:174:7:ReadTim3Channel4Pulse	4	static
Pwm.c:184:11:InitialisePWMChannel	32	static
